Vivado Simulator v2023.1
Copyright 1986-2022 Xilinx, Inc. All Rights Reserved.
Copyright 2022-2023 Advanced Micro Devices, Inc. All Rights Reserved.
Running: /tools/Xilinx/Vivado/2023.1/bin/unwrapped/lnx64.o/xelab --incr --debug typical --relax --mt 8 -L xil_defaultlib -L uvm -L unisims_ver -L unimacro_ver -L secureip -L xpm --snapshot tb_multi_cores_top_behav xil_defaultlib.tb_multi_cores_top xil_defaultlib.glbl -log elaborate.log 
Using 8 slave threads.
Starting static elaboration
Pass Through NonSizing Optimizer
Completed static elaboration
Starting simulation data flow analysis
WARNING: [XSIM 43-4099] "/home/cansu/bf2_hw/bf2_hw.srcs/sources_1/new/multi_pipeline.v" Line 1. Module multi_cores_top_default doesn't have a timescale but at least one module in design has a timescale.
WARNING: [XSIM 43-4099] "/home/cansu/bf2_hw/bf2_hw.srcs/sources_1/new/hash_pipeline.sv" Line 1. Module hash_pipeline(PWD_SIZE=5,EXP_PWD_SIZE=80) doesn't have a timescale but at least one module in design has a timescale.
WARNING: [XSIM 43-4099] "/home/cansu/bf2_hw/bf2_hw.srcs/sources_1/new/pwd_generator.sv" Line 1. Module pwd_generator doesn't have a timescale but at least one module in design has a timescale.
WARNING: [XSIM 43-4099] "/home/cansu/bf2_hw/bf2_hw.srcs/sources_1/new/md4_top.sv" Line 1. Module md4_top_default doesn't have a timescale but at least one module in design has a timescale.
WARNING: [XSIM 43-4099] "/home/cansu/bf2_hw/bf2_hw.srcs/sources_1/new/md4_PE.sv" Line 1. Module md4_PE(PWD_SIZE=5) doesn't have a timescale but at least one module in design has a timescale.
WARNING: [XSIM 43-4099] "/home/cansu/bf2_hw/bf2_hw.srcs/sources_1/new/md4_PE.sv" Line 1. Module md4_PE(PWD_SIZE=5) doesn't have a timescale but at least one module in design has a timescale.
WARNING: [XSIM 43-4099] "/home/cansu/bf2_hw/bf2_hw.srcs/sources_1/new/md4_PE.sv" Line 1. Module md4_PE(PWD_SIZE=5) doesn't have a timescale but at least one module in design has a timescale.
WARNING: [XSIM 43-4099] "/home/cansu/bf2_hw/bf2_hw.srcs/sources_1/new/md4_PE.sv" Line 1. Module md4_PE(PWD_SIZE=5) doesn't have a timescale but at least one module in design has a timescale.
WARNING: [XSIM 43-4099] "/home/cansu/bf2_hw/bf2_hw.srcs/sources_1/new/md4_PE.sv" Line 1. Module md4_PE(PWD_SIZE=5) doesn't have a timescale but at least one module in design has a timescale.
WARNING: [XSIM 43-4099] "/home/cansu/bf2_hw/bf2_hw.srcs/sources_1/new/md4_PE.sv" Line 1. Module md4_PE(PWD_SIZE=5) doesn't have a timescale but at least one module in design has a timescale.
WARNING: [XSIM 43-4099] "/home/cansu/bf2_hw/bf2_hw.srcs/sources_1/new/md4_PE.sv" Line 1. Module md4_PE(PWD_SIZE=5) doesn't have a timescale but at least one module in design has a timescale.
WARNING: [XSIM 43-4099] "/home/cansu/bf2_hw/bf2_hw.srcs/sources_1/new/md4_PE.sv" Line 1. Module md4_PE(PWD_SIZE=5) doesn't have a timescale but at least one module in design has a timescale.
WARNING: [XSIM 43-4099] "/home/cansu/bf2_hw/bf2_hw.srcs/sources_1/new/md4_PE.sv" Line 1. Module md4_PE(PWD_SIZE=5) doesn't have a timescale but at least one module in design has a timescale.
WARNING: [XSIM 43-4099] "/home/cansu/bf2_hw/bf2_hw.srcs/sources_1/new/md4_PE.sv" Line 1. Module md4_PE(PWD_SIZE=5) doesn't have a timescale but at least one module in design has a timescale.
WARNING: [XSIM 43-4099] "/home/cansu/bf2_hw/bf2_hw.srcs/sources_1/new/md4_PE.sv" Line 1. Module md4_PE(PWD_SIZE=5) doesn't have a timescale but at least one module in design has a timescale.
WARNING: [XSIM 43-4099] "/home/cansu/bf2_hw/bf2_hw.srcs/sources_1/new/md4_PE.sv" Line 1. Module md4_PE(PWD_SIZE=5) doesn't have a timescale but at least one module in design has a timescale.
WARNING: [XSIM 43-4099] "/home/cansu/bf2_hw/bf2_hw.srcs/sources_1/new/md4_PE.sv" Line 1. Module md4_PE(PWD_SIZE=5) doesn't have a timescale but at least one module in design has a timescale.
WARNING: [XSIM 43-4099] "/home/cansu/bf2_hw/bf2_hw.srcs/sources_1/new/md4_PE.sv" Line 1. Module md4_PE(PWD_SIZE=5) doesn't have a timescale but at least one module in design has a timescale.
WARNING: [XSIM 43-4099] "/home/cansu/bf2_hw/bf2_hw.srcs/sources_1/new/md4_PE.sv" Line 1. Module md4_PE(PWD_SIZE=5) doesn't have a timescale but at least one module in design has a timescale.
WARNING: [XSIM 43-4099] "/home/cansu/bf2_hw/bf2_hw.srcs/sources_1/new/md4_PE.sv" Line 1. Module md4_PE(PWD_SIZE=5) doesn't have a timescale but at least one module in design has a timescale.
WARNING: [XSIM 43-4099] "/home/cansu/bf2_hw/bf2_hw.srcs/sources_1/new/md4_PE.sv" Line 1. Module md4_PE(PWD_SIZE=5) doesn't have a timescale but at least one module in design has a timescale.
WARNING: [XSIM 43-4099] "/home/cansu/bf2_hw/bf2_hw.srcs/sources_1/new/md4_PE.sv" Line 1. Module md4_PE(PWD_SIZE=5) doesn't have a timescale but at least one module in design has a timescale.
WARNING: [XSIM 43-4099] "/home/cansu/bf2_hw/bf2_hw.srcs/sources_1/new/md4_PE.sv" Line 1. Module md4_PE(PWD_SIZE=5) doesn't have a timescale but at least one module in design has a timescale.
WARNING: [XSIM 43-4099] "/home/cansu/bf2_hw/bf2_hw.srcs/sources_1/new/md4_PE.sv" Line 1. Module md4_PE(PWD_SIZE=5) doesn't have a timescale but at least one module in design has a timescale.
WARNING: [XSIM 43-4099] "/home/cansu/bf2_hw/bf2_hw.srcs/sources_1/new/md4_PE.sv" Line 1. Module md4_PE(PWD_SIZE=5) doesn't have a timescale but at least one module in design has a timescale.
WARNING: [XSIM 43-4099] "/home/cansu/bf2_hw/bf2_hw.srcs/sources_1/new/md4_PE.sv" Line 1. Module md4_PE(PWD_SIZE=5) doesn't have a timescale but at least one module in design has a timescale.
WARNING: [XSIM 43-4099] "/home/cansu/bf2_hw/bf2_hw.srcs/sources_1/new/md4_PE.sv" Line 1. Module md4_PE(PWD_SIZE=5) doesn't have a timescale but at least one module in design has a timescale.
WARNING: [XSIM 43-4099] "/home/cansu/bf2_hw/bf2_hw.srcs/sources_1/new/md4_PE.sv" Line 1. Module md4_PE(PWD_SIZE=5) doesn't have a timescale but at least one module in design has a timescale.
WARNING: [XSIM 43-4099] "/home/cansu/bf2_hw/bf2_hw.srcs/sources_1/new/md4_PE.sv" Line 1. Module md4_PE(PWD_SIZE=5) doesn't have a timescale but at least one module in design has a timescale.
WARNING: [XSIM 43-4099] "/home/cansu/bf2_hw/bf2_hw.srcs/sources_1/new/md4_PE.sv" Line 1. Module md4_PE(PWD_SIZE=5) doesn't have a timescale but at least one module in design has a timescale.
WARNING: [XSIM 43-4099] "/home/cansu/bf2_hw/bf2_hw.srcs/sources_1/new/md4_PE.sv" Line 1. Module md4_PE(PWD_SIZE=5) doesn't have a timescale but at least one module in design has a timescale.
WARNING: [XSIM 43-4099] "/home/cansu/bf2_hw/bf2_hw.srcs/sources_1/new/md4_PE.sv" Line 1. Module md4_PE(PWD_SIZE=5) doesn't have a timescale but at least one module in design has a timescale.
WARNING: [XSIM 43-4099] "/home/cansu/bf2_hw/bf2_hw.srcs/sources_1/new/md4_PE.sv" Line 1. Module md4_PE(PWD_SIZE=5) doesn't have a timescale but at least one module in design has a timescale.
WARNING: [XSIM 43-4099] "/home/cansu/bf2_hw/bf2_hw.srcs/sources_1/new/md4_PE.sv" Line 1. Module md4_PE(PWD_SIZE=5) doesn't have a timescale but at least one module in design has a timescale.
WARNING: [XSIM 43-4099] "/home/cansu/bf2_hw/bf2_hw.srcs/sources_1/new/md4_PE.sv" Line 1. Module md4_PE(PWD_SIZE=5) doesn't have a timescale but at least one module in design has a timescale.
WARNING: [XSIM 43-4099] "/home/cansu/bf2_hw/bf2_hw.srcs/sources_1/new/md4_PE.sv" Line 1. Module md4_PE(PWD_SIZE=5) doesn't have a timescale but at least one module in design has a timescale.
WARNING: [XSIM 43-4099] "/home/cansu/bf2_hw/bf2_hw.srcs/sources_1/new/md4_PE.sv" Line 1. Module md4_PE(PWD_SIZE=5) doesn't have a timescale but at least one module in design has a timescale.
WARNING: [XSIM 43-4099] "/home/cansu/bf2_hw/bf2_hw.srcs/sources_1/new/md4_PE.sv" Line 1. Module md4_PE(PWD_SIZE=5) doesn't have a timescale but at least one module in design has a timescale.
WARNING: [XSIM 43-4099] "/home/cansu/bf2_hw/bf2_hw.srcs/sources_1/new/md4_PE.sv" Line 1. Module md4_PE(PWD_SIZE=5) doesn't have a timescale but at least one module in design has a timescale.
WARNING: [XSIM 43-4099] "/home/cansu/bf2_hw/bf2_hw.srcs/sources_1/new/md4_PE.sv" Line 1. Module md4_PE(PWD_SIZE=5) doesn't have a timescale but at least one module in design has a timescale.
WARNING: [XSIM 43-4099] "/home/cansu/bf2_hw/bf2_hw.srcs/sources_1/new/md4_PE.sv" Line 1. Module md4_PE(PWD_SIZE=5) doesn't have a timescale but at least one module in design has a timescale.
WARNING: [XSIM 43-4099] "/home/cansu/bf2_hw/bf2_hw.srcs/sources_1/new/md4_PE.sv" Line 1. Module md4_PE(PWD_SIZE=5) doesn't have a timescale but at least one module in design has a timescale.
WARNING: [XSIM 43-4099] "/home/cansu/bf2_hw/bf2_hw.srcs/sources_1/new/md4_PE.sv" Line 1. Module md4_PE(PWD_SIZE=5) doesn't have a timescale but at least one module in design has a timescale.
WARNING: [XSIM 43-4099] "/home/cansu/bf2_hw/bf2_hw.srcs/sources_1/new/md4_PE.sv" Line 1. Module md4_PE(PWD_SIZE=5) doesn't have a timescale but at least one module in design has a timescale.
WARNING: [XSIM 43-4099] "/home/cansu/bf2_hw/bf2_hw.srcs/sources_1/new/md4_PE.sv" Line 1. Module md4_PE(PWD_SIZE=5) doesn't have a timescale but at least one module in design has a timescale.
WARNING: [XSIM 43-4099] "/home/cansu/bf2_hw/bf2_hw.srcs/sources_1/new/md4_PE.sv" Line 1. Module md4_PE(PWD_SIZE=5) doesn't have a timescale but at least one module in design has a timescale.
WARNING: [XSIM 43-4099] "/home/cansu/bf2_hw/bf2_hw.srcs/sources_1/new/md4_PE.sv" Line 1. Module md4_PE(PWD_SIZE=5) doesn't have a timescale but at least one module in design has a timescale.
WARNING: [XSIM 43-4099] "/home/cansu/bf2_hw/bf2_hw.srcs/sources_1/new/md4_PE.sv" Line 1. Module md4_PE(PWD_SIZE=5) doesn't have a timescale but at least one module in design has a timescale.
WARNING: [XSIM 43-4099] "/home/cansu/bf2_hw/bf2_hw.srcs/sources_1/new/md4_PE.sv" Line 1. Module md4_PE(PWD_SIZE=5) doesn't have a timescale but at least one module in design has a timescale.
WARNING: [XSIM 43-4099] "/home/cansu/bf2_hw/bf2_hw.srcs/sources_1/new/md4_PE.sv" Line 1. Module md4_PE(PWD_SIZE=5) doesn't have a timescale but at least one module in design has a timescale.
WARNING: [XSIM 43-4099] "/home/cansu/bf2_hw/bf2_hw.srcs/sources_1/new/md4_PE.sv" Line 1. Module md4_PE(PWD_SIZE=5) doesn't have a timescale but at least one module in design has a timescale.
WARNING: [XSIM 43-4099] "/home/cansu/bf2_hw/bf2_hw.srcs/sources_1/new/md4_PE.sv" Line 1. Module md4_PE(PWD_SIZE=5) doesn't have a timescale but at least one module in design has a timescale.
WARNING: [XSIM 43-4099] "/home/cansu/bf2_hw/bf2_hw.srcs/sources_1/new/bloom_bram_lookup.v" Line 1. Module bloom_bram_lookup(BF_BITS=32768) doesn't have a timescale but at least one module in design has a timescale.
WARNING: [XSIM 43-4099] "/home/cansu/bf2_hw/bf2_hw.srcs/sources_1/new/hash_pipeline.sv" Line 1. Module hash_pipeline(PWD_SIZE=5,EXP_PWD_SIZE=80)_2 doesn't have a timescale but at least one module in design has a timescale.
WARNING: [XSIM 43-4099] "/home/cansu/bf2_hw/bf2_hw.srcs/sources_1/new/pwd_generator.sv" Line 1. Module pwd_generator doesn't have a timescale but at least one module in design has a timescale.
WARNING: [XSIM 43-4099] "/home/cansu/bf2_hw/bf2_hw.srcs/sources_1/new/md4_top.sv" Line 1. Module md4_top_default doesn't have a timescale but at least one module in design has a timescale.
WARNING: [XSIM 43-4099] "/home/cansu/bf2_hw/bf2_hw.srcs/sources_1/new/md4_PE.sv" Line 1. Module md4_PE(PWD_SIZE=5) doesn't have a timescale but at least one module in design has a timescale.
WARNING: [XSIM 43-4099] "/home/cansu/bf2_hw/bf2_hw.srcs/sources_1/new/md4_PE.sv" Line 1. Module md4_PE(PWD_SIZE=5) doesn't have a timescale but at least one module in design has a timescale.
WARNING: [XSIM 43-4099] "/home/cansu/bf2_hw/bf2_hw.srcs/sources_1/new/md4_PE.sv" Line 1. Module md4_PE(PWD_SIZE=5) doesn't have a timescale but at least one module in design has a timescale.
WARNING: [XSIM 43-4099] "/home/cansu/bf2_hw/bf2_hw.srcs/sources_1/new/md4_PE.sv" Line 1. Module md4_PE(PWD_SIZE=5) doesn't have a timescale but at least one module in design has a timescale.
WARNING: [XSIM 43-4099] "/home/cansu/bf2_hw/bf2_hw.srcs/sources_1/new/md4_PE.sv" Line 1. Module md4_PE(PWD_SIZE=5) doesn't have a timescale but at least one module in design has a timescale.
WARNING: [XSIM 43-4099] "/home/cansu/bf2_hw/bf2_hw.srcs/sources_1/new/md4_PE.sv" Line 1. Module md4_PE(PWD_SIZE=5) doesn't have a timescale but at least one module in design has a timescale.
WARNING: [XSIM 43-4099] "/home/cansu/bf2_hw/bf2_hw.srcs/sources_1/new/md4_PE.sv" Line 1. Module md4_PE(PWD_SIZE=5) doesn't have a timescale but at least one module in design has a timescale.
WARNING: [XSIM 43-4099] "/home/cansu/bf2_hw/bf2_hw.srcs/sources_1/new/md4_PE.sv" Line 1. Module md4_PE(PWD_SIZE=5) doesn't have a timescale but at least one module in design has a timescale.
WARNING: [XSIM 43-4099] "/home/cansu/bf2_hw/bf2_hw.srcs/sources_1/new/md4_PE.sv" Line 1. Module md4_PE(PWD_SIZE=5) doesn't have a timescale but at least one module in design has a timescale.
WARNING: [XSIM 43-4099] "/home/cansu/bf2_hw/bf2_hw.srcs/sources_1/new/md4_PE.sv" Line 1. Module md4_PE(PWD_SIZE=5) doesn't have a timescale but at least one module in design has a timescale.
WARNING: [XSIM 43-4099] "/home/cansu/bf2_hw/bf2_hw.srcs/sources_1/new/md4_PE.sv" Line 1. Module md4_PE(PWD_SIZE=5) doesn't have a timescale but at least one module in design has a timescale.
WARNING: [XSIM 43-4099] "/home/cansu/bf2_hw/bf2_hw.srcs/sources_1/new/md4_PE.sv" Line 1. Module md4_PE(PWD_SIZE=5) doesn't have a timescale but at least one module in design has a timescale.
WARNING: [XSIM 43-4099] "/home/cansu/bf2_hw/bf2_hw.srcs/sources_1/new/md4_PE.sv" Line 1. Module md4_PE(PWD_SIZE=5) doesn't have a timescale but at least one module in design has a timescale.
WARNING: [XSIM 43-4099] "/home/cansu/bf2_hw/bf2_hw.srcs/sources_1/new/md4_PE.sv" Line 1. Module md4_PE(PWD_SIZE=5) doesn't have a timescale but at least one module in design has a timescale.
WARNING: [XSIM 43-4099] "/home/cansu/bf2_hw/bf2_hw.srcs/sources_1/new/md4_PE.sv" Line 1. Module md4_PE(PWD_SIZE=5) doesn't have a timescale but at least one module in design has a timescale.
WARNING: [XSIM 43-4099] "/home/cansu/bf2_hw/bf2_hw.srcs/sources_1/new/md4_PE.sv" Line 1. Module md4_PE(PWD_SIZE=5) doesn't have a timescale but at least one module in design has a timescale.
WARNING: [XSIM 43-4099] "/home/cansu/bf2_hw/bf2_hw.srcs/sources_1/new/md4_PE.sv" Line 1. Module md4_PE(PWD_SIZE=5) doesn't have a timescale but at least one module in design has a timescale.
WARNING: [XSIM 43-4099] "/home/cansu/bf2_hw/bf2_hw.srcs/sources_1/new/md4_PE.sv" Line 1. Module md4_PE(PWD_SIZE=5) doesn't have a timescale but at least one module in design has a timescale.
WARNING: [XSIM 43-4099] "/home/cansu/bf2_hw/bf2_hw.srcs/sources_1/new/md4_PE.sv" Line 1. Module md4_PE(PWD_SIZE=5) doesn't have a timescale but at least one module in design has a timescale.
WARNING: [XSIM 43-4099] "/home/cansu/bf2_hw/bf2_hw.srcs/sources_1/new/md4_PE.sv" Line 1. Module md4_PE(PWD_SIZE=5) doesn't have a timescale but at least one module in design has a timescale.
WARNING: [XSIM 43-4099] "/home/cansu/bf2_hw/bf2_hw.srcs/sources_1/new/md4_PE.sv" Line 1. Module md4_PE(PWD_SIZE=5) doesn't have a timescale but at least one module in design has a timescale.
WARNING: [XSIM 43-4099] "/home/cansu/bf2_hw/bf2_hw.srcs/sources_1/new/md4_PE.sv" Line 1. Module md4_PE(PWD_SIZE=5) doesn't have a timescale but at least one module in design has a timescale.
WARNING: [XSIM 43-4099] "/home/cansu/bf2_hw/bf2_hw.srcs/sources_1/new/md4_PE.sv" Line 1. Module md4_PE(PWD_SIZE=5) doesn't have a timescale but at least one module in design has a timescale.
WARNING: [XSIM 43-4099] "/home/cansu/bf2_hw/bf2_hw.srcs/sources_1/new/md4_PE.sv" Line 1. Module md4_PE(PWD_SIZE=5) doesn't have a timescale but at least one module in design has a timescale.
WARNING: [XSIM 43-4099] "/home/cansu/bf2_hw/bf2_hw.srcs/sources_1/new/md4_PE.sv" Line 1. Module md4_PE(PWD_SIZE=5) doesn't have a timescale but at least one module in design has a timescale.
WARNING: [XSIM 43-4099] "/home/cansu/bf2_hw/bf2_hw.srcs/sources_1/new/md4_PE.sv" Line 1. Module md4_PE(PWD_SIZE=5) doesn't have a timescale but at least one module in design has a timescale.
WARNING: [XSIM 43-4099] "/home/cansu/bf2_hw/bf2_hw.srcs/sources_1/new/md4_PE.sv" Line 1. Module md4_PE(PWD_SIZE=5) doesn't have a timescale but at least one module in design has a timescale.
WARNING: [XSIM 43-4099] "/home/cansu/bf2_hw/bf2_hw.srcs/sources_1/new/md4_PE.sv" Line 1. Module md4_PE(PWD_SIZE=5) doesn't have a timescale but at least one module in design has a timescale.
WARNING: [XSIM 43-4099] "/home/cansu/bf2_hw/bf2_hw.srcs/sources_1/new/md4_PE.sv" Line 1. Module md4_PE(PWD_SIZE=5) doesn't have a timescale but at least one module in design has a timescale.
WARNING: [XSIM 43-4099] "/home/cansu/bf2_hw/bf2_hw.srcs/sources_1/new/md4_PE.sv" Line 1. Module md4_PE(PWD_SIZE=5) doesn't have a timescale but at least one module in design has a timescale.
WARNING: [XSIM 43-4099] "/home/cansu/bf2_hw/bf2_hw.srcs/sources_1/new/md4_PE.sv" Line 1. Module md4_PE(PWD_SIZE=5) doesn't have a timescale but at least one module in design has a timescale.
WARNING: [XSIM 43-4099] "/home/cansu/bf2_hw/bf2_hw.srcs/sources_1/new/md4_PE.sv" Line 1. Module md4_PE(PWD_SIZE=5) doesn't have a timescale but at least one module in design has a timescale.
WARNING: [XSIM 43-4099] "/home/cansu/bf2_hw/bf2_hw.srcs/sources_1/new/md4_PE.sv" Line 1. Module md4_PE(PWD_SIZE=5) doesn't have a timescale but at least one module in design has a timescale.
WARNING: [XSIM 43-4099] "/home/cansu/bf2_hw/bf2_hw.srcs/sources_1/new/md4_PE.sv" Line 1. Module md4_PE(PWD_SIZE=5) doesn't have a timescale but at least one module in design has a timescale.
WARNING: [XSIM 43-4099] "/home/cansu/bf2_hw/bf2_hw.srcs/sources_1/new/md4_PE.sv" Line 1. Module md4_PE(PWD_SIZE=5) doesn't have a timescale but at least one module in design has a timescale.
WARNING: [XSIM 43-4099] "/home/cansu/bf2_hw/bf2_hw.srcs/sources_1/new/md4_PE.sv" Line 1. Module md4_PE(PWD_SIZE=5) doesn't have a timescale but at least one module in design has a timescale.
WARNING: [XSIM 43-4099] "/home/cansu/bf2_hw/bf2_hw.srcs/sources_1/new/md4_PE.sv" Line 1. Module md4_PE(PWD_SIZE=5) doesn't have a timescale but at least one module in design has a timescale.
WARNING: [XSIM 43-4099] "/home/cansu/bf2_hw/bf2_hw.srcs/sources_1/new/md4_PE.sv" Line 1. Module md4_PE(PWD_SIZE=5) doesn't have a timescale but at least one module in design has a timescale.
WARNING: [XSIM 43-4099] "/home/cansu/bf2_hw/bf2_hw.srcs/sources_1/new/md4_PE.sv" Line 1. Module md4_PE(PWD_SIZE=5) doesn't have a timescale but at least one module in design has a timescale.
WARNING: [XSIM 43-4099] "/home/cansu/bf2_hw/bf2_hw.srcs/sources_1/new/md4_PE.sv" Line 1. Module md4_PE(PWD_SIZE=5) doesn't have a timescale but at least one module in design has a timescale.
WARNING: [XSIM 43-4099] "/home/cansu/bf2_hw/bf2_hw.srcs/sources_1/new/md4_PE.sv" Line 1. Module md4_PE(PWD_SIZE=5) doesn't have a timescale but at least one module in design has a timescale.
WARNING: [XSIM 43-4099] "/home/cansu/bf2_hw/bf2_hw.srcs/sources_1/new/md4_PE.sv" Line 1. Module md4_PE(PWD_SIZE=5) doesn't have a timescale but at least one module in design has a timescale.
WARNING: [XSIM 43-4099] "/home/cansu/bf2_hw/bf2_hw.srcs/sources_1/new/md4_PE.sv" Line 1. Module md4_PE(PWD_SIZE=5) doesn't have a timescale but at least one module in design has a timescale.
WARNING: [XSIM 43-4099] "/home/cansu/bf2_hw/bf2_hw.srcs/sources_1/new/md4_PE.sv" Line 1. Module md4_PE(PWD_SIZE=5) doesn't have a timescale but at least one module in design has a timescale.
INFO: [Common 17-14] Message 'XSIM 43-4099' appears 100 times and further instances of the messages will be disabled. Use the Tcl command set_msg_config to change the current settings.
Completed simulation data flow analysis
Time Resolution for simulation is 1ps
Compiling module xil_defaultlib.pwd_generator
Compiling module xil_defaultlib.md4_PE(PWD_SIZE=5)
Compiling module xil_defaultlib.md4_top_default
Compiling module xil_defaultlib.hash_pipeline(PWD_SIZE=5,EXP_PWD...
Compiling module xil_defaultlib.bloom_bram_lookup(BF_BITS=32768)
Compiling module xil_defaultlib.hash_pipeline(PWD_SIZE=5,EXP_PWD...
Compiling module xil_defaultlib.multi_cores_top_default
Compiling module xil_defaultlib.tb_multi_cores_top
Compiling module xil_defaultlib.glbl
Built simulation snapshot tb_multi_cores_top_behav
