Time resolution is 1 ps
[0] Loaded bloom_msgs.mem into bloom_msgs[0:2047]
[95000] Reset deasserted
[115000] Starting bloom filter programming...
[195000] Programmed 8/2048 messages
[275000] Programmed 16/2048 messages
[355000] Programmed 24/2048 messages
[435000] Programmed 32/2048 messages
[515000] Programmed 40/2048 messages
[595000] Programmed 48/2048 messages
[675000] Programmed 56/2048 messages
[755000] Programmed 64/2048 messages
[835000] Programmed 72/2048 messages
[915000] Programmed 80/2048 messages
[995000] Programmed 88/2048 messages
[1075000] Programmed 96/2048 messages
[1155000] Programmed 104/2048 messages
[1235000] Programmed 112/2048 messages
[1315000] Programmed 120/2048 messages
[1395000] Programmed 128/2048 messages
[1475000] Programmed 136/2048 messages
[1555000] Programmed 144/2048 messages
[1635000] Programmed 152/2048 messages
[1715000] Programmed 160/2048 messages
[1795000] Programmed 168/2048 messages
[1875000] Programmed 176/2048 messages
[1955000] Programmed 184/2048 messages
[2035000] Programmed 192/2048 messages
[2115000] Programmed 200/2048 messages
[2195000] Programmed 208/2048 messages
[2275000] Programmed 216/2048 messages
[2355000] Programmed 224/2048 messages
[2435000] Programmed 232/2048 messages
[2515000] Programmed 240/2048 messages
[2595000] Programmed 248/2048 messages
[2675000] Programmed 256/2048 messages
[2755000] Programmed 264/2048 messages
[2835000] Programmed 272/2048 messages
[2915000] Programmed 280/2048 messages
[2995000] Programmed 288/2048 messages
[3075000] Programmed 296/2048 messages
[3155000] Programmed 304/2048 messages
[3235000] Programmed 312/2048 messages
[3315000] Programmed 320/2048 messages
[3395000] Programmed 328/2048 messages
[3475000] Programmed 336/2048 messages
[3555000] Programmed 344/2048 messages
[3635000] Programmed 352/2048 messages
[3715000] Programmed 360/2048 messages
[3795000] Programmed 368/2048 messages
[3875000] Programmed 376/2048 messages
[3955000] Programmed 384/2048 messages
[4035000] Programmed 392/2048 messages
[4115000] Programmed 400/2048 messages
[4195000] Programmed 408/2048 messages
[4275000] Programmed 416/2048 messages
[4355000] Programmed 424/2048 messages
[4435000] Programmed 432/2048 messages
[4515000] Programmed 440/2048 messages
[4595000] Programmed 448/2048 messages
[4675000] Programmed 456/2048 messages
[4755000] Programmed 464/2048 messages
[4835000] Programmed 472/2048 messages
[4915000] Programmed 480/2048 messages
[4995000] Programmed 488/2048 messages
[5075000] Programmed 496/2048 messages
[5155000] Programmed 504/2048 messages
[5235000] Programmed 512/2048 messages
[5315000] Programmed 520/2048 messages
[5395000] Programmed 528/2048 messages
[5475000] Programmed 536/2048 messages
[5555000] Programmed 544/2048 messages
[5635000] Programmed 552/2048 messages
[5715000] Programmed 560/2048 messages
[5795000] Programmed 568/2048 messages
[5875000] Programmed 576/2048 messages
[5955000] Programmed 584/2048 messages
[6035000] Programmed 592/2048 messages
[6115000] Programmed 600/2048 messages
[6195000] Programmed 608/2048 messages
[6275000] Programmed 616/2048 messages
[6355000] Programmed 624/2048 messages
[6435000] Programmed 632/2048 messages
[6515000] Programmed 640/2048 messages
[6595000] Programmed 648/2048 messages
[6675000] Programmed 656/2048 messages
[6755000] Programmed 664/2048 messages
[6835000] Programmed 672/2048 messages
[6915000] Programmed 680/2048 messages
[6995000] Programmed 688/2048 messages
[7075000] Programmed 696/2048 messages
[7155000] Programmed 704/2048 messages
[7235000] Programmed 712/2048 messages
[7315000] Programmed 720/2048 messages
[7395000] Programmed 728/2048 messages
[7475000] Programmed 736/2048 messages
[7555000] Programmed 744/2048 messages
[7635000] Programmed 752/2048 messages
[7715000] Programmed 760/2048 messages
[7795000] Programmed 768/2048 messages
[7875000] Programmed 776/2048 messages
[7955000] Programmed 784/2048 messages
[8035000] Programmed 792/2048 messages
[8115000] Programmed 800/2048 messages
[8195000] Programmed 808/2048 messages
[8275000] Programmed 816/2048 messages
[8355000] Programmed 824/2048 messages
[8435000] Programmed 832/2048 messages
[8515000] Programmed 840/2048 messages
[8595000] Programmed 848/2048 messages
[8675000] Programmed 856/2048 messages
[8755000] Programmed 864/2048 messages
[8835000] Programmed 872/2048 messages
[8915000] Programmed 880/2048 messages
[8995000] Programmed 888/2048 messages
[9075000] Programmed 896/2048 messages
[9155000] Programmed 904/2048 messages
[9235000] Programmed 912/2048 messages
[9315000] Programmed 920/2048 messages
[9395000] Programmed 928/2048 messages
[9475000] Programmed 936/2048 messages
[9555000] Programmed 944/2048 messages
[9635000] Programmed 952/2048 messages
[9715000] Programmed 960/2048 messages
[9795000] Programmed 968/2048 messages
[9875000] Programmed 976/2048 messages
[9955000] Programmed 984/2048 messages
[10035000] Programmed 992/2048 messages
[10115000] Programmed 1000/2048 messages
[10195000] Programmed 1008/2048 messages
[10275000] Programmed 1016/2048 messages
[10355000] Programmed 1024/2048 messages
[10435000] Programmed 1032/2048 messages
[10515000] Programmed 1040/2048 messages
[10595000] Programmed 1048/2048 messages
[10675000] Programmed 1056/2048 messages
[10755000] Programmed 1064/2048 messages
[10835000] Programmed 1072/2048 messages
[10915000] Programmed 1080/2048 messages
[10995000] Programmed 1088/2048 messages
[11075000] Programmed 1096/2048 messages
[11155000] Programmed 1104/2048 messages
[11235000] Programmed 1112/2048 messages
[11315000] Programmed 1120/2048 messages
[11395000] Programmed 1128/2048 messages
[11475000] Programmed 1136/2048 messages
[11555000] Programmed 1144/2048 messages
[11635000] Programmed 1152/2048 messages
[11715000] Programmed 1160/2048 messages
[11795000] Programmed 1168/2048 messages
[11875000] Programmed 1176/2048 messages
[11955000] Programmed 1184/2048 messages
[12035000] Programmed 1192/2048 messages
[12115000] Programmed 1200/2048 messages
[12195000] Programmed 1208/2048 messages
[12275000] Programmed 1216/2048 messages
[12355000] Programmed 1224/2048 messages
[12435000] Programmed 1232/2048 messages
[12515000] Programmed 1240/2048 messages
[12595000] Programmed 1248/2048 messages
[12675000] Programmed 1256/2048 messages
[12755000] Programmed 1264/2048 messages
[12835000] Programmed 1272/2048 messages
[12915000] Programmed 1280/2048 messages
[12995000] Programmed 1288/2048 messages
[13075000] Programmed 1296/2048 messages
[13155000] Programmed 1304/2048 messages
[13235000] Programmed 1312/2048 messages
[13315000] Programmed 1320/2048 messages
[13395000] Programmed 1328/2048 messages
[13475000] Programmed 1336/2048 messages
[13555000] Programmed 1344/2048 messages
[13635000] Programmed 1352/2048 messages
[13715000] Programmed 1360/2048 messages
[13795000] Programmed 1368/2048 messages
[13875000] Programmed 1376/2048 messages
[13955000] Programmed 1384/2048 messages
[14035000] Programmed 1392/2048 messages
[14115000] Programmed 1400/2048 messages
[14195000] Programmed 1408/2048 messages
[14275000] Programmed 1416/2048 messages
[14355000] Programmed 1424/2048 messages
[14435000] Programmed 1432/2048 messages
[14515000] Programmed 1440/2048 messages
[14595000] Programmed 1448/2048 messages
[14675000] Programmed 1456/2048 messages
[14755000] Programmed 1464/2048 messages
[14835000] Programmed 1472/2048 messages
[14915000] Programmed 1480/2048 messages
[14995000] Programmed 1488/2048 messages
[15075000] Programmed 1496/2048 messages
[15155000] Programmed 1504/2048 messages
[15235000] Programmed 1512/2048 messages
[15315000] Programmed 1520/2048 messages
[15395000] Programmed 1528/2048 messages
[15475000] Programmed 1536/2048 messages
[15555000] Programmed 1544/2048 messages
[15635000] Programmed 1552/2048 messages
[15715000] Programmed 1560/2048 messages
[15795000] Programmed 1568/2048 messages
[15875000] Programmed 1576/2048 messages
[15955000] Programmed 1584/2048 messages
[16035000] Programmed 1592/2048 messages
[16115000] Programmed 1600/2048 messages
[16195000] Programmed 1608/2048 messages
[16275000] Programmed 1616/2048 messages
[16355000] Programmed 1624/2048 messages
