Copyright 1986-2022 Xilinx, Inc. All Rights Reserved. Copyright 2022-2023 Advanced Micro Devices, Inc. All Rights Reserved.
-----------------------------------------------------------------------------------------------------------------------------------------------------------------------
| Tool Version : Vivado v.2023.1 (lin64) Build 3865809 Sun May  7 15:04:56 MDT 2023
| Date         : Wed Sep 23 17:22:17 2026
| Host         : cansu-pc running 64-bit Ubuntu 20.04.6 LTS
| Command      : report_methodology -file Top_wrapper_methodology_drc_routed.rpt -pb Top_wrapper_methodology_drc_routed.pb -rpx Top_wrapper_methodology_drc_routed.rpx
| Design       : Top_wrapper
| Device       : xc7a200tfbg484-2
| Speed File   : -2
| Design State : Fully Routed
-----------------------------------------------------------------------------------------------------------------------------------------------------------------------

Report Methodology

Table of Contents
-----------------
1. REPORT SUMMARY
2. REPORT DETAILS

1. REPORT SUMMARY
-----------------
            Netlist: netlist
          Floorplan: design_1
      Design limits: <entire design considered>
             Max violations: <unlimited>
             Violations found: 16
+-----------+------------------+------------------------------------------------+------------+
| Rule      | Severity         | Description                                    | Violations |
+-----------+------------------+------------------------------------------------+------------+
| TIMING-3  | Critical Warning | Invalid primary clock on Clock Modifying Block | 1          |
| TIMING-17 | Critical Warning | Non-clocked sequential cell                    | 9          |
| LUTAR-1   | Warning          | LUT drives async reset alert                   | 5          |
| TIMING-18 | Warning          | Missing input or output delay                  | 1          |
+-----------+------------------+------------------------------------------------+------------+

2. REPORT DETAILS
-----------------
TIMING-3#1 Critical Warning
Invalid primary clock on Clock Modifying Block  
A primary clock Top_i/clk_wiz/inst/clk_in1 is created on the output pin or net Top_i/clk_wiz/inst/clk_in1 of a Clock Modifying Block
Related violations: <none>

TIMING-17#1 Critical Warning
Non-clocked sequential cell  
The clock pin Top_i/xdma_0/inst/Top_xdma_0_0_pcie2_to_pcie3_wrapper_i/pcie2_ip_i/inst/inst/gt_top_i/pipe_wrapper_i/pipe_lane[0].pipe_quad.gt_common_enabled.gt_common_int.gt_common_i/qpll_wrapper_i/cpllPDInst/cpllpd_wait_reg[31]_srl32/CLK is not reached by a timing clock
Related violations: <none>

TIMING-17#2 Critical Warning
Non-clocked sequential cell  
The clock pin Top_i/xdma_0/inst/Top_xdma_0_0_pcie2_to_pcie3_wrapper_i/pcie2_ip_i/inst/inst/gt_top_i/pipe_wrapper_i/pipe_lane[0].pipe_quad.gt_common_enabled.gt_common_int.gt_common_i/qpll_wrapper_i/cpllPDInst/cpllpd_wait_reg[63]_srl32/CLK is not reached by a timing clock
Related violations: <none>

TIMING-17#3 Critical Warning
Non-clocked sequential cell  
The clock pin Top_i/xdma_0/inst/Top_xdma_0_0_pcie2_to_pcie3_wrapper_i/pcie2_ip_i/inst/inst/gt_top_i/pipe_wrapper_i/pipe_lane[0].pipe_quad.gt_common_enabled.gt_common_int.gt_common_i/qpll_wrapper_i/cpllPDInst/cpllpd_wait_reg[94]_srl31/CLK is not reached by a timing clock
Related violations: <none>

TIMING-17#4 Critical Warning
Non-clocked sequential cell  
The clock pin Top_i/xdma_0/inst/Top_xdma_0_0_pcie2_to_pcie3_wrapper_i/pcie2_ip_i/inst/inst/gt_top_i/pipe_wrapper_i/pipe_lane[0].pipe_quad.gt_common_enabled.gt_common_int.gt_common_i/qpll_wrapper_i/cpllPDInst/cpllpd_wait_reg[95]/C is not reached by a timing clock
Related violations: <none>

TIMING-17#5 Critical Warning
Non-clocked sequential cell  
The clock pin Top_i/xdma_0/inst/Top_xdma_0_0_pcie2_to_pcie3_wrapper_i/pcie2_ip_i/inst/inst/gt_top_i/pipe_wrapper_i/pipe_lane[0].pipe_quad.gt_common_enabled.gt_common_int.gt_common_i/qpll_wrapper_i/cpllPDInst/cpllreset_wait_reg[126]_srl31/CLK is not reached by a timing clock
Related violations: <none>

TIMING-17#6 Critical Warning
Non-clocked sequential cell  
The clock pin Top_i/xdma_0/inst/Top_xdma_0_0_pcie2_to_pcie3_wrapper_i/pcie2_ip_i/inst/inst/gt_top_i/pipe_wrapper_i/pipe_lane[0].pipe_quad.gt_common_enabled.gt_common_int.gt_common_i/qpll_wrapper_i/cpllPDInst/cpllreset_wait_reg[127]/C is not reached by a timing clock
Related violations: <none>

TIMING-17#7 Critical Warning
Non-clocked sequential cell  
The clock pin Top_i/xdma_0/inst/Top_xdma_0_0_pcie2_to_pcie3_wrapper_i/pcie2_ip_i/inst/inst/gt_top_i/pipe_wrapper_i/pipe_lane[0].pipe_quad.gt_common_enabled.gt_common_int.gt_common_i/qpll_wrapper_i/cpllPDInst/cpllreset_wait_reg[31]_srl32/CLK is not reached by a timing clock
Related violations: <none>

TIMING-17#8 Critical Warning
Non-clocked sequential cell  
The clock pin Top_i/xdma_0/inst/Top_xdma_0_0_pcie2_to_pcie3_wrapper_i/pcie2_ip_i/inst/inst/gt_top_i/pipe_wrapper_i/pipe_lane[0].pipe_quad.gt_common_enabled.gt_common_int.gt_common_i/qpll_wrapper_i/cpllPDInst/cpllreset_wait_reg[63]_srl32/CLK is not reached by a timing clock
Related violations: <none>

TIMING-17#9 Critical Warning
Non-clocked sequential cell  
The clock pin Top_i/xdma_0/inst/Top_xdma_0_0_pcie2_to_pcie3_wrapper_i/pcie2_ip_i/inst/inst/gt_top_i/pipe_wrapper_i/pipe_lane[0].pipe_quad.gt_common_enabled.gt_common_int.gt_common_i/qpll_wrapper_i/cpllPDInst/cpllreset_wait_reg[95]_srl32/CLK is not reached by a timing clock
Related violations: <none>

LUTAR-1#1 Warning
LUT drives async reset alert  
LUT cell Top_i/xdma_0/inst/Top_xdma_0_0_pcie2_to_pcie3_wrapper_i/Top_xdma_0_0_axi_stream_intf_i/Top_xdma_0_0_rx_demux_i/dma_cpl_fifo_inst/U0/inst_fifo_gen/gaxis_fifo.gaxisf.axisf/grf.rf/rstblk/ngwrdrst.grst.g7serrst.gwrrd_rst_sync_stage[3].wrst_inst/ngwrdrst.grst.g7serrst.wr_rst_reg[2]_i_1, with 2 or more inputs, drives asynchronous preset/clear pin(s) Top_i/xdma_0/inst/Top_xdma_0_0_pcie2_to_pcie3_wrapper_i/Top_xdma_0_0_axi_stream_intf_i/Top_xdma_0_0_rx_demux_i/dma_cpl_fifo_inst/U0/inst_fifo_gen/gaxis_fifo.gaxisf.axisf/grf.rf/rstblk/ngwrdrst.grst.g7serrst.wr_rst_reg_reg[0]/PRE,
Top_i/xdma_0/inst/Top_xdma_0_0_pcie2_to_pcie3_wrapper_i/Top_xdma_0_0_axi_stream_intf_i/Top_xdma_0_0_rx_demux_i/dma_cpl_fifo_inst/U0/inst_fifo_gen/gaxis_fifo.gaxisf.axisf/grf.rf/rstblk/ngwrdrst.grst.g7serrst.wr_rst_reg_reg[1]/PRE
Top_i/xdma_0/inst/Top_xdma_0_0_pcie2_to_pcie3_wrapper_i/Top_xdma_0_0_axi_stream_intf_i/Top_xdma_0_0_rx_demux_i/dma_cpl_fifo_inst/U0/inst_fifo_gen/gaxis_fifo.gaxisf.axisf/grf.rf/rstblk/ngwrdrst.grst.g7serrst.wr_rst_reg_reg[2]/PRE. The LUT may glitch and trigger an unexpected reset, even if it is a properly timed path.
Related violations: <none>

LUTAR-1#2 Warning
LUT drives async reset alert  
LUT cell Top_i/xdma_0/inst/Top_xdma_0_0_pcie2_to_pcie3_wrapper_i/Top_xdma_0_0_axi_stream_intf_i/Top_xdma_0_0_rx_demux_i/dma_cpl_fifo_inst/U0/inst_fifo_gen/gaxis_fifo.gaxisf.axisf/grf.rf/rstblk/rd_rst_comb0, with 2 or more inputs, drives asynchronous preset/clear pin(s) Top_i/xdma_0/inst/Top_xdma_0_0_pcie2_to_pcie3_wrapper_i/Top_xdma_0_0_axi_stream_intf_i/Top_xdma_0_0_rx_demux_i/dma_cpl_fifo_inst/U0/inst_fifo_gen/gaxis_fifo.gaxisf.axisf/grf.rf/rstblk/ngwrdrst.grst.g7serrst.rd_rst_reg_reg[0]/PRE,
Top_i/xdma_0/inst/Top_xdma_0_0_pcie2_to_pcie3_wrapper_i/Top_xdma_0_0_axi_stream_intf_i/Top_xdma_0_0_rx_demux_i/dma_cpl_fifo_inst/U0/inst_fifo_gen/gaxis_fifo.gaxisf.axisf/grf.rf/rstblk/ngwrdrst.grst.g7serrst.rd_rst_reg_reg[1]/PRE
Top_i/xdma_0/inst/Top_xdma_0_0_pcie2_to_pcie3_wrapper_i/Top_xdma_0_0_axi_stream_intf_i/Top_xdma_0_0_rx_demux_i/dma_cpl_fifo_inst/U0/inst_fifo_gen/gaxis_fifo.gaxisf.axisf/grf.rf/rstblk/ngwrdrst.grst.g7serrst.rd_rst_reg_reg[2]/PRE. The LUT may glitch and trigger an unexpected reset, even if it is a properly timed path.
Related violations: <none>

LUTAR-1#3 Warning
LUT drives async reset alert  
LUT cell Top_i/xdma_0/inst/Top_xdma_0_0_pcie2_to_pcie3_wrapper_i/Top_xdma_0_0_axi_stream_intf_i/Top_xdma_0_0_rx_demux_i/tgt_brdg_fifo_inst/U0/inst_fifo_gen/gaxis_fifo.gaxisf.axisf/grf.rf/rstblk/ngwrdrst.grst.g7serrst.gwrrd_rst_sync_stage[2].rrst_inst/ngwrdrst.grst.g7serrst.rd_rst_reg[2]_i_1, with 2 or more inputs, drives asynchronous preset/clear pin(s) Top_i/xdma_0/inst/Top_xdma_0_0_pcie2_to_pcie3_wrapper_i/Top_xdma_0_0_axi_stream_intf_i/Top_xdma_0_0_rx_demux_i/tgt_brdg_fifo_inst/U0/inst_fifo_gen/gaxis_fifo.gaxisf.axisf/grf.rf/rstblk/ngwrdrst.grst.g7serrst.rd_rst_reg_reg[0]/PRE,
Top_i/xdma_0/inst/Top_xdma_0_0_pcie2_to_pcie3_wrapper_i/Top_xdma_0_0_axi_stream_intf_i/Top_xdma_0_0_rx_demux_i/tgt_brdg_fifo_inst/U0/inst_fifo_gen/gaxis_fifo.gaxisf.axisf/grf.rf/rstblk/ngwrdrst.grst.g7serrst.rd_rst_reg_reg[1]/PRE
Top_i/xdma_0/inst/Top_xdma_0_0_pcie2_to_pcie3_wrapper_i/Top_xdma_0_0_axi_stream_intf_i/Top_xdma_0_0_rx_demux_i/tgt_brdg_fifo_inst/U0/inst_fifo_gen/gaxis_fifo.gaxisf.axisf/grf.rf/rstblk/ngwrdrst.grst.g7serrst.rd_rst_reg_reg[2]/PRE. The LUT may glitch and trigger an unexpected reset, even if it is a properly timed path.
Related violations: <none>

LUTAR-1#4 Warning
LUT drives async reset alert  
LUT cell Top_i/xdma_0/inst/Top_xdma_0_0_pcie2_to_pcie3_wrapper_i/Top_xdma_0_0_axi_stream_intf_i/Top_xdma_0_0_rx_demux_i/tgt_brdg_fifo_inst/U0/inst_fifo_gen/gaxis_fifo.gaxisf.axisf/grf.rf/rstblk/ngwrdrst.grst.g7serrst.gwrrd_rst_sync_stage[2].wrst_inst/ngwrdrst.grst.g7serrst.wr_rst_reg[2]_i_1, with 2 or more inputs, drives asynchronous preset/clear pin(s) Top_i/xdma_0/inst/Top_xdma_0_0_pcie2_to_pcie3_wrapper_i/Top_xdma_0_0_axi_stream_intf_i/Top_xdma_0_0_rx_demux_i/tgt_brdg_fifo_inst/U0/inst_fifo_gen/gaxis_fifo.gaxisf.axisf/grf.rf/rstblk/ngwrdrst.grst.g7serrst.wr_rst_reg_reg[0]/PRE,
Top_i/xdma_0/inst/Top_xdma_0_0_pcie2_to_pcie3_wrapper_i/Top_xdma_0_0_axi_stream_intf_i/Top_xdma_0_0_rx_demux_i/tgt_brdg_fifo_inst/U0/inst_fifo_gen/gaxis_fifo.gaxisf.axisf/grf.rf/rstblk/ngwrdrst.grst.g7serrst.wr_rst_reg_reg[1]/PRE
Top_i/xdma_0/inst/Top_xdma_0_0_pcie2_to_pcie3_wrapper_i/Top_xdma_0_0_axi_stream_intf_i/Top_xdma_0_0_rx_demux_i/tgt_brdg_fifo_inst/U0/inst_fifo_gen/gaxis_fifo.gaxisf.axisf/grf.rf/rstblk/ngwrdrst.grst.g7serrst.wr_rst_reg_reg[2]/PRE. The LUT may glitch and trigger an unexpected reset, even if it is a properly timed path.
Related violations: <none>

LUTAR-1#5 Warning
LUT drives async reset alert  
LUT cell Top_i/xdma_0/inst/Top_xdma_0_0_pcie2_to_pcie3_wrapper_i/pcie2_ip_i/inst/inst/user_reset_out_i_1, with 2 or more inputs, drives asynchronous preset/clear pin(s) Top_i/xdma_0/inst/Top_xdma_0_0_pcie2_to_pcie3_wrapper_i/pcie2_ip_i/inst/inst/user_reset_int_reg/PRE,
Top_i/xdma_0/inst/Top_xdma_0_0_pcie2_to_pcie3_wrapper_i/pcie2_ip_i/inst/inst/user_reset_out_reg/PRE,
Top_i/xdma_0/inst/Top_xdma_0_0_pcie2_to_pcie3_wrapper_i/pcie2_ip_i/inst/inst/user_reset_out_reg_replica/PRE,
Top_i/xdma_0/inst/Top_xdma_0_0_pcie2_to_pcie3_wrapper_i/pcie2_ip_i/inst/inst/user_reset_out_reg_replica_1/PRE,
Top_i/xdma_0/inst/Top_xdma_0_0_pcie2_to_pcie3_wrapper_i/pcie2_ip_i/inst/inst/user_reset_out_reg_replica_2/PRE,
Top_i/xdma_0/inst/Top_xdma_0_0_pcie2_to_pcie3_wrapper_i/pcie2_ip_i/inst/inst/user_reset_out_reg_replica_3/PRE,
Top_i/xdma_0/inst/Top_xdma_0_0_pcie2_to_pcie3_wrapper_i/pcie2_ip_i/inst/inst/user_reset_out_reg_replica_4/PRE,
Top_i/xdma_0/inst/Top_xdma_0_0_pcie2_to_pcie3_wrapper_i/pcie2_ip_i/inst/inst/user_reset_out_reg_replica_5/PRE,
Top_i/xdma_0/inst/Top_xdma_0_0_pcie2_to_pcie3_wrapper_i/pcie2_ip_i/inst/inst/user_reset_out_reg_replica_6/PRE,
Top_i/xdma_0/inst/Top_xdma_0_0_pcie2_to_pcie3_wrapper_i/pcie2_ip_i/inst/inst/user_reset_out_reg_replica_7/PRE,
Top_i/xdma_0/inst/Top_xdma_0_0_pcie2_to_pcie3_wrapper_i/pcie2_ip_i/inst/inst/user_reset_out_reg_replica_8/PRE
Top_i/xdma_0/inst/Top_xdma_0_0_pcie2_to_pcie3_wrapper_i/pcie2_ip_i/inst/inst/user_reset_out_reg_replica_9/PRE. The LUT may glitch and trigger an unexpected reset, even if it is a properly timed path.
Related violations: <none>

TIMING-18#1 Warning
Missing input or output delay  
An output delay is missing on LED_A3[0] relative to the rising and/or falling clock edge(s) of Top_i/clk_wiz/inst/clk_in1.
Related violations: <none>


