Copyright 1986-2022 Xilinx, Inc. All Rights Reserved. Copyright 2022-2023 Advanced Micro Devices, Inc. All Rights Reserved.
---------------------------------------------------------------------------------------------------------------------------------------------
| Tool Version : Vivado v.2023.1 (lin64) Build 3865809 Sun May  7 15:04:56 MDT 2023
| Date         : Wed Jan 14 23:03:19 2026
| Host         : cansu-pc running 64-bit Ubuntu 20.04.6 LTS
| Command      : report_clock_utilization -file Top_wrapper_clock_utilization_routed.rpt
| Design       : Top_wrapper
| Device       : 7a200t-fbg484
| Speed File   : -2  PRODUCTION 1.23 2018-06-13
| Design State : Routed
---------------------------------------------------------------------------------------------------------------------------------------------

Clock Utilization Report

Table of Contents
-----------------
1. Clock Primitive Utilization
2. Global Clock Resources
3. Global Clock Source Details
4. Local Clock Details
5. Clock Regions: Key Resource Utilization
6. Clock Regions : Global Clock Summary
7. Device Cell Placement Summary for Global Clock g0
8. Device Cell Placement Summary for Global Clock g1
9. Device Cell Placement Summary for Global Clock g2
10. Device Cell Placement Summary for Global Clock g3
11. Device Cell Placement Summary for Global Clock g4
12. Device Cell Placement Summary for Global Clock g5
13. Device Cell Placement Summary for Global Clock g6
14. Device Cell Placement Summary for Global Clock g7
15. Device Cell Placement Summary for Global Clock g8
16. Device Cell Placement Summary for Global Clock g9
17. Clock Region Cell Placement per Global Clock: Region X0Y0
18. Clock Region Cell Placement per Global Clock: Region X1Y0
19. Clock Region Cell Placement per Global Clock: Region X0Y1
20. Clock Region Cell Placement per Global Clock: Region X1Y1
21. Clock Region Cell Placement per Global Clock: Region X0Y2
22. Clock Region Cell Placement per Global Clock: Region X1Y2
23. Clock Region Cell Placement per Global Clock: Region X0Y3
24. Clock Region Cell Placement per Global Clock: Region X1Y3
25. Clock Region Cell Placement per Global Clock: Region X0Y4
26. Clock Region Cell Placement per Global Clock: Region X1Y4

1. Clock Primitive Utilization
------------------------------

+----------+------+-----------+-----+--------------+--------+
| Type     | Used | Available | LOC | Clock Region | Pblock |
+----------+------+-----------+-----+--------------+--------+
| BUFGCTRL |   10 |        32 |   0 |            0 |      0 |
| BUFH     |    0 |       120 |   0 |            0 |      0 |
| BUFIO    |    0 |        40 |   0 |            0 |      0 |
| BUFMR    |    0 |        20 |   0 |            0 |      0 |
| BUFR     |    0 |        40 |   0 |            0 |      0 |
| MMCM     |    2 |        10 |   0 |            0 |      0 |
| PLL      |    0 |        10 |   0 |            0 |      0 |
+----------+------+-----------+-----+--------------+--------+


2. Global Clock Resources
-------------------------

+-----------+-----------+-----------------+------------+----------------+--------------+-------------------+-------------+-----------------+--------------+------------------------+-------------------------------------------------------------------------------------------------------------------------------------------------------------+-------------------------------------------------------------------------------------------------------------------------------------------------------------+
| Global Id | Source Id | Driver Type/Pin | Constraint | Site           | Clock Region | Load Clock Region | Clock Loads | Non-Clock Loads | Clock Period | Clock                  | Driver Pin                                                                                                                                                  | Net                                                                                                                                                         |
+-----------+-----------+-----------------+------------+----------------+--------------+-------------------+-------------+-----------------+--------------+------------------------+-------------------------------------------------------------------------------------------------------------------------------------------------------------+-------------------------------------------------------------------------------------------------------------------------------------------------------------+
| g0        | src0      | BUFG/O          | None       | BUFGCTRL_X0Y16 | n/a          |                10 |      116213 |               0 |       10.000 | clk_out1_Top_clk_wiz_1 | Top_i/clk_wiz/inst/clkout1_buf/O                                                                                                                            | Top_i/clk_wiz/inst/clk_out1                                                                                                                                 |
| g1        | src1      | BUFG/O          | None       | BUFGCTRL_X0Y0  | n/a          |                 4 |       16556 |               0 |        8.000 | userclk2               | Top_i/xdma_0/inst/Top_xdma_0_0_pcie2_to_pcie3_wrapper_i/pcie2_ip_i/inst/inst/gt_top_i/pipe_wrapper_i/pipe_clock_int.pipe_clock_i/userclk2_i1.usrclk2_i1/O   | Top_i/xdma_0/inst/Top_xdma_0_0_pcie2_to_pcie3_wrapper_i/pcie2_ip_i/inst/inst/gt_top_i/pipe_wrapper_i/pipe_clock_int.pipe_clock_i/PIPE_USERCLK2              |
| g2        | src2      | BUFGCTRL/O      | None       | BUFGCTRL_X0Y1  | n/a          |                 2 |        1148 |               0 |        4.000 | clk_125mhz_x0y0        | Top_i/xdma_0/inst/Top_xdma_0_0_pcie2_to_pcie3_wrapper_i/pcie2_ip_i/inst/inst/gt_top_i/pipe_wrapper_i/pipe_clock_int.pipe_clock_i/pclk_i1_bufgctrl.pclk_i1/O | Top_i/xdma_0/inst/Top_xdma_0_0_pcie2_to_pcie3_wrapper_i/pcie2_ip_i/inst/inst/gt_top_i/pipe_wrapper_i/pipe_clock_int.pipe_clock_i/pclk_i1_bufgctrl.pclk_i1_0 |
| g2        | src3      | BUFGCTRL/O      | None       | BUFGCTRL_X0Y1  | n/a          |                 2 |        1148 |               0 |        4.000 | clk_250mhz_x0y0        | Top_i/xdma_0/inst/Top_xdma_0_0_pcie2_to_pcie3_wrapper_i/pcie2_ip_i/inst/inst/gt_top_i/pipe_wrapper_i/pipe_clock_int.pipe_clock_i/pclk_i1_bufgctrl.pclk_i1/O | Top_i/xdma_0/inst/Top_xdma_0_0_pcie2_to_pcie3_wrapper_i/pcie2_ip_i/inst/inst/gt_top_i/pipe_wrapper_i/pipe_clock_int.pipe_clock_i/pclk_i1_bufgctrl.pclk_i1_0 |
| g3        | src2      | BUFG/O          | None       | BUFGCTRL_X0Y2  | n/a          |                 2 |         337 |               0 |        8.000 | clk_125mhz_x0y0        | Top_i/xdma_0/inst/Top_xdma_0_0_pcie2_to_pcie3_wrapper_i/pcie2_ip_i/inst/inst/gt_top_i/pipe_wrapper_i/pipe_clock_int.pipe_clock_i/dclk_i_bufg.dclk_i/O       | Top_i/xdma_0/inst/Top_xdma_0_0_pcie2_to_pcie3_wrapper_i/pcie2_ip_i/inst/inst/gt_top_i/pipe_wrapper_i/pipe_clock_int.pipe_clock_i/CLK                        |
| g4        | src4      | BUFG/O          | None       | BUFGCTRL_X0Y17 | n/a          |                 1 |           9 |               0 |              |                        | Top_i/xdma_0/inst/Top_xdma_0_0_pcie2_to_pcie3_wrapper_i/pcie2_ip_i/inst/inst/gt_top_i/pipe_wrapper_i/cpllpd_refclk_inst/O                                   | Top_i/xdma_0/inst/Top_xdma_0_0_pcie2_to_pcie3_wrapper_i/pcie2_ip_i/inst/inst/gt_top_i/pipe_wrapper_i/gt_cpllpdrefclk                                        |
| g5        | src5      | BUFG/O          | None       | BUFGCTRL_X0Y3  | n/a          |                 1 |           9 |               0 |        4.000 | userclk1               | Top_i/xdma_0/inst/Top_xdma_0_0_pcie2_to_pcie3_wrapper_i/pcie2_ip_i/inst/inst/gt_top_i/pipe_wrapper_i/pipe_clock_int.pipe_clock_i/userclk1_i1.usrclk1_i1/O   | Top_i/xdma_0/inst/Top_xdma_0_0_pcie2_to_pcie3_wrapper_i/pcie2_ip_i/inst/inst/gt_top_i/pipe_wrapper_i/pipe_clock_int.pipe_clock_i/PIPE_USERCLK1              |
| g6        | src6      | BUFG/O          | None       | BUFGCTRL_X0Y18 | n/a          |                 1 |           1 |               0 |       10.000 | clkfbout_Top_clk_wiz_1 | Top_i/clk_wiz/inst/clkf_buf/O                                                                                                                               | Top_i/clk_wiz/inst/clkfbout_buf_Top_clk_wiz_1                                                                                                               |
| g7        | src7      | BUFG/O          | None       | BUFGCTRL_X0Y19 | n/a          |                 1 |           1 |               0 |       10.000 | txoutclk_x0y0          | Top_i/xdma_0/inst/Top_xdma_0_0_pcie2_to_pcie3_wrapper_i/pcie2_ip_i/inst/inst/gt_top_i/pipe_wrapper_i/pipe_clock_int.pipe_clock_i/txoutclk_i.txoutclk_i/O    | Top_i/xdma_0/inst/Top_xdma_0_0_pcie2_to_pcie3_wrapper_i/pcie2_ip_i/inst/inst/gt_top_i/pipe_wrapper_i/pipe_clock_int.pipe_clock_i/refclk                     |
| g8        | src8      | BUFG/O          | None       | BUFGCTRL_X0Y4  | n/a          |                 9 |           0 |          110450 |          n/a | n/a                    | Top_i/multi_cores_top_0/inst/hash_pipeline_0/md4_inst/pe_gen[19].pe_inst/rst_n_0_BUFG_inst/O                                                                | Top_i/multi_cores_top_0/inst/hash_pipeline_0/md4_inst/pe_gen[19].pe_inst/rst_n_0_BUFG                                                                       |
| g9        | src9      | BUFG/O          | None       | BUFGCTRL_X0Y5  | n/a          |                 9 |           0 |          106834 |          n/a | n/a                    | Top_i/multi_cores_top_0/inst/hash_pipeline_0/md4_inst/pe_gen[47].pe_inst/prog_done_o_reg_BUFG_inst/O                                                        | Top_i/multi_cores_top_0/inst/hash_pipeline_0/md4_inst/pe_gen[47].pe_inst/prog_done_o_reg_BUFG                                                               |
+-----------+-----------+-----------------+------------+----------------+--------------+-------------------+-------------+-----------------+--------------+------------------------+-------------------------------------------------------------------------------------------------------------------------------------------------------------+-------------------------------------------------------------------------------------------------------------------------------------------------------------+
* Clock Loads column represents cell count of net connects that connect to a clock pin. Internal cell leaf pins are not considered
** Non-Clock Loads column represents cell count of non-clock pin loads


3. Global Clock Source Details
------------------------------

+-----------+-----------+------------------------+--------------------+--------------------+--------------+-------------+-----------------+---------------------+------------------------+---------------------------------------------------------------------------------------------------------------------------------------------------------------------+--------------------------------------------------------------------------------------------------------------------------------------------------------------+
| Source Id | Global Id | Driver Type/Pin        | Constraint         | Site               | Clock Region | Clock Loads | Non-Clock Loads | Source Clock Period | Source Clock           | Driver Pin                                                                                                                                                          | Net                                                                                                                                                          |
+-----------+-----------+------------------------+--------------------+--------------------+--------------+-------------+-----------------+---------------------+------------------------+---------------------------------------------------------------------------------------------------------------------------------------------------------------------+--------------------------------------------------------------------------------------------------------------------------------------------------------------+
| src0      | g0        | MMCME2_ADV/CLKOUT0     | None               | MMCME2_ADV_X0Y4    | X0Y4         |           1 |               0 |              10.000 | clk_out1_Top_clk_wiz_1 | Top_i/clk_wiz/inst/mmcm_adv_inst/CLKOUT0                                                                                                                            | Top_i/clk_wiz/inst/clk_out1_Top_clk_wiz_1                                                                                                                    |
| src1      | g1        | MMCME2_ADV/CLKOUT3     | None               | MMCME2_ADV_X0Y2    | X0Y2         |           1 |               0 |               8.000 | userclk2               | Top_i/xdma_0/inst/Top_xdma_0_0_pcie2_to_pcie3_wrapper_i/pcie2_ip_i/inst/inst/gt_top_i/pipe_wrapper_i/pipe_clock_int.pipe_clock_i/mmcm_i/CLKOUT3                     | Top_i/xdma_0/inst/Top_xdma_0_0_pcie2_to_pcie3_wrapper_i/pcie2_ip_i/inst/inst/gt_top_i/pipe_wrapper_i/pipe_clock_int.pipe_clock_i/userclk2                    |
| src2      | g2        | MMCME2_ADV/CLKOUT0     | None               | MMCME2_ADV_X0Y2    | X0Y2         |           2 |               0 |               8.000 | clk_125mhz_x0y0        | Top_i/xdma_0/inst/Top_xdma_0_0_pcie2_to_pcie3_wrapper_i/pcie2_ip_i/inst/inst/gt_top_i/pipe_wrapper_i/pipe_clock_int.pipe_clock_i/mmcm_i/CLKOUT0                     | Top_i/xdma_0/inst/Top_xdma_0_0_pcie2_to_pcie3_wrapper_i/pcie2_ip_i/inst/inst/gt_top_i/pipe_wrapper_i/pipe_clock_int.pipe_clock_i/clk_125mhz                  |
| src2      | g3        | MMCME2_ADV/CLKOUT0     | None               | MMCME2_ADV_X0Y2    | X0Y2         |           2 |               0 |               8.000 | clk_125mhz_x0y0        | Top_i/xdma_0/inst/Top_xdma_0_0_pcie2_to_pcie3_wrapper_i/pcie2_ip_i/inst/inst/gt_top_i/pipe_wrapper_i/pipe_clock_int.pipe_clock_i/mmcm_i/CLKOUT0                     | Top_i/xdma_0/inst/Top_xdma_0_0_pcie2_to_pcie3_wrapper_i/pcie2_ip_i/inst/inst/gt_top_i/pipe_wrapper_i/pipe_clock_int.pipe_clock_i/clk_125mhz                  |
| src3      | g2        | MMCME2_ADV/CLKOUT1     | None               | MMCME2_ADV_X0Y2    | X0Y2         |           0 |               0 |               4.000 | clk_250mhz_x0y0        | Top_i/xdma_0/inst/Top_xdma_0_0_pcie2_to_pcie3_wrapper_i/pcie2_ip_i/inst/inst/gt_top_i/pipe_wrapper_i/pipe_clock_int.pipe_clock_i/mmcm_i/CLKOUT1                     | Top_i/xdma_0/inst/Top_xdma_0_0_pcie2_to_pcie3_wrapper_i/pcie2_ip_i/inst/inst/gt_top_i/pipe_wrapper_i/pipe_clock_int.pipe_clock_i/clk_250mhz                  |
| src4      | g4        | IBUFDS_GTE2/O          | IBUFDS_GTE2_X0Y2   | IBUFDS_GTE2_X0Y2   | X0Y4         |           3 |               0 |                     |                        | Top_i/util_ds_buf/U0/USE_IBUFDS_GTE2.GEN_IBUFDS_GTE2[0].IBUFDS_GTE2_I/O                                                                                             | Top_i/util_ds_buf/U0/IBUF_OUT[0]                                                                                                                             |
| src5      | g5        | MMCME2_ADV/CLKOUT2     | None               | MMCME2_ADV_X0Y2    | X0Y2         |           1 |               0 |               4.000 | userclk1               | Top_i/xdma_0/inst/Top_xdma_0_0_pcie2_to_pcie3_wrapper_i/pcie2_ip_i/inst/inst/gt_top_i/pipe_wrapper_i/pipe_clock_int.pipe_clock_i/mmcm_i/CLKOUT2                     | Top_i/xdma_0/inst/Top_xdma_0_0_pcie2_to_pcie3_wrapper_i/pcie2_ip_i/inst/inst/gt_top_i/pipe_wrapper_i/pipe_clock_int.pipe_clock_i/userclk1                    |
| src6      | g6        | MMCME2_ADV/CLKFBOUT    | None               | MMCME2_ADV_X0Y4    | X0Y4         |           1 |               0 |              10.000 | clkfbout_Top_clk_wiz_1 | Top_i/clk_wiz/inst/mmcm_adv_inst/CLKFBOUT                                                                                                                           | Top_i/clk_wiz/inst/clkfbout_Top_clk_wiz_1                                                                                                                    |
| src7      | g7        | GTPE2_CHANNEL/TXOUTCLK | GTPE2_CHANNEL_X0Y6 | GTPE2_CHANNEL_X0Y6 | X0Y4         |           1 |               0 |              10.000 | txoutclk_x0y0          | Top_i/xdma_0/inst/Top_xdma_0_0_pcie2_to_pcie3_wrapper_i/pcie2_ip_i/inst/inst/gt_top_i/pipe_wrapper_i/pipe_lane[0].gt_wrapper_i/gtp_channel.gtpe2_channel_i/TXOUTCLK | Top_i/xdma_0/inst/Top_xdma_0_0_pcie2_to_pcie3_wrapper_i/pcie2_ip_i/inst/inst/gt_top_i/pipe_wrapper_i/pipe_lane[0].gt_wrapper_i/gtp_channel.gtpe2_channel_i_5 |
| src8      | g8        | LUT1/O                 | None               | SLICE_X84Y145      | X1Y2         |           1 |               0 |                     |                        | Top_i/multi_cores_top_0/inst/hash_pipeline_0/md4_inst/pe_gen[19].pe_inst/Top_multi_cores795_LUT1_61/O                                                               | Top_i/multi_cores_top_0/inst/hash_pipeline_0/md4_inst/pe_gen[19].pe_inst/rst_n_0                                                                             |
| src9      | g9        | LUT3/O                 | None               | SLICE_X79Y142      | X0Y2         |           1 |               0 |                     |                        | Top_i/multi_cores_top_0/inst/hash_pipeline_0/md4_inst/pe_gen[47].pe_inst/gen_finish_i_1__0_lopt_replica/O                                                           | Top_i/multi_cores_top_0/inst/hash_pipeline_0/md4_inst/pe_gen[47].pe_inst/O_replN                                                                             |
+-----------+-----------+------------------------+--------------------+--------------------+--------------+-------------+-----------------+---------------------+------------------------+---------------------------------------------------------------------------------------------------------------------------------------------------------------------+--------------------------------------------------------------------------------------------------------------------------------------------------------------+
* Clock Loads column represents cell count of net connects that connect to a clock pin. Internal cell leaf pins are not considered
** Non-Clock Loads column represents cell count of non-clock pin loads


4. Local Clock Details
----------------------

+----------+-------------------------+-------------------+--------------------------------+--------------+-------------+-----------------+--------------+-------+-----------------------------------------------------------------------------------------------------------------------------------------------------------------------------------------------------------------------------+--------------------------------------------------------------------------------------------------------------------------------------------------------------------------------------------------------------------+
| Local Id | Driver Type/Pin         | Constraint        | Site/BEL                       | Clock Region | Clock Loads | Non-Clock Loads | Clock Period | Clock | Driver Pin                                                                                                                                                                                                                  | Net                                                                                                                                                                                                                |
+----------+-------------------------+-------------------+--------------------------------+--------------+-------------+-----------------+--------------+-------+-----------------------------------------------------------------------------------------------------------------------------------------------------------------------------------------------------------------------------+--------------------------------------------------------------------------------------------------------------------------------------------------------------------------------------------------------------------+
| 0        | GTPE2_COMMON/PLL0OUTCLK | GTPE2_COMMON_X0Y1 | GTPE2_COMMON_X0Y1/GTPE2_COMMON | X0Y4         |           4 |               0 |              |       | Top_i/xdma_0/inst/Top_xdma_0_0_pcie2_to_pcie3_wrapper_i/pcie2_ip_i/inst/inst/gt_top_i/pipe_wrapper_i/pipe_lane[0].pipe_quad.gt_common_enabled.gt_common_int.gt_common_i/qpll_wrapper_i/gtp_common.gtpe2_common_i/PLL0OUTCLK | Top_i/xdma_0/inst/Top_xdma_0_0_pcie2_to_pcie3_wrapper_i/pcie2_ip_i/inst/inst/gt_top_i/pipe_wrapper_i/pipe_lane[0].pipe_quad.gt_common_enabled.gt_common_int.gt_common_i/qpll_wrapper_i/gtp_common.gtpe2_common_i_0 |
| 1        | FDRE/Q                  | None              | SLICE_X42Y246/BFF              | X0Y4         |           1 |               0 |              |       | Top_i/xdma_0/inst/Top_xdma_0_0_pcie2_to_pcie3_wrapper_i/pcie2_ip_i/inst/inst/gt_top_i/pipe_wrapper_i/pipe_lane[0].pipe_user_i/oobclk_div.oobclk_reg/Q                                                                       | Top_i/xdma_0/inst/Top_xdma_0_0_pcie2_to_pcie3_wrapper_i/pcie2_ip_i/inst/inst/gt_top_i/pipe_wrapper_i/pipe_lane[0].pipe_user_i/user_oobclk_0                                                                        |
| 2        | FDRE/Q                  | None              | SLICE_X43Y240/BFF              | X0Y4         |           1 |               0 |              |       | Top_i/xdma_0/inst/Top_xdma_0_0_pcie2_to_pcie3_wrapper_i/pcie2_ip_i/inst/inst/gt_top_i/pipe_wrapper_i/pipe_lane[1].pipe_user_i/oobclk_div.oobclk_reg/Q                                                                       | Top_i/xdma_0/inst/Top_xdma_0_0_pcie2_to_pcie3_wrapper_i/pcie2_ip_i/inst/inst/gt_top_i/pipe_wrapper_i/pipe_lane[1].pipe_user_i/user_oobclk_1                                                                        |
| 3        | FDRE/Q                  | None              | SLICE_X45Y241/CFF              | X0Y4         |           1 |               0 |              |       | Top_i/xdma_0/inst/Top_xdma_0_0_pcie2_to_pcie3_wrapper_i/pcie2_ip_i/inst/inst/gt_top_i/pipe_wrapper_i/pipe_lane[2].pipe_user_i/oobclk_div.oobclk_reg/Q                                                                       | Top_i/xdma_0/inst/Top_xdma_0_0_pcie2_to_pcie3_wrapper_i/pcie2_ip_i/inst/inst/gt_top_i/pipe_wrapper_i/pipe_lane[2].pipe_user_i/user_oobclk_2                                                                        |
| 4        | FDRE/Q                  | None              | SLICE_X47Y245/BFF              | X0Y4         |           1 |               0 |              |       | Top_i/xdma_0/inst/Top_xdma_0_0_pcie2_to_pcie3_wrapper_i/pcie2_ip_i/inst/inst/gt_top_i/pipe_wrapper_i/pipe_lane[3].pipe_user_i/oobclk_div.oobclk_reg/Q                                                                       | Top_i/xdma_0/inst/Top_xdma_0_0_pcie2_to_pcie3_wrapper_i/pcie2_ip_i/inst/inst/gt_top_i/pipe_wrapper_i/pipe_lane[3].pipe_user_i/user_oobclk_3                                                                        |
+----------+-------------------------+-------------------+--------------------------------+--------------+-------------+-----------------+--------------+-------+-----------------------------------------------------------------------------------------------------------------------------------------------------------------------------------------------------------------------------+--------------------------------------------------------------------------------------------------------------------------------------------------------------------------------------------------------------------+
* Local Clocks in this context represents only clocks driven by non-global buffers
** Clock Loads column represents cell count of net connects that connect to a clock pin. Internal cell leaf pins are not considered
*** Non-Clock Loads column represents cell count of non-clock pin loads


5. Clock Regions: Key Resource Utilization
------------------------------------------

+-------------------+--------------+--------------+--------------+--------------+--------------+--------------+--------------+--------------+--------------+--------------+---------------+--------------+--------------+--------------+--------------+
|                   | Global Clock |     BUFRs    |    BUFMRs    |    BUFIOs    |     MMCM     |      PLL     |      GT      |      PCI     |    ILOGIC    |    OLOGIC    |       FF      |     LUTM     |    RAMB18    |    RAMB36    |    DSP48E2   |
+-------------------+------+-------+------+-------+------+-------+------+-------+------+-------+------+-------+------+-------+------+-------+------+-------+------+-------+-------+-------+------+-------+------+-------+------+-------+------+-------+
| Clock Region Name | Used | Avail | Used | Avail | Used | Avail | Used | Avail | Used | Avail | Used | Avail | Used | Avail | Used | Avail | Used | Avail | Used | Avail | Used  | Avail | Used | Avail | Used | Avail | Used | Avail | Used | Avail |
+-------------------+------+-------+------+-------+------+-------+------+-------+------+-------+------+-------+------+-------+------+-------+------+-------+------+-------+-------+-------+------+-------+------+-------+------+-------+------+-------+
| X0Y0              |    3 |    12 |    0 |     4 |    0 |     2 |    0 |     4 |    0 |     1 |    0 |     1 |    0 |     4 |    0 |     0 |    0 |    50 |    0 |    50 |  5308 |  2700 | 1603 |   800 |    0 |    60 |   25 |    30 |    0 |    60 |
| X1Y0              |    3 |    12 |    0 |     4 |    0 |     2 |    0 |     4 |    0 |     1 |    0 |     1 |    0 |     4 |    0 |     0 |    0 |    50 |    0 |    50 | 10160 |  2500 | 3424 |   800 |    0 |    40 |    2 |    20 |    0 |    40 |
| X0Y1              |    3 |    12 |    0 |     4 |    0 |     2 |    0 |     4 |    0 |     1 |    0 |     1 |    0 |     0 |    0 |     0 |    0 |    50 |    0 |    50 | 16952 |  4200 | 5803 |  1400 |    0 |   100 |   49 |    50 |    0 |   100 |
| X1Y1              |    3 |    12 |    0 |     4 |    0 |     2 |    0 |     4 |    0 |     1 |    0 |     1 |    0 |     0 |    0 |     0 |    0 |    50 |    0 |    50 | 16858 |  4000 | 5863 |  1400 |    0 |    80 |   31 |    40 |    0 |    80 |
| X0Y2              |    5 |    12 |    0 |     4 |    0 |     2 |    0 |     4 |    1 |     1 |    0 |     1 |    0 |     0 |    0 |     0 |    0 |    50 |    0 |    50 | 16359 |  3600 | 6500 |  1400 |    0 |   100 |   45 |    50 |    0 |   100 |
| X1Y2              |    3 |    12 |    0 |     4 |    0 |     2 |    0 |     4 |    0 |     1 |    0 |     1 |    0 |     0 |    0 |     0 |    0 |    50 |    0 |    50 | 16343 |  4000 | 5838 |  1400 |    0 |    80 |   35 |    40 |    0 |    80 |
| X0Y3              |    6 |    12 |    0 |     4 |    0 |     2 |    0 |     4 |    0 |     1 |    0 |     1 |    0 |     0 |    0 |     0 |    0 |    50 |    0 |    50 | 13733 |  3600 | 4767 |  1400 |    0 |   100 |   38 |    50 |    0 |   100 |
| X1Y3              |    4 |    12 |    0 |     4 |    0 |     2 |    0 |     4 |    0 |     1 |    0 |     1 |    0 |     0 |    0 |     0 |    0 |    50 |    0 |    50 | 17264 |  4000 | 6253 |  1400 |    0 |    80 |   32 |    40 |    0 |    80 |
| X0Y4              |    7 |    12 |    0 |     4 |    0 |     2 |    0 |     4 |    1 |     1 |    0 |     1 |    4 |     4 |    1 |     1 |    0 |    50 |    0 |    50 |  9176 |  2550 | 2592 |   750 |    0 |    50 |   15 |    25 |    0 |    60 |
| X1Y4              |    3 |    12 |    0 |     4 |    0 |     2 |    0 |     4 |    0 |     1 |    0 |     1 |    0 |     4 |    0 |     0 |    0 |    50 |    0 |    50 |  9904 |  2500 | 3243 |   800 |    0 |    40 |    0 |    20 |    0 |    40 |
+-------------------+------+-------+------+-------+------+-------+------+-------+------+-------+------+-------+------+-------+------+-------+------+-------+------+-------+-------+-------+------+-------+------+-------+------+-------+------+-------+
* Global Clock column represents track count; while other columns represents cell counts


6. Clock Regions : Global Clock Summary
---------------------------------------

All Modules
+----+----+----+
|    | X0 | X1 |
+----+----+----+
| Y4 |  0 |  0 |
| Y3 |  0 |  0 |
| Y2 |  0 |  0 |
| Y1 |  0 |  0 |
| Y0 |  0 |  0 |
+----+----+----+


7. Device Cell Placement Summary for Global Clock g0
----------------------------------------------------

+-----------+-----------------+-------------------+------------------------+-------------+---------------+-------------+----------+----------------+----------+-----------------------------+
| Global Id | Driver Type/Pin | Driver Region (D) | Clock                  | Period (ns) | Waveform (ns) | Slice Loads | IO Loads | Clocking Loads | GT Loads | Net                         |
+-----------+-----------------+-------------------+------------------------+-------------+---------------+-------------+----------+----------------+----------+-----------------------------+
| g0        | BUFG/O          | n/a               | clk_out1_Top_clk_wiz_1 |      10.000 | {0.000 5.000} |      116189 |        0 |              0 |        0 | Top_i/clk_wiz/inst/clk_out1 |
+-----------+-----------------+-------------------+------------------------+-------------+---------------+-------------+----------+----------------+----------+-----------------------------+
* Slice Loads column represents load cell count of all cell types other than IO, GT and clock resources
** IO Loads column represents load cell count of IO types
*** Clocking Loads column represents load cell count that are clock resources (global clock buffer, MMCM, PLL, etc)
**** GT Loads column represents load cell count of GT types


+----+--------+--------+-----------------------+
|    | X0     | X1     | HORIZONTAL PROG DELAY |
+----+--------+--------+-----------------------+
| Y4 |     77 |   9973 |                     0 |
| Y3 |   5881 |  17327 |                     0 |
| Y2 |  16382 |  16585 |                     0 |
| Y1 |  17251 |  17061 |                     0 |
| Y0 |   5371 |  10281 |                     0 |
+----+--------+--------+-----------------------+


8. Device Cell Placement Summary for Global Clock g1
----------------------------------------------------

+-----------+-----------------+-------------------+----------+-------------+---------------+-------------+----------+----------------+----------+------------------------------------------------------------------------------------------------------------------------------------------------+
| Global Id | Driver Type/Pin | Driver Region (D) | Clock    | Period (ns) | Waveform (ns) | Slice Loads | IO Loads | Clocking Loads | GT Loads | Net                                                                                                                                            |
+-----------+-----------------+-------------------+----------+-------------+---------------+-------------+----------+----------------+----------+------------------------------------------------------------------------------------------------------------------------------------------------+
| g1        | BUFG/O          | n/a               | userclk2 |       8.000 | {0.000 4.000} |       16063 |        0 |              0 |        0 | Top_i/xdma_0/inst/Top_xdma_0_0_pcie2_to_pcie3_wrapper_i/pcie2_ip_i/inst/inst/gt_top_i/pipe_wrapper_i/pipe_clock_int.pipe_clock_i/PIPE_USERCLK2 |
+-----------+-----------------+-------------------+----------+-------------+---------------+-------------+----------+----------------+----------+------------------------------------------------------------------------------------------------------------------------------------------------+
* Slice Loads column represents load cell count of all cell types other than IO, GT and clock resources
** IO Loads column represents load cell count of IO types
*** Clocking Loads column represents load cell count that are clock resources (global clock buffer, MMCM, PLL, etc)
**** GT Loads column represents load cell count of GT types


+----+-------+------+-----------------------+
|    | X0    | X1   | HORIZONTAL PROG DELAY |
+----+-------+------+-----------------------+
| Y4 |  7726 |    0 |                     0 |
| Y3 |  7854 |  228 |                     0 |
| Y2 |   255 |    0 |                     0 |
| Y1 |     0 |    0 |                     - |
| Y0 |     0 |    0 |                     - |
+----+-------+------+-----------------------+


9. Device Cell Placement Summary for Global Clock g2
----------------------------------------------------

+-----------+-----------------+-------------------+----------+-------------+---------------+-------------+----------+----------------+----------+-------------------------------------------------------------------------------------------------------------------------------------------------------------+
| Global Id | Driver Type/Pin | Driver Region (D) | Clock    | Period (ns) | Waveform (ns) | Slice Loads | IO Loads | Clocking Loads | GT Loads | Net                                                                                                                                                         |
+-----------+-----------------+-------------------+----------+-------------+---------------+-------------+----------+----------------+----------+-------------------------------------------------------------------------------------------------------------------------------------------------------------+
| g2        | BUFGCTRL/O      | n/a               | Multiple |       4.000 | {0.000 2.000} |        1144 |        0 |              0 |        4 | Top_i/xdma_0/inst/Top_xdma_0_0_pcie2_to_pcie3_wrapper_i/pcie2_ip_i/inst/inst/gt_top_i/pipe_wrapper_i/pipe_clock_int.pipe_clock_i/pclk_i1_bufgctrl.pclk_i1_0 |
+-----------+-----------------+-------------------+----------+-------------+---------------+-------------+----------+----------------+----------+-------------------------------------------------------------------------------------------------------------------------------------------------------------+
* Slice Loads column represents load cell count of all cell types other than IO, GT and clock resources
** IO Loads column represents load cell count of IO types
*** Clocking Loads column represents load cell count that are clock resources (global clock buffer, MMCM, PLL, etc)
**** GT Loads column represents load cell count of GT types


+----+-------+----+-----------------------+
|    | X0    | X1 | HORIZONTAL PROG DELAY |
+----+-------+----+-----------------------+
| Y4 |  1070 |  0 |                     0 |
| Y3 |    78 |  0 |                     0 |
| Y2 |     0 |  0 |                     - |
| Y1 |     0 |  0 |                     - |
| Y0 |     0 |  0 |                     - |
+----+-------+----+-----------------------+


10. Device Cell Placement Summary for Global Clock g3
-----------------------------------------------------

+-----------+-----------------+-------------------+-----------------+-------------+---------------+-------------+----------+----------------+----------+--------------------------------------------------------------------------------------------------------------------------------------+
| Global Id | Driver Type/Pin | Driver Region (D) | Clock           | Period (ns) | Waveform (ns) | Slice Loads | IO Loads | Clocking Loads | GT Loads | Net                                                                                                                                  |
+-----------+-----------------+-------------------+-----------------+-------------+---------------+-------------+----------+----------------+----------+--------------------------------------------------------------------------------------------------------------------------------------+
| g3        | BUFG/O          | n/a               | clk_125mhz_x0y0 |       8.000 | {0.000 4.000} |         332 |        0 |              0 |        5 | Top_i/xdma_0/inst/Top_xdma_0_0_pcie2_to_pcie3_wrapper_i/pcie2_ip_i/inst/inst/gt_top_i/pipe_wrapper_i/pipe_clock_int.pipe_clock_i/CLK |
+-----------+-----------------+-------------------+-----------------+-------------+---------------+-------------+----------+----------------+----------+--------------------------------------------------------------------------------------------------------------------------------------+
* Slice Loads column represents load cell count of all cell types other than IO, GT and clock resources
** IO Loads column represents load cell count of IO types
*** Clocking Loads column represents load cell count that are clock resources (global clock buffer, MMCM, PLL, etc)
**** GT Loads column represents load cell count of GT types


+----+------+----+-----------------------+
|    | X0   | X1 | HORIZONTAL PROG DELAY |
+----+------+----+-----------------------+
| Y4 |  320 |  0 |                     0 |
| Y3 |   17 |  0 |                     0 |
| Y2 |    0 |  0 |                     - |
| Y1 |    0 |  0 |                     - |
| Y0 |    0 |  0 |                     - |
+----+------+----+-----------------------+


11. Device Cell Placement Summary for Global Clock g4
-----------------------------------------------------

+-----------+-----------------+-------------------+-------+-------------+---------------+-------------+----------+----------------+----------+----------------------------------------------------------------------------------------------------------------------+
| Global Id | Driver Type/Pin | Driver Region (D) | Clock | Period (ns) | Waveform (ns) | Slice Loads | IO Loads | Clocking Loads | GT Loads | Net                                                                                                                  |
+-----------+-----------------+-------------------+-------+-------------+---------------+-------------+----------+----------------+----------+----------------------------------------------------------------------------------------------------------------------+
| g4        | BUFG/O          | n/a               |       |             |               |           9 |        0 |              0 |        0 | Top_i/xdma_0/inst/Top_xdma_0_0_pcie2_to_pcie3_wrapper_i/pcie2_ip_i/inst/inst/gt_top_i/pipe_wrapper_i/gt_cpllpdrefclk |
+-----------+-----------------+-------------------+-------+-------------+---------------+-------------+----------+----------------+----------+----------------------------------------------------------------------------------------------------------------------+
* Slice Loads column represents load cell count of all cell types other than IO, GT and clock resources
** IO Loads column represents load cell count of IO types
*** Clocking Loads column represents load cell count that are clock resources (global clock buffer, MMCM, PLL, etc)
**** GT Loads column represents load cell count of GT types


+----+----+----+-----------------------+
|    | X0 | X1 | HORIZONTAL PROG DELAY |
+----+----+----+-----------------------+
| Y4 |  9 |  0 |                     0 |
| Y3 |  0 |  0 |                     - |
| Y2 |  0 |  0 |                     - |
| Y1 |  0 |  0 |                     - |
| Y0 |  0 |  0 |                     - |
+----+----+----+-----------------------+


12. Device Cell Placement Summary for Global Clock g5
-----------------------------------------------------

+-----------+-----------------+-------------------+----------+-------------+---------------+-------------+----------+----------------+----------+------------------------------------------------------------------------------------------------------------------------------------------------+
| Global Id | Driver Type/Pin | Driver Region (D) | Clock    | Period (ns) | Waveform (ns) | Slice Loads | IO Loads | Clocking Loads | GT Loads | Net                                                                                                                                            |
+-----------+-----------------+-------------------+----------+-------------+---------------+-------------+----------+----------------+----------+------------------------------------------------------------------------------------------------------------------------------------------------+
| g5        | BUFG/O          | n/a               | userclk1 |       4.000 | {0.000 2.000} |           9 |        0 |              0 |        0 | Top_i/xdma_0/inst/Top_xdma_0_0_pcie2_to_pcie3_wrapper_i/pcie2_ip_i/inst/inst/gt_top_i/pipe_wrapper_i/pipe_clock_int.pipe_clock_i/PIPE_USERCLK1 |
+-----------+-----------------+-------------------+----------+-------------+---------------+-------------+----------+----------------+----------+------------------------------------------------------------------------------------------------------------------------------------------------+
* Slice Loads column represents load cell count of all cell types other than IO, GT and clock resources
** IO Loads column represents load cell count of IO types
*** Clocking Loads column represents load cell count that are clock resources (global clock buffer, MMCM, PLL, etc)
**** GT Loads column represents load cell count of GT types


+----+----+----+-----------------------+
|    | X0 | X1 | HORIZONTAL PROG DELAY |
+----+----+----+-----------------------+
| Y4 |  9 |  0 |                     0 |
| Y3 |  0 |  0 |                     - |
| Y2 |  0 |  0 |                     - |
| Y1 |  0 |  0 |                     - |
| Y0 |  0 |  0 |                     - |
+----+----+----+-----------------------+


13. Device Cell Placement Summary for Global Clock g6
-----------------------------------------------------

+-----------+-----------------+-------------------+------------------------+-------------+---------------+-------------+----------+----------------+----------+-----------------------------------------------+
| Global Id | Driver Type/Pin | Driver Region (D) | Clock                  | Period (ns) | Waveform (ns) | Slice Loads | IO Loads | Clocking Loads | GT Loads | Net                                           |
+-----------+-----------------+-------------------+------------------------+-------------+---------------+-------------+----------+----------------+----------+-----------------------------------------------+
| g6        | BUFG/O          | n/a               | clkfbout_Top_clk_wiz_1 |      10.000 | {0.000 5.000} |           0 |        0 |              1 |        0 | Top_i/clk_wiz/inst/clkfbout_buf_Top_clk_wiz_1 |
+-----------+-----------------+-------------------+------------------------+-------------+---------------+-------------+----------+----------------+----------+-----------------------------------------------+
* Slice Loads column represents load cell count of all cell types other than IO, GT and clock resources
** IO Loads column represents load cell count of IO types
*** Clocking Loads column represents load cell count that are clock resources (global clock buffer, MMCM, PLL, etc)
**** GT Loads column represents load cell count of GT types


+----+----+----+-----------------------+
|    | X0 | X1 | HORIZONTAL PROG DELAY |
+----+----+----+-----------------------+
| Y4 |  1 |  0 |                     0 |
| Y3 |  0 |  0 |                     - |
| Y2 |  0 |  0 |                     - |
| Y1 |  0 |  0 |                     - |
| Y0 |  0 |  0 |                     - |
+----+----+----+-----------------------+


14. Device Cell Placement Summary for Global Clock g7
-----------------------------------------------------

+-----------+-----------------+-------------------+---------------+-------------+---------------+-------------+----------+----------------+----------+-----------------------------------------------------------------------------------------------------------------------------------------+
| Global Id | Driver Type/Pin | Driver Region (D) | Clock         | Period (ns) | Waveform (ns) | Slice Loads | IO Loads | Clocking Loads | GT Loads | Net                                                                                                                                     |
+-----------+-----------------+-------------------+---------------+-------------+---------------+-------------+----------+----------------+----------+-----------------------------------------------------------------------------------------------------------------------------------------+
| g7        | BUFG/O          | n/a               | txoutclk_x0y0 |      10.000 | {0.000 5.000} |           0 |        0 |              1 |        0 | Top_i/xdma_0/inst/Top_xdma_0_0_pcie2_to_pcie3_wrapper_i/pcie2_ip_i/inst/inst/gt_top_i/pipe_wrapper_i/pipe_clock_int.pipe_clock_i/refclk |
+-----------+-----------------+-------------------+---------------+-------------+---------------+-------------+----------+----------------+----------+-----------------------------------------------------------------------------------------------------------------------------------------+
* Slice Loads column represents load cell count of all cell types other than IO, GT and clock resources
** IO Loads column represents load cell count of IO types
*** Clocking Loads column represents load cell count that are clock resources (global clock buffer, MMCM, PLL, etc)
**** GT Loads column represents load cell count of GT types


+----+----+----+-----------------------+
|    | X0 | X1 | HORIZONTAL PROG DELAY |
+----+----+----+-----------------------+
| Y4 |  0 |  0 |                     - |
| Y3 |  0 |  0 |                     - |
| Y2 |  1 |  0 |                     0 |
| Y1 |  0 |  0 |                     - |
| Y0 |  0 |  0 |                     - |
+----+----+----+-----------------------+


15. Device Cell Placement Summary for Global Clock g8
-----------------------------------------------------

+-----------+-----------------+-------------------+-------+-------------+---------------+-------------+----------+----------------+----------+---------------------------------------------------------------------------------------+
| Global Id | Driver Type/Pin | Driver Region (D) | Clock | Period (ns) | Waveform (ns) | Slice Loads | IO Loads | Clocking Loads | GT Loads | Net                                                                                   |
+-----------+-----------------+-------------------+-------+-------------+---------------+-------------+----------+----------------+----------+---------------------------------------------------------------------------------------+
| g8        | BUFG/O          | n/a               |       |             |               |      110450 |        0 |              0 |        0 | Top_i/multi_cores_top_0/inst/hash_pipeline_0/md4_inst/pe_gen[19].pe_inst/rst_n_0_BUFG |
+-----------+-----------------+-------------------+-------+-------------+---------------+-------------+----------+----------------+----------+---------------------------------------------------------------------------------------+
* Slice Loads column represents load cell count of all cell types other than IO, GT and clock resources
** IO Loads column represents load cell count of IO types
*** Clocking Loads column represents load cell count that are clock resources (global clock buffer, MMCM, PLL, etc)
**** GT Loads column represents load cell count of GT types


+----+--------+--------+-----------------------+
|    | X0     | X1     | HORIZONTAL PROG DELAY |
+----+--------+--------+-----------------------+
| Y4 |      0 |   9835 |                     0 |
| Y3 |   4114 |  16750 |                     0 |
| Y2 |  15382 |  16121 |                     0 |
| Y1 |  16412 |  16525 |                     0 |
| Y0 |   5270 |  10041 |                     0 |
+----+--------+--------+-----------------------+


16. Device Cell Placement Summary for Global Clock g9
-----------------------------------------------------

+-----------+-----------------+-------------------+-------+-------------+---------------+-------------+----------+----------------+----------+-----------------------------------------------------------------------------------------------+
| Global Id | Driver Type/Pin | Driver Region (D) | Clock | Period (ns) | Waveform (ns) | Slice Loads | IO Loads | Clocking Loads | GT Loads | Net                                                                                           |
+-----------+-----------------+-------------------+-------+-------------+---------------+-------------+----------+----------------+----------+-----------------------------------------------------------------------------------------------+
| g9        | BUFG/O          | n/a               |       |             |               |      106834 |        0 |              0 |        0 | Top_i/multi_cores_top_0/inst/hash_pipeline_0/md4_inst/pe_gen[47].pe_inst/prog_done_o_reg_BUFG |
+-----------+-----------------+-------------------+-------+-------------+---------------+-------------+----------+----------------+----------+-----------------------------------------------------------------------------------------------+
* Slice Loads column represents load cell count of all cell types other than IO, GT and clock resources
** IO Loads column represents load cell count of IO types
*** Clocking Loads column represents load cell count that are clock resources (global clock buffer, MMCM, PLL, etc)
**** GT Loads column represents load cell count of GT types


+----+--------+--------+-----------------------+
|    | X0     | X1     | HORIZONTAL PROG DELAY |
+----+--------+--------+-----------------------+
| Y4 |      0 |   9973 |                     0 |
| Y3 |   3105 |  15253 |                     0 |
| Y2 |  14751 |  15536 |                     0 |
| Y1 |  15990 |  16593 |                     0 |
| Y0 |   5352 |  10281 |                     0 |
+----+--------+--------+-----------------------+


17. Clock Region Cell Placement per Global Clock: Region X0Y0
-------------------------------------------------------------

+-----------+-------+-----------------+------------+-------------+-----------------+------+-------------+------+-----+----+------+-----+---------+-----------------------------------------------------------------------------------------------+
| Global Id | Track | Driver Type/Pin | Constraint | Clock Loads | Non-Clock Loads | FF   | Memory LUTs | RAMB | DSP | GT | MMCM | PLL | Hard IP | Net                                                                                           |
+-----------+-------+-----------------+------------+-------------+-----------------+------+-------------+------+-----+----+------+-----+---------+-----------------------------------------------------------------------------------------------+
| g0        | n/a   | BUFG/O          | None       |        5371 |               0 | 5308 |          38 |   25 |   0 |  0 |    0 |   0 |       0 | Top_i/clk_wiz/inst/clk_out1                                                                   |
| g8        | n/a   | BUFG/O          | None       |           0 |            5270 | 5270 |           0 |    0 |   0 |  0 |    0 |   0 |       0 | Top_i/multi_cores_top_0/inst/hash_pipeline_0/md4_inst/pe_gen[19].pe_inst/rst_n_0_BUFG         |
| g9        | n/a   | BUFG/O          | None       |           0 |            5352 | 5289 |          38 |   25 |   0 |  0 |    0 |   0 |       0 | Top_i/multi_cores_top_0/inst/hash_pipeline_0/md4_inst/pe_gen[47].pe_inst/prog_done_o_reg_BUFG |
+-----------+-------+-----------------+------------+-------------+-----------------+------+-------------+------+-----+----+------+-----+---------+-----------------------------------------------------------------------------------------------+
* Clock Loads column represents cell count of net connects that connect to a clock pin. Internal cell leaf pins are not considered
** Non-Clock Loads column represents cell count of non-clock pin loads
*** Columns FF, LUTRAM, RAMB through 'Hard IP' represents load cell counts


18. Clock Region Cell Placement per Global Clock: Region X1Y0
-------------------------------------------------------------

+-----------+-------+-----------------+------------+-------------+-----------------+-------+-------------+------+-----+----+------+-----+---------+-----------------------------------------------------------------------------------------------+
| Global Id | Track | Driver Type/Pin | Constraint | Clock Loads | Non-Clock Loads | FF    | Memory LUTs | RAMB | DSP | GT | MMCM | PLL | Hard IP | Net                                                                                           |
+-----------+-------+-----------------+------------+-------------+-----------------+-------+-------------+------+-----+----+------+-----+---------+-----------------------------------------------------------------------------------------------+
| g0        | n/a   | BUFG/O          | None       |       10281 |               0 | 10160 |         119 |    2 |   0 |  0 |    0 |   0 |       0 | Top_i/clk_wiz/inst/clk_out1                                                                   |
| g8        | n/a   | BUFG/O          | None       |           0 |           10041 | 10041 |           0 |    0 |   0 |  0 |    0 |   0 |       0 | Top_i/multi_cores_top_0/inst/hash_pipeline_0/md4_inst/pe_gen[19].pe_inst/rst_n_0_BUFG         |
| g9        | n/a   | BUFG/O          | None       |           0 |           10281 | 10160 |         119 |    2 |   0 |  0 |    0 |   0 |       0 | Top_i/multi_cores_top_0/inst/hash_pipeline_0/md4_inst/pe_gen[47].pe_inst/prog_done_o_reg_BUFG |
+-----------+-------+-----------------+------------+-------------+-----------------+-------+-------------+------+-----+----+------+-----+---------+-----------------------------------------------------------------------------------------------+
* Clock Loads column represents cell count of net connects that connect to a clock pin. Internal cell leaf pins are not considered
** Non-Clock Loads column represents cell count of non-clock pin loads
*** Columns FF, LUTRAM, RAMB through 'Hard IP' represents load cell counts


19. Clock Region Cell Placement per Global Clock: Region X0Y1
-------------------------------------------------------------

+-----------+-------+-----------------+------------+-------------+-----------------+-------+-------------+------+-----+----+------+-----+---------+-----------------------------------------------------------------------------------------------+
| Global Id | Track | Driver Type/Pin | Constraint | Clock Loads | Non-Clock Loads | FF    | Memory LUTs | RAMB | DSP | GT | MMCM | PLL | Hard IP | Net                                                                                           |
+-----------+-------+-----------------+------------+-------------+-----------------+-------+-------------+------+-----+----+------+-----+---------+-----------------------------------------------------------------------------------------------+
| g0        | n/a   | BUFG/O          | None       |       17251 |               0 | 16952 |         250 |   49 |   0 |  0 |    0 |   0 |       0 | Top_i/clk_wiz/inst/clk_out1                                                                   |
| g8        | n/a   | BUFG/O          | None       |           0 |           16412 | 16412 |           0 |    0 |   0 |  0 |    0 |   0 |       0 | Top_i/multi_cores_top_0/inst/hash_pipeline_0/md4_inst/pe_gen[19].pe_inst/rst_n_0_BUFG         |
| g9        | n/a   | BUFG/O          | None       |           0 |           15990 | 15671 |         250 |   49 |   0 |  0 |    0 |   0 |       0 | Top_i/multi_cores_top_0/inst/hash_pipeline_0/md4_inst/pe_gen[47].pe_inst/prog_done_o_reg_BUFG |
+-----------+-------+-----------------+------------+-------------+-----------------+-------+-------------+------+-----+----+------+-----+---------+-----------------------------------------------------------------------------------------------+
* Clock Loads column represents cell count of net connects that connect to a clock pin. Internal cell leaf pins are not considered
** Non-Clock Loads column represents cell count of non-clock pin loads
*** Columns FF, LUTRAM, RAMB through 'Hard IP' represents load cell counts


20. Clock Region Cell Placement per Global Clock: Region X1Y1
-------------------------------------------------------------

+-----------+-------+-----------------+------------+-------------+-----------------+-------+-------------+------+-----+----+------+-----+---------+-----------------------------------------------------------------------------------------------+
| Global Id | Track | Driver Type/Pin | Constraint | Clock Loads | Non-Clock Loads | FF    | Memory LUTs | RAMB | DSP | GT | MMCM | PLL | Hard IP | Net                                                                                           |
+-----------+-------+-----------------+------------+-------------+-----------------+-------+-------------+------+-----+----+------+-----+---------+-----------------------------------------------------------------------------------------------+
| g0        | n/a   | BUFG/O          | None       |       17061 |               0 | 16858 |         172 |   31 |   0 |  0 |    0 |   0 |       0 | Top_i/clk_wiz/inst/clk_out1                                                                   |
| g8        | n/a   | BUFG/O          | None       |           0 |           16525 | 16525 |           0 |    0 |   0 |  0 |    0 |   0 |       0 | Top_i/multi_cores_top_0/inst/hash_pipeline_0/md4_inst/pe_gen[19].pe_inst/rst_n_0_BUFG         |
| g9        | n/a   | BUFG/O          | None       |           0 |           16593 | 16382 |         172 |   31 |   0 |  0 |    0 |   0 |       0 | Top_i/multi_cores_top_0/inst/hash_pipeline_0/md4_inst/pe_gen[47].pe_inst/prog_done_o_reg_BUFG |
+-----------+-------+-----------------+------------+-------------+-----------------+-------+-------------+------+-----+----+------+-----+---------+-----------------------------------------------------------------------------------------------+
* Clock Loads column represents cell count of net connects that connect to a clock pin. Internal cell leaf pins are not considered
** Non-Clock Loads column represents cell count of non-clock pin loads
*** Columns FF, LUTRAM, RAMB through 'Hard IP' represents load cell counts


21. Clock Region Cell Placement per Global Clock: Region X0Y2
-------------------------------------------------------------

+-----------+-------+-----------------+------------+-------------+-----------------+-------+-------------+------+-----+----+------+-----+---------+------------------------------------------------------------------------------------------------------------------------------------------------+
| Global Id | Track | Driver Type/Pin | Constraint | Clock Loads | Non-Clock Loads | FF    | Memory LUTs | RAMB | DSP | GT | MMCM | PLL | Hard IP | Net                                                                                                                                            |
+-----------+-------+-----------------+------------+-------------+-----------------+-------+-------------+------+-----+----+------+-----+---------+------------------------------------------------------------------------------------------------------------------------------------------------+
| g0        | n/a   | BUFG/O          | None       |       16382 |               0 | 16104 |         233 |   45 |   0 |  0 |    0 |   0 |       0 | Top_i/clk_wiz/inst/clk_out1                                                                                                                    |
| g1        | n/a   | BUFG/O          | None       |         255 |               0 |   255 |           0 |    0 |   0 |  0 |    0 |   0 |       0 | Top_i/xdma_0/inst/Top_xdma_0_0_pcie2_to_pcie3_wrapper_i/pcie2_ip_i/inst/inst/gt_top_i/pipe_wrapper_i/pipe_clock_int.pipe_clock_i/PIPE_USERCLK2 |
| g7        | n/a   | BUFG/O          | None       |           1 |               0 |     0 |           0 |    0 |   0 |  0 |    1 |   0 |       0 | Top_i/xdma_0/inst/Top_xdma_0_0_pcie2_to_pcie3_wrapper_i/pcie2_ip_i/inst/inst/gt_top_i/pipe_wrapper_i/pipe_clock_int.pipe_clock_i/refclk        |
| g8        | n/a   | BUFG/O          | None       |           0 |           15382 | 15382 |           0 |    0 |   0 |  0 |    0 |   0 |       0 | Top_i/multi_cores_top_0/inst/hash_pipeline_0/md4_inst/pe_gen[19].pe_inst/rst_n_0_BUFG                                                          |
| g9        | n/a   | BUFG/O          | None       |           0 |           14751 | 14467 |         233 |   45 |   0 |  0 |    0 |   0 |       0 | Top_i/multi_cores_top_0/inst/hash_pipeline_0/md4_inst/pe_gen[47].pe_inst/prog_done_o_reg_BUFG                                                  |
+-----------+-------+-----------------+------------+-------------+-----------------+-------+-------------+------+-----+----+------+-----+---------+------------------------------------------------------------------------------------------------------------------------------------------------+
* Clock Loads column represents cell count of net connects that connect to a clock pin. Internal cell leaf pins are not considered
** Non-Clock Loads column represents cell count of non-clock pin loads
*** Columns FF, LUTRAM, RAMB through 'Hard IP' represents load cell counts


22. Clock Region Cell Placement per Global Clock: Region X1Y2
-------------------------------------------------------------

+-----------+-------+-----------------+------------+-------------+-----------------+-------+-------------+------+-----+----+------+-----+---------+-----------------------------------------------------------------------------------------------+
| Global Id | Track | Driver Type/Pin | Constraint | Clock Loads | Non-Clock Loads | FF    | Memory LUTs | RAMB | DSP | GT | MMCM | PLL | Hard IP | Net                                                                                           |
+-----------+-------+-----------------+------------+-------------+-----------------+-------+-------------+------+-----+----+------+-----+---------+-----------------------------------------------------------------------------------------------+
| g0        | n/a   | BUFG/O          | None       |       16585 |               0 | 16343 |         207 |   35 |   0 |  0 |    0 |   0 |       0 | Top_i/clk_wiz/inst/clk_out1                                                                   |
| g8        | n/a   | BUFG/O          | None       |           0 |           16121 | 16121 |           0 |    0 |   0 |  0 |    0 |   0 |       0 | Top_i/multi_cores_top_0/inst/hash_pipeline_0/md4_inst/pe_gen[19].pe_inst/rst_n_0_BUFG         |
| g9        | n/a   | BUFG/O          | None       |           0 |           15536 | 15294 |         207 |   35 |   0 |  0 |    0 |   0 |       0 | Top_i/multi_cores_top_0/inst/hash_pipeline_0/md4_inst/pe_gen[47].pe_inst/prog_done_o_reg_BUFG |
+-----------+-------+-----------------+------------+-------------+-----------------+-------+-------------+------+-----+----+------+-----+---------+-----------------------------------------------------------------------------------------------+
* Clock Loads column represents cell count of net connects that connect to a clock pin. Internal cell leaf pins are not considered
** Non-Clock Loads column represents cell count of non-clock pin loads
*** Columns FF, LUTRAM, RAMB through 'Hard IP' represents load cell counts


23. Clock Region Cell Placement per Global Clock: Region X0Y3
-------------------------------------------------------------

+-----------+-------+-----------------+------------+-------------+-----------------+------+-------------+------+-----+----+------+-----+---------+-------------------------------------------------------------------------------------------------------------------------------------------------------------+
| Global Id | Track | Driver Type/Pin | Constraint | Clock Loads | Non-Clock Loads | FF   | Memory LUTs | RAMB | DSP | GT | MMCM | PLL | Hard IP | Net                                                                                                                                                         |
+-----------+-------+-----------------+------------+-------------+-----------------+------+-------------+------+-----+----+------+-----+---------+-------------------------------------------------------------------------------------------------------------------------------------------------------------+
| g0        | n/a   | BUFG/O          | None       |        5881 |               0 | 5805 |          51 |   25 |   0 |  0 |    0 |   0 |       0 | Top_i/clk_wiz/inst/clk_out1                                                                                                                                 |
| g1        | n/a   | BUFG/O          | None       |        7854 |               0 | 7839 |           2 |   13 |   0 |  0 |    0 |   0 |       0 | Top_i/xdma_0/inst/Top_xdma_0_0_pcie2_to_pcie3_wrapper_i/pcie2_ip_i/inst/inst/gt_top_i/pipe_wrapper_i/pipe_clock_int.pipe_clock_i/PIPE_USERCLK2              |
| g2        | n/a   | BUFGCTRL/O      | None       |          78 |               0 |   72 |           6 |    0 |   0 |  0 |    0 |   0 |       0 | Top_i/xdma_0/inst/Top_xdma_0_0_pcie2_to_pcie3_wrapper_i/pcie2_ip_i/inst/inst/gt_top_i/pipe_wrapper_i/pipe_clock_int.pipe_clock_i/pclk_i1_bufgctrl.pclk_i1_0 |
| g3        | n/a   | BUFG/O          | None       |          17 |               0 |   17 |           0 |    0 |   0 |  0 |    0 |   0 |       0 | Top_i/xdma_0/inst/Top_xdma_0_0_pcie2_to_pcie3_wrapper_i/pcie2_ip_i/inst/inst/gt_top_i/pipe_wrapper_i/pipe_clock_int.pipe_clock_i/CLK                        |
| g8        | n/a   | BUFG/O          | None       |           0 |            4114 | 4114 |           0 |    0 |   0 |  0 |    0 |   0 |       0 | Top_i/multi_cores_top_0/inst/hash_pipeline_0/md4_inst/pe_gen[19].pe_inst/rst_n_0_BUFG                                                                       |
| g9        | n/a   | BUFG/O          | None       |           0 |            3105 | 3040 |          44 |   21 |   0 |  0 |    0 |   0 |       0 | Top_i/multi_cores_top_0/inst/hash_pipeline_0/md4_inst/pe_gen[47].pe_inst/prog_done_o_reg_BUFG                                                               |
+-----------+-------+-----------------+------------+-------------+-----------------+------+-------------+------+-----+----+------+-----+---------+-------------------------------------------------------------------------------------------------------------------------------------------------------------+
* Clock Loads column represents cell count of net connects that connect to a clock pin. Internal cell leaf pins are not considered
** Non-Clock Loads column represents cell count of non-clock pin loads
*** Columns FF, LUTRAM, RAMB through 'Hard IP' represents load cell counts


24. Clock Region Cell Placement per Global Clock: Region X1Y3
-------------------------------------------------------------

+-----------+-------+-----------------+------------+-------------+-----------------+-------+-------------+------+-----+----+------+-----+---------+------------------------------------------------------------------------------------------------------------------------------------------------+
| Global Id | Track | Driver Type/Pin | Constraint | Clock Loads | Non-Clock Loads | FF    | Memory LUTs | RAMB | DSP | GT | MMCM | PLL | Hard IP | Net                                                                                                                                            |
+-----------+-------+-----------------+------------+-------------+-----------------+-------+-------------+------+-----+----+------+-----+---------+------------------------------------------------------------------------------------------------------------------------------------------------+
| g0        | n/a   | BUFG/O          | None       |       17327 |               0 | 17036 |         259 |   32 |   0 |  0 |    0 |   0 |       0 | Top_i/clk_wiz/inst/clk_out1                                                                                                                    |
| g1        | n/a   | BUFG/O          | None       |         228 |               0 |   228 |           0 |    0 |   0 |  0 |    0 |   0 |       0 | Top_i/xdma_0/inst/Top_xdma_0_0_pcie2_to_pcie3_wrapper_i/pcie2_ip_i/inst/inst/gt_top_i/pipe_wrapper_i/pipe_clock_int.pipe_clock_i/PIPE_USERCLK2 |
| g8        | n/a   | BUFG/O          | None       |           0 |           16750 | 16750 |           0 |    0 |   0 |  0 |    0 |   0 |       0 | Top_i/multi_cores_top_0/inst/hash_pipeline_0/md4_inst/pe_gen[19].pe_inst/rst_n_0_BUFG                                                          |
| g9        | n/a   | BUFG/O          | None       |           0 |           15253 | 14962 |         259 |   32 |   0 |  0 |    0 |   0 |       0 | Top_i/multi_cores_top_0/inst/hash_pipeline_0/md4_inst/pe_gen[47].pe_inst/prog_done_o_reg_BUFG                                                  |
+-----------+-------+-----------------+------------+-------------+-----------------+-------+-------------+------+-----+----+------+-----+---------+------------------------------------------------------------------------------------------------------------------------------------------------+
* Clock Loads column represents cell count of net connects that connect to a clock pin. Internal cell leaf pins are not considered
** Non-Clock Loads column represents cell count of non-clock pin loads
*** Columns FF, LUTRAM, RAMB through 'Hard IP' represents load cell counts


25. Clock Region Cell Placement per Global Clock: Region X0Y4
-------------------------------------------------------------

+-----------+-------+-----------------+------------+-------------+-----------------+------+-------------+------+-----+----+------+-----+---------+-------------------------------------------------------------------------------------------------------------------------------------------------------------+
| Global Id | Track | Driver Type/Pin | Constraint | Clock Loads | Non-Clock Loads | FF   | Memory LUTs | RAMB | DSP | GT | MMCM | PLL | Hard IP | Net                                                                                                                                                         |
+-----------+-------+-----------------+------------+-------------+-----------------+------+-------------+------+-----+----+------+-----+---------+-------------------------------------------------------------------------------------------------------------------------------------------------------------+
| g0        | n/a   | BUFG/O          | None       |          77 |               0 |   77 |           0 |    0 |   0 |  0 |    0 |   0 |       0 | Top_i/clk_wiz/inst/clk_out1                                                                                                                                 |
| g1        | n/a   | BUFG/O          | None       |        7726 |               0 | 7717 |           0 |    7 |   0 |  0 |    0 |   0 |       1 | Top_i/xdma_0/inst/Top_xdma_0_0_pcie2_to_pcie3_wrapper_i/pcie2_ip_i/inst/inst/gt_top_i/pipe_wrapper_i/pipe_clock_int.pipe_clock_i/PIPE_USERCLK2              |
| g2        | n/a   | BUFGCTRL/O      | None       |        1070 |               0 | 1065 |           0 |    0 |   0 |  4 |    0 |   0 |       1 | Top_i/xdma_0/inst/Top_xdma_0_0_pcie2_to_pcie3_wrapper_i/pcie2_ip_i/inst/inst/gt_top_i/pipe_wrapper_i/pipe_clock_int.pipe_clock_i/pclk_i1_bufgctrl.pclk_i1_0 |
| g3        | n/a   | BUFG/O          | None       |         320 |               0 |  315 |           0 |    0 |   0 |  4 |    0 |   0 |       0 | Top_i/xdma_0/inst/Top_xdma_0_0_pcie2_to_pcie3_wrapper_i/pcie2_ip_i/inst/inst/gt_top_i/pipe_wrapper_i/pipe_clock_int.pipe_clock_i/CLK                        |
| g4        | n/a   | BUFG/O          | None       |           9 |               0 |    2 |           7 |    0 |   0 |  0 |    0 |   0 |       0 | Top_i/xdma_0/inst/Top_xdma_0_0_pcie2_to_pcie3_wrapper_i/pcie2_ip_i/inst/inst/gt_top_i/pipe_wrapper_i/gt_cpllpdrefclk                                        |
| g5        | n/a   | BUFG/O          | None       |           9 |               0 |    0 |           0 |    8 |   0 |  0 |    0 |   0 |       1 | Top_i/xdma_0/inst/Top_xdma_0_0_pcie2_to_pcie3_wrapper_i/pcie2_ip_i/inst/inst/gt_top_i/pipe_wrapper_i/pipe_clock_int.pipe_clock_i/PIPE_USERCLK1              |
| g6        | n/a   | BUFG/O          | None       |           1 |               0 |    0 |           0 |    0 |   0 |  0 |    1 |   0 |       0 | Top_i/clk_wiz/inst/clkfbout_buf_Top_clk_wiz_1                                                                                                               |
+-----------+-------+-----------------+------------+-------------+-----------------+------+-------------+------+-----+----+------+-----+---------+-------------------------------------------------------------------------------------------------------------------------------------------------------------+
* Clock Loads column represents cell count of net connects that connect to a clock pin. Internal cell leaf pins are not considered
** Non-Clock Loads column represents cell count of non-clock pin loads
*** Columns FF, LUTRAM, RAMB through 'Hard IP' represents load cell counts


26. Clock Region Cell Placement per Global Clock: Region X1Y4
-------------------------------------------------------------

+-----------+-------+-----------------+------------+-------------+-----------------+------+-------------+------+-----+----+------+-----+---------+-----------------------------------------------------------------------------------------------+
| Global Id | Track | Driver Type/Pin | Constraint | Clock Loads | Non-Clock Loads | FF   | Memory LUTs | RAMB | DSP | GT | MMCM | PLL | Hard IP | Net                                                                                           |
+-----------+-------+-----------------+------------+-------------+-----------------+------+-------------+------+-----+----+------+-----+---------+-----------------------------------------------------------------------------------------------+
| g0        | n/a   | BUFG/O          | None       |        9973 |               0 | 9904 |          69 |    0 |   0 |  0 |    0 |   0 |       0 | Top_i/clk_wiz/inst/clk_out1                                                                   |
| g8        | n/a   | BUFG/O          | None       |           0 |            9835 | 9835 |           0 |    0 |   0 |  0 |    0 |   0 |       0 | Top_i/multi_cores_top_0/inst/hash_pipeline_0/md4_inst/pe_gen[19].pe_inst/rst_n_0_BUFG         |
| g9        | n/a   | BUFG/O          | None       |           0 |            9973 | 9904 |          69 |    0 |   0 |  0 |    0 |   0 |       0 | Top_i/multi_cores_top_0/inst/hash_pipeline_0/md4_inst/pe_gen[47].pe_inst/prog_done_o_reg_BUFG |
+-----------+-------+-----------------+------------+-------------+-----------------+------+-------------+------+-----+----+------+-----+---------+-----------------------------------------------------------------------------------------------+
* Clock Loads column represents cell count of net connects that connect to a clock pin. Internal cell leaf pins are not considered
** Non-Clock Loads column represents cell count of non-clock pin loads
*** Columns FF, LUTRAM, RAMB through 'Hard IP' represents load cell counts



# Location of BUFG Primitives 
set_property LOC BUFGCTRL_X0Y19 [get_cells Top_i/xdma_0/inst/Top_xdma_0_0_pcie2_to_pcie3_wrapper_i/pcie2_ip_i/inst/inst/gt_top_i/pipe_wrapper_i/pipe_clock_int.pipe_clock_i/txoutclk_i.txoutclk_i]
set_property LOC BUFGCTRL_X0Y1 [get_cells Top_i/xdma_0/inst/Top_xdma_0_0_pcie2_to_pcie3_wrapper_i/pcie2_ip_i/inst/inst/gt_top_i/pipe_wrapper_i/pipe_clock_int.pipe_clock_i/pclk_i1_bufgctrl.pclk_i1]
set_property LOC BUFGCTRL_X0Y0 [get_cells Top_i/xdma_0/inst/Top_xdma_0_0_pcie2_to_pcie3_wrapper_i/pcie2_ip_i/inst/inst/gt_top_i/pipe_wrapper_i/pipe_clock_int.pipe_clock_i/userclk2_i1.usrclk2_i1]
set_property LOC BUFGCTRL_X0Y3 [get_cells Top_i/xdma_0/inst/Top_xdma_0_0_pcie2_to_pcie3_wrapper_i/pcie2_ip_i/inst/inst/gt_top_i/pipe_wrapper_i/pipe_clock_int.pipe_clock_i/userclk1_i1.usrclk1_i1]
set_property LOC BUFGCTRL_X0Y2 [get_cells Top_i/xdma_0/inst/Top_xdma_0_0_pcie2_to_pcie3_wrapper_i/pcie2_ip_i/inst/inst/gt_top_i/pipe_wrapper_i/pipe_clock_int.pipe_clock_i/dclk_i_bufg.dclk_i]
set_property LOC BUFGCTRL_X0Y17 [get_cells Top_i/xdma_0/inst/Top_xdma_0_0_pcie2_to_pcie3_wrapper_i/pcie2_ip_i/inst/inst/gt_top_i/pipe_wrapper_i/cpllpd_refclk_inst]
set_property LOC BUFGCTRL_X0Y5 [get_cells Top_i/multi_cores_top_0/inst/hash_pipeline_0/md4_inst/pe_gen[47].pe_inst/prog_done_o_reg_BUFG_inst]
set_property LOC BUFGCTRL_X0Y4 [get_cells Top_i/multi_cores_top_0/inst/hash_pipeline_0/md4_inst/pe_gen[19].pe_inst/rst_n_0_BUFG_inst]
set_property LOC BUFGCTRL_X0Y18 [get_cells Top_i/clk_wiz/inst/clkf_buf]
set_property LOC BUFGCTRL_X0Y16 [get_cells Top_i/clk_wiz/inst/clkout1_buf]

# Location of IO Primitives which is load of clock spine

# Location of clock ports
set_property LOC IPAD_X1Y44 [get_ports pcie_clkin_clk_p[0]]

# Clock net "Top_i/xdma_0/inst/Top_xdma_0_0_pcie2_to_pcie3_wrapper_i/pcie2_ip_i/inst/inst/gt_top_i/pipe_wrapper_i/pipe_clock_int.pipe_clock_i/pclk_i1_bufgctrl.pclk_i1_0" driven by instance "Top_i/xdma_0/inst/Top_xdma_0_0_pcie2_to_pcie3_wrapper_i/pcie2_ip_i/inst/inst/gt_top_i/pipe_wrapper_i/pipe_clock_int.pipe_clock_i/pclk_i1_bufgctrl.pclk_i1" located at site "BUFGCTRL_X0Y1"
#startgroup
create_pblock {CLKAG_Top_i/xdma_0/inst/Top_xdma_0_0_pcie2_to_pcie3_wrapper_i/pcie2_ip_i/inst/inst/gt_top_i/pipe_wrapper_i/pipe_clock_int.pipe_clock_i/pclk_i1_bufgctrl.pclk_i1_0}
add_cells_to_pblock [get_pblocks  {CLKAG_Top_i/xdma_0/inst/Top_xdma_0_0_pcie2_to_pcie3_wrapper_i/pcie2_ip_i/inst/inst/gt_top_i/pipe_wrapper_i/pipe_clock_int.pipe_clock_i/pclk_i1_bufgctrl.pclk_i1_0}] [get_cells -filter { PRIMITIVE_GROUP != I/O && IS_PRIMITIVE==1 && PRIMITIVE_LEVEL !=INTERNAL } -of_object [get_pins -leaf -filter {DIRECTION==IN} -of_objects [get_nets {Top_i/xdma_0/inst/Top_xdma_0_0_pcie2_to_pcie3_wrapper_i/pcie2_ip_i/inst/inst/gt_top_i/pipe_wrapper_i/pipe_clock_int.pipe_clock_i/pclk_i1_bufgctrl.pclk_i1_0}]]]
resize_pblock [get_pblocks {CLKAG_Top_i/xdma_0/inst/Top_xdma_0_0_pcie2_to_pcie3_wrapper_i/pcie2_ip_i/inst/inst/gt_top_i/pipe_wrapper_i/pipe_clock_int.pipe_clock_i/pclk_i1_bufgctrl.pclk_i1_0}] -add {CLOCKREGION_X0Y3:CLOCKREGION_X0Y3 CLOCKREGION_X0Y4:CLOCKREGION_X0Y4}
#endgroup

# Clock net "Top_i/xdma_0/inst/Top_xdma_0_0_pcie2_to_pcie3_wrapper_i/pcie2_ip_i/inst/inst/gt_top_i/pipe_wrapper_i/pipe_clock_int.pipe_clock_i/PIPE_USERCLK2" driven by instance "Top_i/xdma_0/inst/Top_xdma_0_0_pcie2_to_pcie3_wrapper_i/pcie2_ip_i/inst/inst/gt_top_i/pipe_wrapper_i/pipe_clock_int.pipe_clock_i/userclk2_i1.usrclk2_i1" located at site "BUFGCTRL_X0Y0"
#startgroup
create_pblock {CLKAG_Top_i/xdma_0/inst/Top_xdma_0_0_pcie2_to_pcie3_wrapper_i/pcie2_ip_i/inst/inst/gt_top_i/pipe_wrapper_i/pipe_clock_int.pipe_clock_i/PIPE_USERCLK2}
add_cells_to_pblock [get_pblocks  {CLKAG_Top_i/xdma_0/inst/Top_xdma_0_0_pcie2_to_pcie3_wrapper_i/pcie2_ip_i/inst/inst/gt_top_i/pipe_wrapper_i/pipe_clock_int.pipe_clock_i/PIPE_USERCLK2}] [get_cells -filter { PRIMITIVE_GROUP != I/O && IS_PRIMITIVE==1 && PRIMITIVE_LEVEL !=INTERNAL } -of_object [get_pins -leaf -filter {DIRECTION==IN} -of_objects [get_nets {Top_i/xdma_0/inst/Top_xdma_0_0_pcie2_to_pcie3_wrapper_i/pcie2_ip_i/inst/inst/gt_top_i/pipe_wrapper_i/pipe_clock_int.pipe_clock_i/PIPE_USERCLK2}]]]
resize_pblock [get_pblocks {CLKAG_Top_i/xdma_0/inst/Top_xdma_0_0_pcie2_to_pcie3_wrapper_i/pcie2_ip_i/inst/inst/gt_top_i/pipe_wrapper_i/pipe_clock_int.pipe_clock_i/PIPE_USERCLK2}] -add {CLOCKREGION_X0Y2:CLOCKREGION_X0Y2 CLOCKREGION_X0Y3:CLOCKREGION_X0Y3 CLOCKREGION_X0Y4:CLOCKREGION_X0Y4 CLOCKREGION_X1Y3:CLOCKREGION_X1Y3}
#endgroup

# Clock net "Top_i/xdma_0/inst/Top_xdma_0_0_pcie2_to_pcie3_wrapper_i/pcie2_ip_i/inst/inst/gt_top_i/pipe_wrapper_i/pipe_clock_int.pipe_clock_i/PIPE_USERCLK1" driven by instance "Top_i/xdma_0/inst/Top_xdma_0_0_pcie2_to_pcie3_wrapper_i/pcie2_ip_i/inst/inst/gt_top_i/pipe_wrapper_i/pipe_clock_int.pipe_clock_i/userclk1_i1.usrclk1_i1" located at site "BUFGCTRL_X0Y3"
#startgroup
create_pblock {CLKAG_Top_i/xdma_0/inst/Top_xdma_0_0_pcie2_to_pcie3_wrapper_i/pcie2_ip_i/inst/inst/gt_top_i/pipe_wrapper_i/pipe_clock_int.pipe_clock_i/PIPE_USERCLK1}
add_cells_to_pblock [get_pblocks  {CLKAG_Top_i/xdma_0/inst/Top_xdma_0_0_pcie2_to_pcie3_wrapper_i/pcie2_ip_i/inst/inst/gt_top_i/pipe_wrapper_i/pipe_clock_int.pipe_clock_i/PIPE_USERCLK1}] [get_cells -filter { PRIMITIVE_GROUP != I/O && IS_PRIMITIVE==1 && PRIMITIVE_LEVEL !=INTERNAL } -of_object [get_pins -leaf -filter {DIRECTION==IN} -of_objects [get_nets {Top_i/xdma_0/inst/Top_xdma_0_0_pcie2_to_pcie3_wrapper_i/pcie2_ip_i/inst/inst/gt_top_i/pipe_wrapper_i/pipe_clock_int.pipe_clock_i/PIPE_USERCLK1}]]]
resize_pblock [get_pblocks {CLKAG_Top_i/xdma_0/inst/Top_xdma_0_0_pcie2_to_pcie3_wrapper_i/pcie2_ip_i/inst/inst/gt_top_i/pipe_wrapper_i/pipe_clock_int.pipe_clock_i/PIPE_USERCLK1}] -add {CLOCKREGION_X0Y4:CLOCKREGION_X0Y4}
#endgroup

# Clock net "Top_i/xdma_0/inst/Top_xdma_0_0_pcie2_to_pcie3_wrapper_i/pcie2_ip_i/inst/inst/gt_top_i/pipe_wrapper_i/pipe_clock_int.pipe_clock_i/CLK" driven by instance "Top_i/xdma_0/inst/Top_xdma_0_0_pcie2_to_pcie3_wrapper_i/pcie2_ip_i/inst/inst/gt_top_i/pipe_wrapper_i/pipe_clock_int.pipe_clock_i/dclk_i_bufg.dclk_i" located at site "BUFGCTRL_X0Y2"
#startgroup
create_pblock {CLKAG_Top_i/xdma_0/inst/Top_xdma_0_0_pcie2_to_pcie3_wrapper_i/pcie2_ip_i/inst/inst/gt_top_i/pipe_wrapper_i/pipe_clock_int.pipe_clock_i/CLK}
add_cells_to_pblock [get_pblocks  {CLKAG_Top_i/xdma_0/inst/Top_xdma_0_0_pcie2_to_pcie3_wrapper_i/pcie2_ip_i/inst/inst/gt_top_i/pipe_wrapper_i/pipe_clock_int.pipe_clock_i/CLK}] [get_cells -filter { PRIMITIVE_GROUP != I/O && IS_PRIMITIVE==1 && PRIMITIVE_LEVEL !=INTERNAL } -of_object [get_pins -leaf -filter {DIRECTION==IN} -of_objects [get_nets {Top_i/xdma_0/inst/Top_xdma_0_0_pcie2_to_pcie3_wrapper_i/pcie2_ip_i/inst/inst/gt_top_i/pipe_wrapper_i/pipe_clock_int.pipe_clock_i/CLK}]]]
resize_pblock [get_pblocks {CLKAG_Top_i/xdma_0/inst/Top_xdma_0_0_pcie2_to_pcie3_wrapper_i/pcie2_ip_i/inst/inst/gt_top_i/pipe_wrapper_i/pipe_clock_int.pipe_clock_i/CLK}] -add {CLOCKREGION_X0Y3:CLOCKREGION_X0Y3 CLOCKREGION_X0Y4:CLOCKREGION_X0Y4}
#endgroup

# Clock net "Top_i/xdma_0/inst/Top_xdma_0_0_pcie2_to_pcie3_wrapper_i/pcie2_ip_i/inst/inst/gt_top_i/pipe_wrapper_i/gt_cpllpdrefclk" driven by instance "Top_i/xdma_0/inst/Top_xdma_0_0_pcie2_to_pcie3_wrapper_i/pcie2_ip_i/inst/inst/gt_top_i/pipe_wrapper_i/cpllpd_refclk_inst" located at site "BUFGCTRL_X0Y17"
#startgroup
create_pblock {CLKAG_Top_i/xdma_0/inst/Top_xdma_0_0_pcie2_to_pcie3_wrapper_i/pcie2_ip_i/inst/inst/gt_top_i/pipe_wrapper_i/gt_cpllpdrefclk}
add_cells_to_pblock [get_pblocks  {CLKAG_Top_i/xdma_0/inst/Top_xdma_0_0_pcie2_to_pcie3_wrapper_i/pcie2_ip_i/inst/inst/gt_top_i/pipe_wrapper_i/gt_cpllpdrefclk}] [get_cells -filter { PRIMITIVE_GROUP != I/O && IS_PRIMITIVE==1 && PRIMITIVE_LEVEL !=INTERNAL } -of_object [get_pins -leaf -filter {DIRECTION==IN} -of_objects [get_nets {Top_i/xdma_0/inst/Top_xdma_0_0_pcie2_to_pcie3_wrapper_i/pcie2_ip_i/inst/inst/gt_top_i/pipe_wrapper_i/gt_cpllpdrefclk}]]]
resize_pblock [get_pblocks {CLKAG_Top_i/xdma_0/inst/Top_xdma_0_0_pcie2_to_pcie3_wrapper_i/pcie2_ip_i/inst/inst/gt_top_i/pipe_wrapper_i/gt_cpllpdrefclk}] -add {CLOCKREGION_X0Y4:CLOCKREGION_X0Y4}
#endgroup

# Clock net "Top_i/multi_cores_top_0/inst/hash_pipeline_0/md4_inst/pe_gen[47].pe_inst/prog_done_o_reg_BUFG" driven by instance "Top_i/multi_cores_top_0/inst/hash_pipeline_0/md4_inst/pe_gen[47].pe_inst/prog_done_o_reg_BUFG_inst" located at site "BUFGCTRL_X0Y5"
#startgroup
create_pblock {CLKAG_Top_i/multi_cores_top_0/inst/hash_pipeline_0/md4_inst/pe_gen[47].pe_inst/prog_done_o_reg_BUFG}
add_cells_to_pblock [get_pblocks  {CLKAG_Top_i/multi_cores_top_0/inst/hash_pipeline_0/md4_inst/pe_gen[47].pe_inst/prog_done_o_reg_BUFG}] [get_cells -filter { PRIMITIVE_GROUP != I/O && IS_PRIMITIVE==1 && PRIMITIVE_LEVEL !=INTERNAL } -of_object [get_pins -leaf -filter {DIRECTION==IN} -of_objects [get_nets {Top_i/multi_cores_top_0/inst/hash_pipeline_0/md4_inst/pe_gen[47].pe_inst/prog_done_o_reg_BUFG}]]]
resize_pblock [get_pblocks {CLKAG_Top_i/multi_cores_top_0/inst/hash_pipeline_0/md4_inst/pe_gen[47].pe_inst/prog_done_o_reg_BUFG}] -add {CLOCKREGION_X0Y0:CLOCKREGION_X0Y0 CLOCKREGION_X0Y1:CLOCKREGION_X0Y1 CLOCKREGION_X0Y2:CLOCKREGION_X0Y2 CLOCKREGION_X0Y3:CLOCKREGION_X0Y3 CLOCKREGION_X1Y0:CLOCKREGION_X1Y0 CLOCKREGION_X1Y1:CLOCKREGION_X1Y1 CLOCKREGION_X1Y2:CLOCKREGION_X1Y2 CLOCKREGION_X1Y3:CLOCKREGION_X1Y3 CLOCKREGION_X1Y4:CLOCKREGION_X1Y4}
#endgroup

# Clock net "Top_i/multi_cores_top_0/inst/hash_pipeline_0/md4_inst/pe_gen[19].pe_inst/rst_n_0_BUFG" driven by instance "Top_i/multi_cores_top_0/inst/hash_pipeline_0/md4_inst/pe_gen[19].pe_inst/rst_n_0_BUFG_inst" located at site "BUFGCTRL_X0Y4"
#startgroup
create_pblock {CLKAG_Top_i/multi_cores_top_0/inst/hash_pipeline_0/md4_inst/pe_gen[19].pe_inst/rst_n_0_BUFG}
add_cells_to_pblock [get_pblocks  {CLKAG_Top_i/multi_cores_top_0/inst/hash_pipeline_0/md4_inst/pe_gen[19].pe_inst/rst_n_0_BUFG}] [get_cells -filter { PRIMITIVE_GROUP != I/O && IS_PRIMITIVE==1 && PRIMITIVE_LEVEL !=INTERNAL } -of_object [get_pins -leaf -filter {DIRECTION==IN} -of_objects [get_nets {Top_i/multi_cores_top_0/inst/hash_pipeline_0/md4_inst/pe_gen[19].pe_inst/rst_n_0_BUFG}]]]
resize_pblock [get_pblocks {CLKAG_Top_i/multi_cores_top_0/inst/hash_pipeline_0/md4_inst/pe_gen[19].pe_inst/rst_n_0_BUFG}] -add {CLOCKREGION_X0Y0:CLOCKREGION_X0Y0 CLOCKREGION_X0Y1:CLOCKREGION_X0Y1 CLOCKREGION_X0Y2:CLOCKREGION_X0Y2 CLOCKREGION_X0Y3:CLOCKREGION_X0Y3 CLOCKREGION_X1Y0:CLOCKREGION_X1Y0 CLOCKREGION_X1Y1:CLOCKREGION_X1Y1 CLOCKREGION_X1Y2:CLOCKREGION_X1Y2 CLOCKREGION_X1Y3:CLOCKREGION_X1Y3 CLOCKREGION_X1Y4:CLOCKREGION_X1Y4}
#endgroup

# Clock net "Top_i/clk_wiz/inst/clk_out1" driven by instance "Top_i/clk_wiz/inst/clkout1_buf" located at site "BUFGCTRL_X0Y16"
#startgroup
create_pblock {CLKAG_Top_i/clk_wiz/inst/clk_out1}
add_cells_to_pblock [get_pblocks  {CLKAG_Top_i/clk_wiz/inst/clk_out1}] [get_cells -filter { PRIMITIVE_GROUP != I/O && IS_PRIMITIVE==1 && PRIMITIVE_LEVEL !=INTERNAL } -of_object [get_pins -leaf -filter {DIRECTION==IN} -of_objects [get_nets {Top_i/clk_wiz/inst/clk_out1}]]]
resize_pblock [get_pblocks {CLKAG_Top_i/clk_wiz/inst/clk_out1}] -add {CLOCKREGION_X0Y0:CLOCKREGION_X0Y0 CLOCKREGION_X0Y1:CLOCKREGION_X0Y1 CLOCKREGION_X0Y2:CLOCKREGION_X0Y2 CLOCKREGION_X0Y3:CLOCKREGION_X0Y3 CLOCKREGION_X0Y4:CLOCKREGION_X0Y4 CLOCKREGION_X1Y0:CLOCKREGION_X1Y0 CLOCKREGION_X1Y1:CLOCKREGION_X1Y1 CLOCKREGION_X1Y2:CLOCKREGION_X1Y2 CLOCKREGION_X1Y3:CLOCKREGION_X1Y3 CLOCKREGION_X1Y4:CLOCKREGION_X1Y4}
#endgroup
