Copyright 1986-2022 Xilinx, Inc. All Rights Reserved. Copyright 2022-2023 Advanced Micro Devices, Inc. All Rights Reserved.
-------------------------------------------------------------------------------------------------------------------------------------------------------
| Tool Version     : Vivado v.2023.1 (lin64) Build 3865809 Sun May  7 15:04:56 MDT 2023
| Date             : Wed Jan 14 23:03:08 2026
| Host             : cansu-pc running 64-bit Ubuntu 20.04.6 LTS
| Command          : report_power -file Top_wrapper_power_routed.rpt -pb Top_wrapper_power_summary_routed.pb -rpx Top_wrapper_power_routed.rpx
| Design           : Top_wrapper
| Device           : xc7a200tfbg484-2
| Design State     : routed
| Grade            : commercial
| Process          : typical
| Characterization : Production
-------------------------------------------------------------------------------------------------------------------------------------------------------

Power Report

Table of Contents
-----------------
1. Summary
1.1 On-Chip Components
1.2 Power Supply Summary
1.3 Confidence Level
2. Settings
2.1 Environment
2.2 Clock Constraints
3. Detailed Reports
3.1 By Hierarchy

1. Summary
----------

+--------------------------+--------------+
| Total On-Chip Power (W)  | 2.583        |
| Design Power Budget (W)  | Unspecified* |
| Power Budget Margin (W)  | NA           |
| Dynamic (W)              | 2.416        |
| Device Static (W)        | 0.168        |
| Effective TJA (C/W)      | 2.5          |
| Max Ambient (C)          | 78.6         |
| Junction Temperature (C) | 31.4         |
| Confidence Level         | Low          |
| Setting File             | ---          |
| Simulation Activity File | ---          |
| Design Nets Matched      | NA           |
+--------------------------+--------------+
* Specify Design Power Budget using, set_operating_conditions -design_power_budget <value in Watts>


1.1 On-Chip Components
----------------------

+--------------------------+-----------+----------+-----------+-----------------+
| On-Chip                  | Power (W) | Used     | Available | Utilization (%) |
+--------------------------+-----------+----------+-----------+-----------------+
| Clocks                   |     0.265 |       13 |       --- |             --- |
| Slice Logic              |     0.380 |   229733 |       --- |             --- |
|   LUT as Logic           |     0.299 |    70704 |    133800 |           52.84 |
|   CARRY4                 |     0.041 |     7142 |     33450 |           21.35 |
|   Register               |     0.033 |   132057 |    269200 |           49.06 |
|   LUT as Distributed RAM |     0.007 |     1925 |     46200 |            4.17 |
|   F7/F8 Muxes            |    <0.001 |     3082 |    133800 |            2.30 |
|   LUT as Shift Register  |    <0.001 |     1373 |     46200 |            2.97 |
|   BUFG                   |    <0.001 |        3 |        32 |            9.38 |
|   Others                 |     0.000 |     1513 |       --- |             --- |
| Signals                  |     0.509 |   198341 |       --- |             --- |
| Block RAM                |     0.312 |    272.5 |       365 |           74.66 |
| MMCM                     |     0.214 |        2 |        10 |           20.00 |
| I/O                      |    <0.001 |        4 |       285 |            1.40 |
| GTP                      |     0.676 |        4 |       --- |             --- |
| Hard IPs                 |     0.058 |        1 |       --- |             --- |
|   PCIE                   |     0.058 |        1 |         1 |          100.00 |
| Static Power             |     0.168 |          |           |                 |
| Total                    |     2.583 |          |           |                 |
+--------------------------+-----------+----------+-----------+-----------------+


1.2 Power Supply Summary
------------------------

+-----------+-------------+-----------+-------------+------------+-------------+-------------+------------+
| Source    | Voltage (V) | Total (A) | Dynamic (A) | Static (A) | Powerup (A) | Budget (A)  | Margin (A) |
+-----------+-------------+-----------+-------------+------------+-------------+-------------+------------+
| Vccint    |       1.000 |     1.645 |       1.600 |      0.046 |       NA    | Unspecified | NA         |
| Vccaux    |       1.800 |     0.149 |       0.118 |      0.031 |       NA    | Unspecified | NA         |
| Vcco33    |       3.300 |     0.005 |       0.000 |      0.005 |       NA    | Unspecified | NA         |
| Vcco25    |       2.500 |     0.000 |       0.000 |      0.000 |       NA    | Unspecified | NA         |
| Vcco18    |       1.800 |     0.000 |       0.000 |      0.000 |       NA    | Unspecified | NA         |
| Vcco15    |       1.500 |     0.000 |       0.000 |      0.000 |       NA    | Unspecified | NA         |
| Vcco135   |       1.350 |     0.000 |       0.000 |      0.000 |       NA    | Unspecified | NA         |
| Vcco12    |       1.200 |     0.000 |       0.000 |      0.000 |       NA    | Unspecified | NA         |
| Vccaux_io |       1.800 |     0.000 |       0.000 |      0.000 |       NA    | Unspecified | NA         |
| Vccbram   |       1.000 |     0.021 |       0.012 |      0.008 |       NA    | Unspecified | NA         |
| MGTAVcc   |       1.000 |     0.299 |       0.297 |      0.002 |       NA    | Unspecified | NA         |
| MGTAVtt   |       1.200 |     0.248 |       0.245 |      0.003 |       NA    | Unspecified | NA         |
| Vccadc    |       1.800 |     0.020 |       0.000 |      0.020 |       NA    | Unspecified | NA         |
+-----------+-------------+-----------+-------------+------------+-------------+-------------+------------+


1.3 Confidence Level
--------------------

+-----------------------------+------------+--------------------------------------------------------+------------------------------------------------------------------------------------------------------------+
| User Input Data             | Confidence | Details                                                | Action                                                                                                     |
+-----------------------------+------------+--------------------------------------------------------+------------------------------------------------------------------------------------------------------------+
| Design implementation state | High       | Design is routed                                       |                                                                                                            |
| Clock nodes activity        | High       | User specified more than 95% of clocks                 |                                                                                                            |
| I/O nodes activity          | Low        | More than 75% of inputs are missing user specification | Provide missing input activity with simulation results or by editing the "By Resource Type -> I/Os" view   |
| Internal nodes activity     | Medium     | User specified less than 25% of internal nodes         | Provide missing internal nodes activity with simulation results or by editing the "By Resource Type" views |
| Device models               | High       | Device models are Production                           |                                                                                                            |
|                             |            |                                                        |                                                                                                            |
| Overall confidence level    | Low        |                                                        |                                                                                                            |
+-----------------------------+------------+--------------------------------------------------------+------------------------------------------------------------------------------------------------------------+


2. Settings
-----------

2.1 Environment
---------------

+-----------------------+--------------------------+
| Ambient Temp (C)      | 25.0                     |
| ThetaJA (C/W)         | 2.5                      |
| Airflow (LFM)         | 250                      |
| Heat Sink             | medium (Medium Profile)  |
| ThetaSA (C/W)         | 4.2                      |
| Board Selection       | medium (10"x10")         |
| # of Board Layers     | 12to15 (12 to 15 Layers) |
| Board Temperature (C) | 25.0                     |
+-----------------------+--------------------------+


2.2 Clock Constraints
---------------------

+----------------------------+--------------------------------------------------------------------------------------------------------------------------------------------------------------+-----------------+
| Clock                      | Domain                                                                                                                                                       | Constraint (ns) |
+----------------------------+--------------------------------------------------------------------------------------------------------------------------------------------------------------+-----------------+
| Top_i/clk_wiz/inst/clk_in1 | Top_i/util_ds_buf/U0/IBUF_OUT[0]                                                                                                                             |            10.0 |
| clk_125mhz_mux_x0y0        | Top_i/xdma_0/inst/Top_xdma_0_0_pcie2_to_pcie3_wrapper_i/pcie2_ip_i/inst/inst/gt_top_i/pipe_wrapper_i/pipe_clock_int.pipe_clock_i/pclk_i1_bufgctrl.pclk_i1_0  |             4.0 |
| clk_125mhz_x0y0            | Top_i/xdma_0/inst/Top_xdma_0_0_pcie2_to_pcie3_wrapper_i/pcie2_ip_i/inst/inst/gt_top_i/pipe_wrapper_i/pipe_clock_int.pipe_clock_i/clk_125mhz                  |             8.0 |
| clk_250mhz_mux_x0y0        | Top_i/xdma_0/inst/Top_xdma_0_0_pcie2_to_pcie3_wrapper_i/pcie2_ip_i/inst/inst/gt_top_i/pipe_wrapper_i/pipe_clock_int.pipe_clock_i/pclk_i1_bufgctrl.pclk_i1_0  |             4.0 |
| clk_250mhz_x0y0            | Top_i/xdma_0/inst/Top_xdma_0_0_pcie2_to_pcie3_wrapper_i/pcie2_ip_i/inst/inst/gt_top_i/pipe_wrapper_i/pipe_clock_int.pipe_clock_i/clk_250mhz                  |             4.0 |
| clk_out1_Top_clk_wiz_1     | Top_i/clk_wiz/inst/clk_out1_Top_clk_wiz_1                                                                                                                    |            10.0 |
| clkfbout_Top_clk_wiz_1     | Top_i/clk_wiz/inst/clkfbout_Top_clk_wiz_1                                                                                                                    |            10.0 |
| mmcm_fb                    | Top_i/xdma_0/inst/Top_xdma_0_0_pcie2_to_pcie3_wrapper_i/pcie2_ip_i/inst/inst/gt_top_i/pipe_wrapper_i/pipe_clock_int.pipe_clock_i/mmcm_fb                     |            10.0 |
| txoutclk_x0y0              | Top_i/xdma_0/inst/Top_xdma_0_0_pcie2_to_pcie3_wrapper_i/pcie2_ip_i/inst/inst/gt_top_i/pipe_wrapper_i/pipe_lane[0].gt_wrapper_i/gtp_channel.gtpe2_channel_i_5 |            10.0 |
| userclk1                   | Top_i/xdma_0/inst/Top_xdma_0_0_pcie2_to_pcie3_wrapper_i/pcie2_ip_i/inst/inst/gt_top_i/pipe_wrapper_i/pipe_clock_int.pipe_clock_i/userclk1                    |             4.0 |
| userclk2                   | Top_i/xdma_0/inst/Top_xdma_0_0_pcie2_to_pcie3_wrapper_i/pcie2_ip_i/inst/inst/gt_top_i/pipe_wrapper_i/pipe_clock_int.pipe_clock_i/userclk2                    |             8.0 |
+----------------------------+--------------------------------------------------------------------------------------------------------------------------------------------------------------+-----------------+


3. Detailed Reports
-------------------

3.1 By Hierarchy
----------------

+------------------------+-----------+
| Name                   | Power (W) |
+------------------------+-----------+
| Top_wrapper            |     2.416 |
|   Top_i                |     2.415 |
|     axi_bram_ctrl_0    |     0.004 |
|       U0               |     0.004 |
|     axi_gpio_prog_Data |     0.005 |
|       U0               |     0.005 |
|     axi_interconnect_1 |     0.014 |
|       s00_couplers     |     0.014 |
|     blk_mem_gen_0      |     0.017 |
|       U0               |     0.017 |
|     clk_wiz            |     0.107 |
|       inst             |     0.107 |
|     multi_cores_top_0  |     1.071 |
|       inst             |     1.071 |
|     xdma_0             |     1.191 |
|       inst             |     1.191 |
|     xdma_0_axi_periph  |     0.004 |
|       s00_couplers     |     0.002 |
|       xbar             |     0.002 |
+------------------------+-----------+


