
*** Running vivado
    with args -log Top_clk_wiz_1.vds -m64 -product Vivado -mode batch -messageDb vivado.pb -notrace -source Top_clk_wiz_1.tcl


****** Vivado v2023.1 (64-bit)
  **** SW Build 3865809 on Sun May  7 15:04:56 MDT 2023
  **** IP Build 3864474 on Sun May  7 20:36:21 MDT 2023
  **** SharedData Build 3865790 on Sun May 07 13:33:03 MDT 2023
    ** Copyright 1986-2022 Xilinx, Inc. All Rights Reserved.
    ** Copyright 2022-2023 Advanced Micro Devices, Inc. All Rights Reserved.

source Top_clk_wiz_1.tcl -notrace
create_project: Time (s): cpu = 00:00:10 ; elapsed = 00:00:10 . Memory (MB): peak = 1336.746 ; gain = 0.023 ; free physical = 51186 ; free virtual = 57828
INFO: [IP_Flow 19-234] Refreshing IP repositories
INFO: [IP_Flow 19-1700] Loaded user IP repository '/home/cansu/ip_repo/axi_reg_1_0'.
WARNING: [IP_Flow 19-2207] Repository '/home/cansu/ip_repo/axi_reg_1_0' already exists; ignoring attempt to add it again.
INFO: [IP_Flow 19-1700] Loaded user IP repository '/home/cansu/ip_repo/axi_reg_1_0'.
WARNING: [IP_Flow 19-2248] Failed to load user IP repository '/home/cansu/bf_different_sizes/Desktop/NiteFury-and-LiteFury/Sample-Projects/Project-0/FPGA/Nitefury-II/ip_repo/myip_datagen_1_0'; Can't find the specified path.
If this directory should no longer be in your list of user repositories, go to the IP Settings dialog and remove it.
INFO: [IP_Flow 19-2313] Loaded Vivado IP repository '/tools/Xilinx/Vivado/2023.1/data/ip'.
INFO: [IP_Flow 19-6924] IPCACHE: Running cache check for IP inst: Top_clk_wiz_1
Command: synth_design -top Top_clk_wiz_1 -part xc7a200tfbg484-2 -incremental_mode off -mode out_of_context
Starting synth_design
Attempting to get a license for feature 'Synthesis' and/or device 'xc7a200t'
INFO: [Common 17-349] Got license for feature 'Synthesis' and/or device 'xc7a200t'
INFO: [Device 21-403] Loading part xc7a200tfbg484-2
INFO: [Synth 8-7079] Multithreading enabled for synth_design using a maximum of 4 processes.
INFO: [Synth 8-7078] Launching helper process for spawning children vivado processes
INFO: [Synth 8-7075] Helper process launched with PID 8852
---------------------------------------------------------------------------------
Starting RTL Elaboration : Time (s): cpu = 00:00:05 ; elapsed = 00:00:06 . Memory (MB): peak = 2062.297 ; gain = 377.801 ; free physical = 45836 ; free virtual = 52504
---------------------------------------------------------------------------------
INFO: [Synth 8-6157] synthesizing module 'Top_clk_wiz_1' [/home/cansu/project_4096/project_4096.gen/sources_1/bd/Top/ip/Top_clk_wiz_1/Top_clk_wiz_1.v:68]
INFO: [Synth 8-6157] synthesizing module 'Top_clk_wiz_1_clk_wiz' [/home/cansu/project_4096/project_4096.gen/sources_1/bd/Top/ip/Top_clk_wiz_1/Top_clk_wiz_1_clk_wiz.v:68]
INFO: [Synth 8-6157] synthesizing module 'IBUF' [/tools/Xilinx/Vivado/2023.1/scripts/rt/data/unisim_comp.v:71768]
INFO: [Synth 8-6155] done synthesizing module 'IBUF' (0#1) [/tools/Xilinx/Vivado/2023.1/scripts/rt/data/unisim_comp.v:71768]
INFO: [Synth 8-6157] synthesizing module 'MMCME2_ADV' [/tools/Xilinx/Vivado/2023.1/scripts/rt/data/unisim_comp.v:80311]
	Parameter BANDWIDTH bound to: OPTIMIZED - type: string 
	Parameter CLKFBOUT_MULT_F bound to: 10.000000 - type: double 
	Parameter CLKFBOUT_PHASE bound to: 0.000000 - type: double 
	Parameter CLKFBOUT_USE_FINE_PS bound to: FALSE - type: string 
	Parameter CLKIN1_PERIOD bound to: 10.000000 - type: double 
	Parameter CLKOUT0_DIVIDE_F bound to: 10.000000 - type: double 
	Parameter CLKOUT0_DUTY_CYCLE bound to: 0.500000 - type: double 
	Parameter CLKOUT0_PHASE bound to: 0.000000 - type: double 
	Parameter CLKOUT0_USE_FINE_PS bound to: FALSE - type: string 
	Parameter CLKOUT4_CASCADE bound to: FALSE - type: string 
	Parameter COMPENSATION bound to: ZHOLD - type: string 
	Parameter DIVCLK_DIVIDE bound to: 1 - type: integer 
	Parameter STARTUP_WAIT bound to: FALSE - type: string 
INFO: [Synth 8-6155] done synthesizing module 'MMCME2_ADV' (0#1) [/tools/Xilinx/Vivado/2023.1/scripts/rt/data/unisim_comp.v:80311]
INFO: [Synth 8-6157] synthesizing module 'BUFG' [/tools/Xilinx/Vivado/2023.1/scripts/rt/data/unisim_comp.v:1519]
INFO: [Synth 8-6155] done synthesizing module 'BUFG' (0#1) [/tools/Xilinx/Vivado/2023.1/scripts/rt/data/unisim_comp.v:1519]
INFO: [Synth 8-6155] done synthesizing module 'Top_clk_wiz_1_clk_wiz' (0#1) [/home/cansu/project_4096/project_4096.gen/sources_1/bd/Top/ip/Top_clk_wiz_1/Top_clk_wiz_1_clk_wiz.v:68]
INFO: [Synth 8-6155] done synthesizing module 'Top_clk_wiz_1' (0#1) [/home/cansu/project_4096/project_4096.gen/sources_1/bd/Top/ip/Top_clk_wiz_1/Top_clk_wiz_1.v:68]
---------------------------------------------------------------------------------
Finished RTL Elaboration : Time (s): cpu = 00:00:06 ; elapsed = 00:00:07 . Memory (MB): peak = 2132.203 ; gain = 447.707 ; free physical = 45560 ; free virtual = 52230
---------------------------------------------------------------------------------
---------------------------------------------------------------------------------
Start Handling Custom Attributes
---------------------------------------------------------------------------------
---------------------------------------------------------------------------------
Finished Handling Custom Attributes : Time (s): cpu = 00:00:06 ; elapsed = 00:00:07 . Memory (MB): peak = 2147.047 ; gain = 462.551 ; free physical = 45540 ; free virtual = 52211
---------------------------------------------------------------------------------
---------------------------------------------------------------------------------
Finished RTL Optimization Phase 1 : Time (s): cpu = 00:00:06 ; elapsed = 00:00:07 . Memory (MB): peak = 2147.047 ; gain = 462.551 ; free physical = 45540 ; free virtual = 52211
---------------------------------------------------------------------------------
Netlist sorting complete. Time (s): cpu = 00:00:00 ; elapsed = 00:00:00 . Memory (MB): peak = 2150.016 ; gain = 0.000 ; free physical = 45529 ; free virtual = 52199
INFO: [Netlist 29-17] Analyzing 1 Unisim elements for replacement
INFO: [Netlist 29-28] Unisim Transformation completed in 0 CPU seconds
INFO: [Project 1-570] Preparing netlist for logic optimization

Processing XDC Constraints
Initializing timing engine
Parsing XDC File [/home/cansu/project_4096/project_4096.gen/sources_1/bd/Top/ip/Top_clk_wiz_1/Top_clk_wiz_1_ooc.xdc] for cell 'inst'
Finished Parsing XDC File [/home/cansu/project_4096/project_4096.gen/sources_1/bd/Top/ip/Top_clk_wiz_1/Top_clk_wiz_1_ooc.xdc] for cell 'inst'
Parsing XDC File [/home/cansu/project_4096/project_4096.gen/sources_1/bd/Top/ip/Top_clk_wiz_1/Top_clk_wiz_1_board.xdc] for cell 'inst'
Finished Parsing XDC File [/home/cansu/project_4096/project_4096.gen/sources_1/bd/Top/ip/Top_clk_wiz_1/Top_clk_wiz_1_board.xdc] for cell 'inst'
Parsing XDC File [/home/cansu/project_4096/project_4096.gen/sources_1/bd/Top/ip/Top_clk_wiz_1/Top_clk_wiz_1.xdc] for cell 'inst'
Finished Parsing XDC File [/home/cansu/project_4096/project_4096.gen/sources_1/bd/Top/ip/Top_clk_wiz_1/Top_clk_wiz_1.xdc] for cell 'inst'
INFO: [Project 1-236] Implementation specific constraints were found while reading constraint file [/home/cansu/project_4096/project_4096.gen/sources_1/bd/Top/ip/Top_clk_wiz_1/Top_clk_wiz_1.xdc]. These constraints will be ignored for synthesis but will be used in implementation. Impacted constraints are listed in the file [.Xil/Top_clk_wiz_1_propImpl.xdc].
Resolution: To avoid this warning, move constraints listed in [.Xil/Top_clk_wiz_1_propImpl.xdc] to another XDC file and exclude this new file from synthesis with the used_in_synthesis property (File Properties dialog in GUI) and re-run elaboration/synthesis.
INFO: [Timing 38-2] Deriving generated clocks
Parsing XDC File [/home/cansu/project_4096/project_4096.runs/Top_clk_wiz_1_synth_1/dont_touch.xdc]
Finished Parsing XDC File [/home/cansu/project_4096/project_4096.runs/Top_clk_wiz_1_synth_1/dont_touch.xdc]
Completed Processing XDC Constraints

Netlist sorting complete. Time (s): cpu = 00:00:00 ; elapsed = 00:00:00 . Memory (MB): peak = 2219.984 ; gain = 0.000 ; free physical = 45297 ; free virtual = 51982
INFO: [Project 1-111] Unisim Transformation Summary:
No Unisim elements were transformed.

Constraint Validation Runtime : Time (s): cpu = 00:00:00.01 ; elapsed = 00:00:00.02 . Memory (MB): peak = 2219.984 ; gain = 0.000 ; free physical = 45296 ; free virtual = 51981
INFO: [Designutils 20-5008] Incremental synthesis strategy off
---------------------------------------------------------------------------------
Finished Constraint Validation : Time (s): cpu = 00:00:16 ; elapsed = 00:00:16 . Memory (MB): peak = 2219.984 ; gain = 535.488 ; free physical = 45004 ; free virtual = 51701
---------------------------------------------------------------------------------
---------------------------------------------------------------------------------
Start Loading Part and Timing Information
---------------------------------------------------------------------------------
Loading part: xc7a200tfbg484-2
---------------------------------------------------------------------------------
Finished Loading Part and Timing Information : Time (s): cpu = 00:00:16 ; elapsed = 00:00:16 . Memory (MB): peak = 2219.984 ; gain = 535.488 ; free physical = 45004 ; free virtual = 51701
---------------------------------------------------------------------------------
---------------------------------------------------------------------------------
Start Applying 'set_property' XDC Constraints
---------------------------------------------------------------------------------
Applied set_property KEEP_HIERARCHY = SOFT for inst. (constraint file  /home/cansu/project_4096/project_4096.runs/Top_clk_wiz_1_synth_1/dont_touch.xdc, line 9).
---------------------------------------------------------------------------------
Finished applying 'set_property' XDC Constraints : Time (s): cpu = 00:00:16 ; elapsed = 00:00:16 . Memory (MB): peak = 2219.984 ; gain = 535.488 ; free physical = 45004 ; free virtual = 51700
---------------------------------------------------------------------------------
---------------------------------------------------------------------------------
Finished RTL Optimization Phase 2 : Time (s): cpu = 00:00:16 ; elapsed = 00:00:16 . Memory (MB): peak = 2219.984 ; gain = 535.488 ; free physical = 44993 ; free virtual = 51690
---------------------------------------------------------------------------------
---------------------------------------------------------------------------------
Start RTL Component Statistics 
---------------------------------------------------------------------------------
Detailed RTL Component Info : 
---------------------------------------------------------------------------------
Finished RTL Component Statistics 
---------------------------------------------------------------------------------
---------------------------------------------------------------------------------
Start Part Resource Summary
---------------------------------------------------------------------------------
Part Resources:
DSPs: 740 (col length:100)
BRAMs: 730 (col length: RAMB18 100 RAMB36 50)
---------------------------------------------------------------------------------
Finished Part Resource Summary
---------------------------------------------------------------------------------
---------------------------------------------------------------------------------
Start Cross Boundary and Area Optimization
---------------------------------------------------------------------------------
WARNING: [Synth 8-7080] Parallel synthesis criteria is not met
---------------------------------------------------------------------------------
Finished Cross Boundary and Area Optimization : Time (s): cpu = 00:00:17 ; elapsed = 00:00:18 . Memory (MB): peak = 2219.984 ; gain = 535.488 ; free physical = 44964 ; free virtual = 51662
---------------------------------------------------------------------------------
---------------------------------------------------------------------------------
Start Applying XDC Timing Constraints
---------------------------------------------------------------------------------
---------------------------------------------------------------------------------
Finished Applying XDC Timing Constraints : Time (s): cpu = 00:00:22 ; elapsed = 00:00:23 . Memory (MB): peak = 2219.984 ; gain = 535.488 ; free physical = 45093 ; free virtual = 51797
---------------------------------------------------------------------------------
---------------------------------------------------------------------------------
Start Timing Optimization
---------------------------------------------------------------------------------
---------------------------------------------------------------------------------
Finished Timing Optimization : Time (s): cpu = 00:00:22 ; elapsed = 00:00:23 . Memory (MB): peak = 2219.984 ; gain = 535.488 ; free physical = 45093 ; free virtual = 51797
---------------------------------------------------------------------------------
---------------------------------------------------------------------------------
Start Technology Mapping
---------------------------------------------------------------------------------
---------------------------------------------------------------------------------
Finished Technology Mapping : Time (s): cpu = 00:00:22 ; elapsed = 00:00:23 . Memory (MB): peak = 2219.984 ; gain = 535.488 ; free physical = 45093 ; free virtual = 51797
---------------------------------------------------------------------------------
---------------------------------------------------------------------------------
Start IO Insertion
---------------------------------------------------------------------------------
---------------------------------------------------------------------------------
Start Flattening Before IO Insertion
---------------------------------------------------------------------------------
---------------------------------------------------------------------------------
Finished Flattening Before IO Insertion
---------------------------------------------------------------------------------
---------------------------------------------------------------------------------
Start Final Netlist Cleanup
---------------------------------------------------------------------------------
---------------------------------------------------------------------------------
Finished Final Netlist Cleanup
---------------------------------------------------------------------------------
---------------------------------------------------------------------------------
Finished IO Insertion : Time (s): cpu = 00:00:25 ; elapsed = 00:00:26 . Memory (MB): peak = 2219.984 ; gain = 535.488 ; free physical = 45089 ; free virtual = 51792
---------------------------------------------------------------------------------
---------------------------------------------------------------------------------
Start Renaming Generated Instances
---------------------------------------------------------------------------------
---------------------------------------------------------------------------------
Finished Renaming Generated Instances : Time (s): cpu = 00:00:25 ; elapsed = 00:00:26 . Memory (MB): peak = 2219.984 ; gain = 535.488 ; free physical = 45089 ; free virtual = 51792
---------------------------------------------------------------------------------
---------------------------------------------------------------------------------
Start Rebuilding User Hierarchy
---------------------------------------------------------------------------------
---------------------------------------------------------------------------------
Finished Rebuilding User Hierarchy : Time (s): cpu = 00:00:25 ; elapsed = 00:00:26 . Memory (MB): peak = 2219.984 ; gain = 535.488 ; free physical = 45089 ; free virtual = 51792
---------------------------------------------------------------------------------
---------------------------------------------------------------------------------
Start Renaming Generated Ports
---------------------------------------------------------------------------------
---------------------------------------------------------------------------------
Finished Renaming Generated Ports : Time (s): cpu = 00:00:25 ; elapsed = 00:00:26 . Memory (MB): peak = 2219.984 ; gain = 535.488 ; free physical = 45089 ; free virtual = 51792
---------------------------------------------------------------------------------
---------------------------------------------------------------------------------
Start Handling Custom Attributes
---------------------------------------------------------------------------------
---------------------------------------------------------------------------------
Finished Handling Custom Attributes : Time (s): cpu = 00:00:25 ; elapsed = 00:00:26 . Memory (MB): peak = 2219.984 ; gain = 535.488 ; free physical = 45089 ; free virtual = 51792
---------------------------------------------------------------------------------
---------------------------------------------------------------------------------
Start Renaming Generated Nets
---------------------------------------------------------------------------------
---------------------------------------------------------------------------------
Finished Renaming Generated Nets : Time (s): cpu = 00:00:25 ; elapsed = 00:00:26 . Memory (MB): peak = 2219.984 ; gain = 535.488 ; free physical = 45089 ; free virtual = 51792
---------------------------------------------------------------------------------
---------------------------------------------------------------------------------
Start Writing Synthesis Report
---------------------------------------------------------------------------------

Report BlackBoxes: 
+-+--------------+----------+
| |BlackBox name |Instances |
+-+--------------+----------+
+-+--------------+----------+

Report Cell Usage: 
+------+-----------+------+
|      |Cell       |Count |
+------+-----------+------+
|1     |BUFG       |     2|
|2     |MMCME2_ADV |     1|
|3     |IBUF       |     1|
+------+-----------+------+
---------------------------------------------------------------------------------
Finished Writing Synthesis Report : Time (s): cpu = 00:00:25 ; elapsed = 00:00:26 . Memory (MB): peak = 2219.984 ; gain = 535.488 ; free physical = 45089 ; free virtual = 51792
---------------------------------------------------------------------------------
Synthesis finished with 0 errors, 0 critical warnings and 1 warnings.
Synthesis Optimization Runtime : Time (s): cpu = 00:00:22 ; elapsed = 00:00:23 . Memory (MB): peak = 2219.984 ; gain = 462.551 ; free physical = 45089 ; free virtual = 51792
Synthesis Optimization Complete : Time (s): cpu = 00:00:25 ; elapsed = 00:00:26 . Memory (MB): peak = 2219.984 ; gain = 535.488 ; free physical = 45089 ; free virtual = 51792
INFO: [Project 1-571] Translating synthesized netlist
Netlist sorting complete. Time (s): cpu = 00:00:00 ; elapsed = 00:00:00 . Memory (MB): peak = 2219.984 ; gain = 0.000 ; free physical = 45089 ; free virtual = 51792
INFO: [Netlist 29-17] Analyzing 1 Unisim elements for replacement
INFO: [Netlist 29-28] Unisim Transformation completed in 0 CPU seconds
INFO: [Project 1-570] Preparing netlist for logic optimization
INFO: [Opt 31-138] Pushed 0 inverter(s) to 0 load pin(s).
Netlist sorting complete. Time (s): cpu = 00:00:00 ; elapsed = 00:00:00 . Memory (MB): peak = 2219.984 ; gain = 0.000 ; free physical = 45363 ; free virtual = 52066
INFO: [Project 1-111] Unisim Transformation Summary:
No Unisim elements were transformed.

Synth Design complete | Checksum: 660485d5
INFO: [Common 17-83] Releasing license: Synthesis
34 Infos, 3 Warnings, 0 Critical Warnings and 0 Errors encountered.
synth_design completed successfully
synth_design: Time (s): cpu = 00:00:32 ; elapsed = 00:00:30 . Memory (MB): peak = 2219.984 ; gain = 883.238 ; free physical = 45362 ; free virtual = 52065
INFO: [Common 17-2834] synth_design peak Physical Memory [PSS] (MB): overall = 1601.514; main = 1302.412; forked = 304.110
INFO: [Common 17-2834] synth_design peak Virtual Memory [VSS] (MB): overall = 3163.793; main = 2187.973; forked = 975.820
INFO: [Common 17-1381] The checkpoint '/home/cansu/project_4096/project_4096.runs/Top_clk_wiz_1_synth_1/Top_clk_wiz_1.dcp' has been generated.
INFO: [Coretcl 2-1648] Added synthesis output to IP cache for IP Top_clk_wiz_1, cache-ID = e780c6a3462f64cb
INFO: [Common 17-1381] The checkpoint '/home/cansu/project_4096/project_4096.runs/Top_clk_wiz_1_synth_1/Top_clk_wiz_1.dcp' has been generated.
INFO: [runtcl-4] Executing : report_utilization -file Top_clk_wiz_1_utilization_synth.rpt -pb Top_clk_wiz_1_utilization_synth.pb
INFO: [Common 17-206] Exiting Vivado at Wed Dec 31 00:57:20 2025...
