
*** Running vivado
    with args -log Top_multi_cores_top_0_0.vds -m64 -product Vivado -mode batch -messageDb vivado.pb -notrace -source Top_multi_cores_top_0_0.tcl


****** Vivado v2023.1 (64-bit)
  **** SW Build 3865809 on Sun May  7 15:04:56 MDT 2023
  **** IP Build 3864474 on Sun May  7 20:36:21 MDT 2023
  **** SharedData Build 3865790 on Sun May 07 13:33:03 MDT 2023
    ** Copyright 1986-2022 Xilinx, Inc. All Rights Reserved.
    ** Copyright 2022-2023 Advanced Micro Devices, Inc. All Rights Reserved.

source Top_multi_cores_top_0_0.tcl -notrace
create_project: Time (s): cpu = 00:00:10 ; elapsed = 00:00:10 . Memory (MB): peak = 1280.598 ; gain = 4.023 ; free physical = 46745 ; free virtual = 54419
INFO: [IP_Flow 19-234] Refreshing IP repositories
INFO: [IP_Flow 19-1700] Loaded user IP repository '/home/cansu/ip_repo/axi_reg_1_0'.
WARNING: [IP_Flow 19-2207] Repository '/home/cansu/ip_repo/axi_reg_1_0' already exists; ignoring attempt to add it again.
INFO: [IP_Flow 19-1700] Loaded user IP repository '/home/cansu/ip_repo/axi_reg_1_0'.
WARNING: [IP_Flow 19-2248] Failed to load user IP repository '/home/cansu/bf_different_sizes/Desktop/NiteFury-and-LiteFury/Sample-Projects/Project-0/FPGA/Nitefury-II/ip_repo/myip_datagen_1_0'; Can't find the specified path.
If this directory should no longer be in your list of user repositories, go to the IP Settings dialog and remove it.
INFO: [IP_Flow 19-2313] Loaded Vivado IP repository '/tools/Xilinx/Vivado/2023.1/data/ip'.
INFO: [IP_Flow 19-6924] IPCACHE: Running cache check for IP inst: Top_multi_cores_top_0_0
Command: synth_design -top Top_multi_cores_top_0_0 -part xc7a200tfbg484-2 -incremental_mode off -mode out_of_context
Starting synth_design
Attempting to get a license for feature 'Synthesis' and/or device 'xc7a200t'
INFO: [Common 17-349] Got license for feature 'Synthesis' and/or device 'xc7a200t'
INFO: [Device 21-403] Loading part xc7a200tfbg484-2
INFO: [Synth 8-7079] Multithreading enabled for synth_design using a maximum of 4 processes.
INFO: [Synth 8-7078] Launching helper process for spawning children vivado processes
INFO: [Synth 8-7075] Helper process launched with PID 21160
---------------------------------------------------------------------------------
Starting RTL Elaboration : Time (s): cpu = 00:00:03 ; elapsed = 00:00:03 . Memory (MB): peak = 2062.719 ; gain = 379.770 ; free physical = 43801 ; free virtual = 51466
---------------------------------------------------------------------------------
INFO: [Synth 8-6157] synthesizing module 'Top_multi_cores_top_0_0' [/home/cansu/project_32768/project_32768.gen/sources_1/bd/Top/ip/Top_multi_cores_top_0_0/synth/Top_multi_cores_top_0_0.v:53]
INFO: [Synth 8-6157] synthesizing module 'multi_cores_top' [/home/cansu/project_32768/project_32768.srcs/sources_1/imports/sources/multi_pipeline.v:1]
INFO: [Synth 8-6157] synthesizing module 'hash_pipeline' [/home/cansu/project_32768/project_32768.srcs/sources_1/imports/sources/hash_pipeline.sv:1]
INFO: [Synth 8-6157] synthesizing module 'pwd_generator' [/home/cansu/project_32768/project_32768.srcs/sources_1/imports/sources/pwd_generator.sv:1]
INFO: [Synth 8-6155] done synthesizing module 'pwd_generator' (0#1) [/home/cansu/project_32768/project_32768.srcs/sources_1/imports/sources/pwd_generator.sv:1]
INFO: [Synth 8-6157] synthesizing module 'md4_top' [/home/cansu/project_32768/project_32768.srcs/sources_1/imports/sources/md4_top.sv:1]
INFO: [Synth 8-6157] synthesizing module 'md4_PE' [/home/cansu/project_32768/project_32768.srcs/sources_1/new/md4_PE.sv:1]
INFO: [Synth 8-155] case statement is not full and has no default [/home/cansu/project_32768/project_32768.srcs/sources_1/new/md4_PE.sv:82]
INFO: [Synth 8-155] case statement is not full and has no default [/home/cansu/project_32768/project_32768.srcs/sources_1/new/md4_PE.sv:119]
INFO: [Synth 8-6155] done synthesizing module 'md4_PE' (0#1) [/home/cansu/project_32768/project_32768.srcs/sources_1/new/md4_PE.sv:1]
INFO: [Synth 8-6155] done synthesizing module 'md4_top' (0#1) [/home/cansu/project_32768/project_32768.srcs/sources_1/imports/sources/md4_top.sv:1]
INFO: [Synth 8-6155] done synthesizing module 'hash_pipeline' (0#1) [/home/cansu/project_32768/project_32768.srcs/sources_1/imports/sources/hash_pipeline.sv:1]
INFO: [Synth 8-6157] synthesizing module 'bloom_bram_lookup' [/home/cansu/project_32768/project_32768.srcs/sources_1/new/bloom_bram_lookup.v:1]
INFO: [Synth 8-6155] done synthesizing module 'bloom_bram_lookup' (0#1) [/home/cansu/project_32768/project_32768.srcs/sources_1/new/bloom_bram_lookup.v:1]
INFO: [Synth 8-226] default block is never used [/home/cansu/project_32768/project_32768.srcs/sources_1/imports/sources/multi_pipeline.v:95]
INFO: [Synth 8-6155] done synthesizing module 'multi_cores_top' (0#1) [/home/cansu/project_32768/project_32768.srcs/sources_1/imports/sources/multi_pipeline.v:1]
INFO: [Synth 8-6155] done synthesizing module 'Top_multi_cores_top_0_0' (0#1) [/home/cansu/project_32768/project_32768.gen/sources_1/bd/Top/ip/Top_multi_cores_top_0_0/synth/Top_multi_cores_top_0_0.v:53]
WARNING: [Synth 8-7129] Port number_of_hashes[3] in module hash_pipeline is either unconnected or has no load
WARNING: [Synth 8-7129] Port number_of_hashes[2] in module hash_pipeline is either unconnected or has no load
WARNING: [Synth 8-7129] Port number_of_hashes[1] in module hash_pipeline is either unconnected or has no load
WARNING: [Synth 8-7129] Port number_of_hashes[0] in module hash_pipeline is either unconnected or has no load
---------------------------------------------------------------------------------
Finished RTL Elaboration : Time (s): cpu = 00:00:05 ; elapsed = 00:00:05 . Memory (MB): peak = 2145.656 ; gain = 462.707 ; free physical = 43522 ; free virtual = 51210
---------------------------------------------------------------------------------
---------------------------------------------------------------------------------
Start Handling Custom Attributes
---------------------------------------------------------------------------------
---------------------------------------------------------------------------------
Finished Handling Custom Attributes : Time (s): cpu = 00:00:05 ; elapsed = 00:00:05 . Memory (MB): peak = 2160.500 ; gain = 477.551 ; free physical = 43520 ; free virtual = 51208
---------------------------------------------------------------------------------
---------------------------------------------------------------------------------
Finished RTL Optimization Phase 1 : Time (s): cpu = 00:00:05 ; elapsed = 00:00:05 . Memory (MB): peak = 2160.500 ; gain = 477.551 ; free physical = 43520 ; free virtual = 51208
---------------------------------------------------------------------------------
Netlist sorting complete. Time (s): cpu = 00:00:03 ; elapsed = 00:00:03 . Memory (MB): peak = 2395.031 ; gain = 7.000 ; free physical = 43005 ; free virtual = 50789
INFO: [Project 1-570] Preparing netlist for logic optimization

Processing XDC Constraints
Initializing timing engine
Completed Processing XDC Constraints

Netlist sorting complete. Time (s): cpu = 00:00:00.01 ; elapsed = 00:00:00.02 . Memory (MB): peak = 3113.547 ; gain = 0.000 ; free physical = 44236 ; free virtual = 52022
INFO: [Project 1-111] Unisim Transformation Summary:
No Unisim elements were transformed.

Constraint Validation Runtime : Time (s): cpu = 00:00:12 ; elapsed = 00:00:02 . Memory (MB): peak = 3270.391 ; gain = 156.844 ; free physical = 45736 ; free virtual = 53523
INFO: [Designutils 20-5008] Incremental synthesis strategy off
---------------------------------------------------------------------------------
Finished Constraint Validation : Time (s): cpu = 00:01:00 ; elapsed = 00:00:34 . Memory (MB): peak = 3270.391 ; gain = 1587.441 ; free physical = 46914 ; free virtual = 54740
---------------------------------------------------------------------------------
---------------------------------------------------------------------------------
Start Loading Part and Timing Information
---------------------------------------------------------------------------------
Loading part: xc7a200tfbg484-2
---------------------------------------------------------------------------------
Finished Loading Part and Timing Information : Time (s): cpu = 00:01:00 ; elapsed = 00:00:34 . Memory (MB): peak = 3270.391 ; gain = 1587.441 ; free physical = 46914 ; free virtual = 54740
---------------------------------------------------------------------------------
---------------------------------------------------------------------------------
Start Applying 'set_property' XDC Constraints
---------------------------------------------------------------------------------
---------------------------------------------------------------------------------
Finished applying 'set_property' XDC Constraints : Time (s): cpu = 00:01:00 ; elapsed = 00:00:34 . Memory (MB): peak = 3270.391 ; gain = 1587.441 ; free physical = 46914 ; free virtual = 54740
---------------------------------------------------------------------------------
INFO: [Synth 8-802] inferred FSM for state register 'state_reg' in module 'pwd_generator'
---------------------------------------------------------------------------------------------------
                   State |                     New Encoding |                Previous Encoding 
---------------------------------------------------------------------------------------------------
                    IDLE |                              001 |                               00
                     GEN |                              010 |                               01
                    DONE |                              100 |                               10
---------------------------------------------------------------------------------------------------
INFO: [Synth 8-3354] encoded FSM with state register 'state_reg' using encoding 'one-hot' in module 'pwd_generator'
INFO: [Synth 8-3971] The signal "bloom_bram_lookup:/mem_reg" was recognized as a true dual port RAM template.
---------------------------------------------------------------------------------
Finished RTL Optimization Phase 2 : Time (s): cpu = 00:01:01 ; elapsed = 00:00:35 . Memory (MB): peak = 3270.391 ; gain = 1587.441 ; free physical = 46963 ; free virtual = 54756
---------------------------------------------------------------------------------
---------------------------------------------------------------------------------
Start RTL Component Statistics 
---------------------------------------------------------------------------------
Detailed RTL Component Info : 
+---Adders : 
	   2 Input   32 Bit       Adders := 64    
	   4 Input   32 Bit       Adders := 768   
	   2 Input   10 Bit       Adders := 1     
	   2 Input    9 Bit       Adders := 1     
	   2 Input    7 Bit       Adders := 64    
	   2 Input    6 Bit       Adders := 768   
	   2 Input    3 Bit       Adders := 16    
+---XORs : 
	   3 Input     32 Bit         XORs := 768   
+---Registers : 
	              128 Bit    Registers := 16    
	               64 Bit    Registers := 481   
	               35 Bit    Registers := 896   
	               32 Bit    Registers := 3072  
	               16 Bit    Registers := 1     
	               15 Bit    Registers := 256   
	               10 Bit    Registers := 2     
	                9 Bit    Registers := 1     
	                7 Bit    Registers := 64    
	                6 Bit    Registers := 720   
	                4 Bit    Registers := 16    
	                3 Bit    Registers := 16    
	                1 Bit    Registers := 1747  
+---RAMs : 
	              32K Bit	(512 X 64 bit)          RAMs := 16    
+---Muxes : 
	   2 Input   64 Bit        Muxes := 1     
	   4 Input   64 Bit        Muxes := 1     
	   3 Input   35 Bit        Muxes := 16    
	   2 Input   35 Bit        Muxes := 16    
	   4 Input   32 Bit        Muxes := 768   
	   9 Input   32 Bit        Muxes := 768   
	   4 Input   31 Bit        Muxes := 768   
	   2 Input    7 Bit        Muxes := 112   
	   3 Input    7 Bit        Muxes := 64    
	   7 Input    5 Bit        Muxes := 768   
	   4 Input    4 Bit        Muxes := 2304  
	   9 Input    4 Bit        Muxes := 768   
	   3 Input    3 Bit        Muxes := 32    
	   2 Input    3 Bit        Muxes := 16    
	   2 Input    1 Bit        Muxes := 34    
	   3 Input    1 Bit        Muxes := 81    
---------------------------------------------------------------------------------
Finished RTL Component Statistics 
---------------------------------------------------------------------------------
---------------------------------------------------------------------------------
Start Part Resource Summary
---------------------------------------------------------------------------------
Part Resources:
DSPs: 740 (col length:100)
BRAMs: 730 (col length: RAMB18 100 RAMB36 50)
---------------------------------------------------------------------------------
Finished Part Resource Summary
---------------------------------------------------------------------------------
---------------------------------------------------------------------------------
Start Cross Boundary and Area Optimization
---------------------------------------------------------------------------------
INFO: [Synth 8-3917] design Top_multi_cores_top_0_0 has port bram_addrb[31] driven by constant 0
INFO: [Synth 8-3917] design Top_multi_cores_top_0_0 has port bram_addrb[30] driven by constant 0
INFO: [Synth 8-3917] design Top_multi_cores_top_0_0 has port bram_addrb[29] driven by constant 0
INFO: [Synth 8-3917] design Top_multi_cores_top_0_0 has port bram_addrb[28] driven by constant 0
INFO: [Synth 8-3917] design Top_multi_cores_top_0_0 has port bram_addrb[27] driven by constant 0
INFO: [Synth 8-3917] design Top_multi_cores_top_0_0 has port bram_addrb[26] driven by constant 0
INFO: [Synth 8-3917] design Top_multi_cores_top_0_0 has port bram_addrb[25] driven by constant 0
INFO: [Synth 8-3917] design Top_multi_cores_top_0_0 has port bram_addrb[24] driven by constant 0
INFO: [Synth 8-3917] design Top_multi_cores_top_0_0 has port bram_addrb[23] driven by constant 0
INFO: [Synth 8-3917] design Top_multi_cores_top_0_0 has port bram_addrb[22] driven by constant 0
INFO: [Synth 8-3917] design Top_multi_cores_top_0_0 has port bram_addrb[21] driven by constant 0
INFO: [Synth 8-3917] design Top_multi_cores_top_0_0 has port bram_addrb[20] driven by constant 0
INFO: [Synth 8-3917] design Top_multi_cores_top_0_0 has port bram_addrb[19] driven by constant 0
INFO: [Synth 8-3917] design Top_multi_cores_top_0_0 has port bram_addrb[18] driven by constant 0
INFO: [Synth 8-3917] design Top_multi_cores_top_0_0 has port bram_addrb[17] driven by constant 0
INFO: [Synth 8-3917] design Top_multi_cores_top_0_0 has port bram_addrb[16] driven by constant 0
INFO: [Synth 8-3917] design Top_multi_cores_top_0_0 has port bram_addrb[15] driven by constant 0
INFO: [Synth 8-3917] design Top_multi_cores_top_0_0 has port bram_addrb[14] driven by constant 0
INFO: [Synth 8-3917] design Top_multi_cores_top_0_0 has port bram_dinb[126] driven by constant 0
INFO: [Synth 8-3917] design Top_multi_cores_top_0_0 has port bram_dinb[125] driven by constant 0
INFO: [Synth 8-3917] design Top_multi_cores_top_0_0 has port bram_dinb[124] driven by constant 0
INFO: [Synth 8-3917] design Top_multi_cores_top_0_0 has port bram_dinb[123] driven by constant 0
INFO: [Synth 8-3917] design Top_multi_cores_top_0_0 has port bram_dinb[122] driven by constant 0
INFO: [Synth 8-3917] design Top_multi_cores_top_0_0 has port bram_dinb[121] driven by constant 0
INFO: [Synth 8-3917] design Top_multi_cores_top_0_0 has port bram_dinb[120] driven by constant 0
INFO: [Synth 8-3917] design Top_multi_cores_top_0_0 has port bram_dinb[119] driven by constant 0
INFO: [Synth 8-3917] design Top_multi_cores_top_0_0 has port bram_dinb[118] driven by constant 0
INFO: [Synth 8-3917] design Top_multi_cores_top_0_0 has port bram_dinb[117] driven by constant 0
INFO: [Synth 8-3917] design Top_multi_cores_top_0_0 has port bram_dinb[116] driven by constant 0
INFO: [Synth 8-3917] design Top_multi_cores_top_0_0 has port bram_dinb[115] driven by constant 0
INFO: [Synth 8-3917] design Top_multi_cores_top_0_0 has port bram_dinb[114] driven by constant 0
INFO: [Synth 8-3917] design Top_multi_cores_top_0_0 has port bram_dinb[113] driven by constant 0
INFO: [Synth 8-3917] design Top_multi_cores_top_0_0 has port bram_dinb[112] driven by constant 0
INFO: [Synth 8-3917] design Top_multi_cores_top_0_0 has port bram_dinb[111] driven by constant 0
INFO: [Synth 8-3917] design Top_multi_cores_top_0_0 has port bram_dinb[110] driven by constant 0
INFO: [Synth 8-3917] design Top_multi_cores_top_0_0 has port bram_dinb[109] driven by constant 0
INFO: [Synth 8-3917] design Top_multi_cores_top_0_0 has port bram_dinb[108] driven by constant 0
INFO: [Synth 8-3917] design Top_multi_cores_top_0_0 has port bram_dinb[107] driven by constant 0
INFO: [Synth 8-3917] design Top_multi_cores_top_0_0 has port bram_dinb[106] driven by constant 0
INFO: [Synth 8-3917] design Top_multi_cores_top_0_0 has port bram_dinb[105] driven by constant 0
INFO: [Synth 8-3917] design Top_multi_cores_top_0_0 has port bram_dinb[104] driven by constant 0
INFO: [Synth 8-3917] design Top_multi_cores_top_0_0 has port bram_dinb[103] driven by constant 0
INFO: [Synth 8-3917] design Top_multi_cores_top_0_0 has port bram_dinb[102] driven by constant 0
INFO: [Synth 8-3917] design Top_multi_cores_top_0_0 has port bram_dinb[101] driven by constant 0
INFO: [Synth 8-3917] design Top_multi_cores_top_0_0 has port bram_dinb[100] driven by constant 0
INFO: [Synth 8-3917] design Top_multi_cores_top_0_0 has port bram_dinb[99] driven by constant 0
INFO: [Synth 8-3917] design Top_multi_cores_top_0_0 has port bram_dinb[98] driven by constant 0
INFO: [Synth 8-3917] design Top_multi_cores_top_0_0 has port bram_dinb[97] driven by constant 0
INFO: [Synth 8-3917] design Top_multi_cores_top_0_0 has port bram_dinb[96] driven by constant 0
INFO: [Synth 8-3917] design Top_multi_cores_top_0_0 has port bram_dinb[95] driven by constant 0
INFO: [Synth 8-3917] design Top_multi_cores_top_0_0 has port bram_dinb[94] driven by constant 0
INFO: [Synth 8-3917] design Top_multi_cores_top_0_0 has port bram_dinb[93] driven by constant 0
INFO: [Synth 8-3917] design Top_multi_cores_top_0_0 has port bram_dinb[92] driven by constant 0
INFO: [Synth 8-3917] design Top_multi_cores_top_0_0 has port bram_dinb[91] driven by constant 0
INFO: [Synth 8-3917] design Top_multi_cores_top_0_0 has port bram_dinb[90] driven by constant 0
INFO: [Synth 8-3917] design Top_multi_cores_top_0_0 has port bram_dinb[89] driven by constant 0
INFO: [Synth 8-3917] design Top_multi_cores_top_0_0 has port bram_dinb[88] driven by constant 0
INFO: [Synth 8-3917] design Top_multi_cores_top_0_0 has port bram_dinb[87] driven by constant 0
INFO: [Synth 8-3917] design Top_multi_cores_top_0_0 has port bram_dinb[86] driven by constant 0
INFO: [Synth 8-3917] design Top_multi_cores_top_0_0 has port bram_dinb[85] driven by constant 0
INFO: [Synth 8-3917] design Top_multi_cores_top_0_0 has port bram_dinb[84] driven by constant 0
INFO: [Synth 8-3917] design Top_multi_cores_top_0_0 has port bram_dinb[83] driven by constant 0
INFO: [Synth 8-3917] design Top_multi_cores_top_0_0 has port bram_dinb[82] driven by constant 0
INFO: [Synth 8-3917] design Top_multi_cores_top_0_0 has port bram_dinb[81] driven by constant 0
INFO: [Synth 8-3917] design Top_multi_cores_top_0_0 has port bram_dinb[80] driven by constant 0
INFO: [Synth 8-3917] design Top_multi_cores_top_0_0 has port bram_dinb[79] driven by constant 0
INFO: [Synth 8-3917] design Top_multi_cores_top_0_0 has port bram_dinb[78] driven by constant 0
INFO: [Synth 8-3917] design Top_multi_cores_top_0_0 has port bram_dinb[77] driven by constant 0
INFO: [Synth 8-3917] design Top_multi_cores_top_0_0 has port bram_dinb[76] driven by constant 0
INFO: [Synth 8-3917] design Top_multi_cores_top_0_0 has port bram_dinb[75] driven by constant 0
INFO: [Synth 8-3917] design Top_multi_cores_top_0_0 has port bram_dinb[74] driven by constant 0
INFO: [Synth 8-3917] design Top_multi_cores_top_0_0 has port bram_dinb[73] driven by constant 0
INFO: [Synth 8-3917] design Top_multi_cores_top_0_0 has port bram_dinb[72] driven by constant 0
INFO: [Synth 8-3917] design Top_multi_cores_top_0_0 has port bram_dinb[71] driven by constant 0
INFO: [Synth 8-3917] design Top_multi_cores_top_0_0 has port bram_dinb[63] driven by constant 0
INFO: [Synth 8-3917] design Top_multi_cores_top_0_0 has port bram_dinb[55] driven by constant 0
INFO: [Synth 8-3917] design Top_multi_cores_top_0_0 has port bram_dinb[47] driven by constant 0
INFO: [Synth 8-3917] design Top_multi_cores_top_0_0 has port bram_dinb[39] driven by constant 0
INFO: [Synth 8-3917] design Top_multi_cores_top_0_0 has port bram_dinb[35] driven by constant 0
INFO: [Synth 8-3917] design Top_multi_cores_top_0_0 has port bram_dinb[34] driven by constant 0
INFO: [Synth 8-3917] design Top_multi_cores_top_0_0 has port bram_dinb[33] driven by constant 0
INFO: [Synth 8-3917] design Top_multi_cores_top_0_0 has port bram_dinb[32] driven by constant 0
INFO: [Synth 8-3917] design Top_multi_cores_top_0_0 has port bram_dinb[31] driven by constant 0
INFO: [Synth 8-3917] design Top_multi_cores_top_0_0 has port bram_dinb[30] driven by constant 0
INFO: [Synth 8-3917] design Top_multi_cores_top_0_0 has port bram_dinb[29] driven by constant 0
INFO: [Synth 8-3917] design Top_multi_cores_top_0_0 has port bram_dinb[28] driven by constant 0
INFO: [Synth 8-3917] design Top_multi_cores_top_0_0 has port bram_dinb[27] driven by constant 0
INFO: [Synth 8-3917] design Top_multi_cores_top_0_0 has port bram_dinb[26] driven by constant 0
INFO: [Synth 8-3917] design Top_multi_cores_top_0_0 has port bram_dinb[25] driven by constant 0
INFO: [Synth 8-3917] design Top_multi_cores_top_0_0 has port bram_dinb[24] driven by constant 0
INFO: [Synth 8-3917] design Top_multi_cores_top_0_0 has port bram_dinb[23] driven by constant 0
INFO: [Synth 8-3917] design Top_multi_cores_top_0_0 has port bram_dinb[22] driven by constant 0
INFO: [Synth 8-3917] design Top_multi_cores_top_0_0 has port bram_dinb[21] driven by constant 0
INFO: [Synth 8-3917] design Top_multi_cores_top_0_0 has port bram_dinb[20] driven by constant 0
INFO: [Synth 8-3917] design Top_multi_cores_top_0_0 has port bram_dinb[19] driven by constant 0
INFO: [Synth 8-3917] design Top_multi_cores_top_0_0 has port bram_dinb[18] driven by constant 0
INFO: [Synth 8-3917] design Top_multi_cores_top_0_0 has port bram_dinb[17] driven by constant 0
INFO: [Synth 8-3917] design Top_multi_cores_top_0_0 has port bram_dinb[16] driven by constant 0
INFO: [Synth 8-3917] design Top_multi_cores_top_0_0 has port write_count[31] driven by constant 0
INFO: [Synth 8-3917] design Top_multi_cores_top_0_0 has port write_count[30] driven by constant 0
INFO: [Common 17-14] Message 'Synth 8-3917' appears 100 times and further instances of the messages will be disabled. Use the Tcl command set_msg_config to change the current settings.
INFO: [Synth 8-5544] ROM "K" won't be mapped to Block RAM because address size (2) smaller than threshold (5)
INFO: [Synth 8-5544] ROM "K" won't be mapped to Block RAM because address size (2) smaller than threshold (5)
INFO: [Synth 8-5544] ROM "K" won't be mapped to Block RAM because address size (2) smaller than threshold (5)
INFO: [Synth 8-5544] ROM "K" won't be mapped to Block RAM because address size (2) smaller than threshold (5)
INFO: [Synth 8-5544] ROM "K" won't be mapped to Block RAM because address size (2) smaller than threshold (5)
INFO: [Synth 8-5544] ROM "K" won't be mapped to Block RAM because address size (2) smaller than threshold (5)
INFO: [Synth 8-5544] ROM "K" won't be mapped to Block RAM because address size (2) smaller than threshold (5)
INFO: [Synth 8-5544] ROM "K" won't be mapped to Block RAM because address size (2) smaller than threshold (5)
INFO: [Synth 8-5544] ROM "K" won't be mapped to Block RAM because address size (2) smaller than threshold (5)
INFO: [Synth 8-5544] ROM "K" won't be mapped to Block RAM because address size (2) smaller than threshold (5)
INFO: [Synth 8-5544] ROM "K" won't be mapped to Block RAM because address size (2) smaller than threshold (5)
INFO: [Synth 8-5544] ROM "K" won't be mapped to Block RAM because address size (2) smaller than threshold (5)
INFO: [Synth 8-5544] ROM "K" won't be mapped to Block RAM because address size (2) smaller than threshold (5)
INFO: [Synth 8-5544] ROM "K" won't be mapped to Block RAM because address size (2) smaller than threshold (5)
INFO: [Synth 8-5544] ROM "K" won't be mapped to Block RAM because address size (2) smaller than threshold (5)
INFO: [Synth 8-5544] ROM "K" won't be mapped to Block RAM because address size (2) smaller than threshold (5)
INFO: [Synth 8-5544] ROM "K" won't be mapped to Block RAM because address size (2) smaller than threshold (5)
INFO: [Synth 8-5544] ROM "K" won't be mapped to Block RAM because address size (2) smaller than threshold (5)
INFO: [Synth 8-5544] ROM "K" won't be mapped to Block RAM because address size (2) smaller than threshold (5)
INFO: [Synth 8-5544] ROM "K" won't be mapped to Block RAM because address size (2) smaller than threshold (5)
INFO: [Synth 8-5544] ROM "K" won't be mapped to Block RAM because address size (2) smaller than threshold (5)
INFO: [Synth 8-5544] ROM "K" won't be mapped to Block RAM because address size (2) smaller than threshold (5)
INFO: [Synth 8-5544] ROM "K" won't be mapped to Block RAM because address size (2) smaller than threshold (5)
INFO: [Synth 8-5544] ROM "K" won't be mapped to Block RAM because address size (2) smaller than threshold (5)
INFO: [Synth 8-5544] ROM "K" won't be mapped to Block RAM because address size (2) smaller than threshold (5)
INFO: [Synth 8-5544] ROM "K" won't be mapped to Block RAM because address size (2) smaller than threshold (5)
INFO: [Synth 8-5544] ROM "K" won't be mapped to Block RAM because address size (2) smaller than threshold (5)
INFO: [Synth 8-5544] ROM "K" won't be mapped to Block RAM because address size (2) smaller than threshold (5)
INFO: [Synth 8-5544] ROM "K" won't be mapped to Block RAM because address size (2) smaller than threshold (5)
INFO: [Synth 8-5544] ROM "K" won't be mapped to Block RAM because address size (2) smaller than threshold (5)
INFO: [Synth 8-5544] ROM "K" won't be mapped to Block RAM because address size (2) smaller than threshold (5)
INFO: [Synth 8-5544] ROM "K" won't be mapped to Block RAM because address size (2) smaller than threshold (5)
INFO: [Synth 8-5544] ROM "K" won't be mapped to Block RAM because address size (2) smaller than threshold (5)
INFO: [Synth 8-5544] ROM "K" won't be mapped to Block RAM because address size (2) smaller than threshold (5)
INFO: [Synth 8-5544] ROM "K" won't be mapped to Block RAM because address size (2) smaller than threshold (5)
INFO: [Synth 8-5544] ROM "K" won't be mapped to Block RAM because address size (2) smaller than threshold (5)
INFO: [Synth 8-3886] merging instance 'pe_gen[0].pe_inst/state_A_o_reg[31]' (FDCE) to 'pe_gen[0].pe_inst/state_C_o_reg[1]'
INFO: [Synth 8-3886] merging instance 'pe_gen[0].pe_inst/state_C_o_reg[31]' (FDCE) to 'pe_gen[0].pe_inst/state_C_o_reg[0]'
INFO: [Synth 8-3886] merging instance 'pe_gen[0].pe_inst/state_B_o_reg[31]' (FDCE) to 'pe_gen[0].pe_inst/state_B_o_reg[30]'
INFO: [Synth 8-3886] merging instance 'pe_gen[0].pe_inst/state_D_o_reg[31]' (FDCE) to 'pe_gen[0].pe_inst/state_C_o_reg[0]'
INFO: [Synth 8-3886] merging instance 'pe_gen[0].pe_inst/state_A_o_reg[30]' (FDCE) to 'pe_gen[0].pe_inst/state_C_o_reg[1]'
INFO: [Synth 8-3886] merging instance 'pe_gen[0].pe_inst/state_C_o_reg[30]' (FDCE) to 'pe_gen[0].pe_inst/state_C_o_reg[0]'
INFO: [Synth 8-3886] merging instance 'pe_gen[0].pe_inst/state_B_o_reg[30]' (FDCE) to 'pe_gen[0].pe_inst/state_B_o_reg[29]'
INFO: [Synth 8-3886] merging instance 'pe_gen[0].pe_inst/state_D_o_reg[30]' (FDCE) to 'pe_gen[0].pe_inst/state_C_o_reg[1]'
INFO: [Synth 8-3886] merging instance 'pe_gen[0].pe_inst/state_A_o_reg[29]' (FDCE) to 'pe_gen[0].pe_inst/state_C_o_reg[1]'
INFO: [Synth 8-3886] merging instance 'pe_gen[0].pe_inst/state_C_o_reg[29]' (FDCE) to 'pe_gen[0].pe_inst/state_C_o_reg[0]'
INFO: [Synth 8-3886] merging instance 'pe_gen[0].pe_inst/state_B_o_reg[29]' (FDCE) to 'pe_gen[0].pe_inst/state_B_o_reg[28]'
INFO: [Synth 8-3886] merging instance 'pe_gen[0].pe_inst/state_D_o_reg[29]' (FDCE) to 'pe_gen[0].pe_inst/state_C_o_reg[1]'
INFO: [Synth 8-3886] merging instance 'pe_gen[0].pe_inst/state_A_o_reg[28]' (FDCE) to 'pe_gen[0].pe_inst/state_C_o_reg[0]'
INFO: [Synth 8-3886] merging instance 'pe_gen[0].pe_inst/state_B_o_reg[28]' (FDCE) to 'pe_gen[0].pe_inst/state_B_o_reg[0]'
INFO: [Synth 8-3886] merging instance 'pe_gen[0].pe_inst/state_D_o_reg[28]' (FDCE) to 'pe_gen[0].pe_inst/state_C_o_reg[0]'
INFO: [Synth 8-3886] merging instance 'pe_gen[0].pe_inst/state_A_o_reg[0]' (FDCE) to 'pe_gen[0].pe_inst/state_C_o_reg[1]'
INFO: [Synth 8-3886] merging instance 'pe_gen[0].pe_inst/state_C_o_reg[0]' (FDCE) to 'pe_gen[0].pe_inst/state_C_o_reg[3]'
INFO: [Synth 8-3886] merging instance 'pe_gen[0].pe_inst/state_B_o_reg[0]' (FDCE) to 'pe_gen[0].pe_inst/state_B_o_reg[1]'
INFO: [Synth 8-3886] merging instance 'pe_gen[0].pe_inst/state_D_o_reg[0]' (FDCE) to 'pe_gen[0].pe_inst/state_C_o_reg[1]'
INFO: [Synth 8-3886] merging instance 'pe_gen[0].pe_inst/state_A_o_reg[1]' (FDCE) to 'pe_gen[0].pe_inst/state_C_o_reg[3]'
INFO: [Synth 8-3886] merging instance 'pe_gen[0].pe_inst/state_C_o_reg[1]' (FDCE) to 'pe_gen[0].pe_inst/state_C_o_reg[2]'
INFO: [Synth 8-3886] merging instance 'pe_gen[0].pe_inst/state_B_o_reg[1]' (FDCE) to 'pe_gen[0].pe_inst/state_B_o_reg[2]'
INFO: [Synth 8-3886] merging instance 'pe_gen[0].pe_inst/state_D_o_reg[1]' (FDCE) to 'pe_gen[0].pe_inst/state_C_o_reg[3]'
INFO: [Synth 8-3886] merging instance 'pe_gen[0].pe_inst/state_A_o_reg[2]' (FDCE) to 'pe_gen[0].pe_inst/state_C_o_reg[3]'
INFO: [Synth 8-3886] merging instance 'pe_gen[0].pe_inst/state_C_o_reg[2]' (FDCE) to 'pe_gen[0].pe_inst/state_C_o_reg[4]'
INFO: [Synth 8-3886] merging instance 'pe_gen[0].pe_inst/state_B_o_reg[2]' (FDCE) to 'pe_gen[0].pe_inst/state_B_o_reg[27]'
INFO: [Synth 8-3886] merging instance 'pe_gen[0].pe_inst/state_D_o_reg[2]' (FDCE) to 'pe_gen[0].pe_inst/state_C_o_reg[3]'
INFO: [Synth 8-3886] merging instance 'pe_gen[0].pe_inst/state_A_o_reg[3]' (FDCE) to 'pe_gen[0].pe_inst/state_C_o_reg[4]'
INFO: [Synth 8-3886] merging instance 'pe_gen[0].pe_inst/state_C_o_reg[3]' (FDCE) to 'pe_gen[0].pe_inst/state_C_o_reg[7]'
INFO: [Synth 8-3886] merging instance 'pe_gen[0].pe_inst/state_D_o_reg[3]' (FDCE) to 'pe_gen[0].pe_inst/state_C_o_reg[7]'
INFO: [Synth 8-3886] merging instance 'pe_gen[0].pe_inst/state_A_o_reg[4]' (FDCE) to 'pe_gen[0].pe_inst/state_C_o_reg[7]'
INFO: [Synth 8-3886] merging instance 'pe_gen[0].pe_inst/state_C_o_reg[4]' (FDCE) to 'pe_gen[0].pe_inst/state_C_o_reg[5]'
INFO: [Synth 8-3886] merging instance 'pe_gen[0].pe_inst/state_D_o_reg[4]' (FDCE) to 'pe_gen[0].pe_inst/state_C_o_reg[7]'
INFO: [Synth 8-3886] merging instance 'pe_gen[0].pe_inst/state_A_o_reg[5]' (FDCE) to 'pe_gen[0].pe_inst/state_C_o_reg[7]'
INFO: [Synth 8-3886] merging instance 'pe_gen[0].pe_inst/state_C_o_reg[5]' (FDCE) to 'pe_gen[0].pe_inst/state_C_o_reg[6]'
INFO: [Synth 8-3886] merging instance 'pe_gen[0].pe_inst/state_D_o_reg[5]' (FDCE) to 'pe_gen[0].pe_inst/state_C_o_reg[7]'
INFO: [Synth 8-3886] merging instance 'pe_gen[0].pe_inst/state_A_o_reg[6]' (FDCE) to 'pe_gen[0].pe_inst/state_C_o_reg[7]'
INFO: [Synth 8-3886] merging instance 'pe_gen[0].pe_inst/state_C_o_reg[6]' (FDCE) to 'pe_gen[0].pe_inst/state_C_o_reg[10]'
INFO: [Synth 8-3886] merging instance 'pe_gen[0].pe_inst/state_D_o_reg[6]' (FDCE) to 'pe_gen[0].pe_inst/state_C_o_reg[7]'
INFO: [Synth 8-3886] merging instance 'pe_gen[0].pe_inst/state_A_o_reg[7]' (FDCE) to 'pe_gen[0].pe_inst/state_C_o_reg[10]'
INFO: [Synth 8-3886] merging instance 'pe_gen[0].pe_inst/state_C_o_reg[7]' (FDCE) to 'pe_gen[0].pe_inst/state_C_o_reg[8]'
INFO: [Synth 8-3886] merging instance 'pe_gen[0].pe_inst/state_D_o_reg[7]' (FDCE) to 'pe_gen[0].pe_inst/state_C_o_reg[8]'
INFO: [Synth 8-3886] merging instance 'pe_gen[0].pe_inst/state_A_o_reg[8]' (FDCE) to 'pe_gen[0].pe_inst/state_C_o_reg[10]'
INFO: [Synth 8-3886] merging instance 'pe_gen[0].pe_inst/state_C_o_reg[8]' (FDCE) to 'pe_gen[0].pe_inst/state_C_o_reg[9]'
INFO: [Synth 8-3886] merging instance 'pe_gen[0].pe_inst/state_D_o_reg[8]' (FDCE) to 'pe_gen[0].pe_inst/state_C_o_reg[10]'
INFO: [Synth 8-3886] merging instance 'pe_gen[0].pe_inst/state_A_o_reg[9]' (FDCE) to 'pe_gen[0].pe_inst/state_C_o_reg[10]'
INFO: [Synth 8-3886] merging instance 'pe_gen[0].pe_inst/state_C_o_reg[9]' (FDCE) to 'pe_gen[0].pe_inst/state_C_o_reg[11]'
INFO: [Synth 8-3886] merging instance 'pe_gen[0].pe_inst/state_D_o_reg[9]' (FDCE) to 'pe_gen[0].pe_inst/state_C_o_reg[10]'
INFO: [Synth 8-3886] merging instance 'pe_gen[0].pe_inst/state_C_o_reg[10]' (FDCE) to 'pe_gen[0].pe_inst/state_C_o_reg[12]'
INFO: [Synth 8-3886] merging instance 'pe_gen[0].pe_inst/state_D_o_reg[10]' (FDCE) to 'pe_gen[0].pe_inst/state_C_o_reg[11]'
INFO: [Synth 8-3886] merging instance 'pe_gen[0].pe_inst/state_A_o_reg[10]' (FDCE) to 'pe_gen[0].pe_inst/state_C_o_reg[11]'
INFO: [Synth 8-3886] merging instance 'pe_gen[0].pe_inst/state_A_o_reg[11]' (FDCE) to 'pe_gen[0].pe_inst/state_C_o_reg[12]'
INFO: [Synth 8-3886] merging instance 'pe_gen[0].pe_inst/state_C_o_reg[11]' (FDCE) to 'pe_gen[0].pe_inst/state_C_o_reg[13]'
INFO: [Synth 8-3886] merging instance 'pe_gen[0].pe_inst/state_D_o_reg[11]' (FDCE) to 'pe_gen[0].pe_inst/state_C_o_reg[13]'
INFO: [Synth 8-3886] merging instance 'pe_gen[0].pe_inst/state_A_o_reg[12]' (FDCE) to 'pe_gen[0].pe_inst/state_C_o_reg[13]'
INFO: [Synth 8-3886] merging instance 'pe_gen[0].pe_inst/state_C_o_reg[12]' (FDCE) to 'pe_gen[0].pe_inst/state_C_o_reg[14]'
INFO: [Synth 8-3886] merging instance 'pe_gen[0].pe_inst/state_B_o_reg[12]' (FDCE) to 'pe_gen[0].pe_inst/state_B_o_reg[13]'
INFO: [Synth 8-3886] merging instance 'pe_gen[0].pe_inst/state_D_o_reg[12]' (FDCE) to 'pe_gen[0].pe_inst/state_C_o_reg[13]'
INFO: [Synth 8-3886] merging instance 'pe_gen[0].pe_inst/state_A_o_reg[13]' (FDCE) to 'pe_gen[0].pe_inst/state_C_o_reg[14]'
INFO: [Synth 8-3886] merging instance 'pe_gen[0].pe_inst/state_C_o_reg[13]' (FDCE) to 'pe_gen[0].pe_inst/state_C_o_reg[15]'
INFO: [Synth 8-3886] merging instance 'pe_gen[0].pe_inst/state_B_o_reg[13]' (FDCE) to 'pe_gen[0].pe_inst/state_B_o_reg[14]'
INFO: [Synth 8-3886] merging instance 'pe_gen[0].pe_inst/state_D_o_reg[13]' (FDCE) to 'pe_gen[0].pe_inst/state_C_o_reg[14]'
INFO: [Synth 8-3886] merging instance 'pe_gen[0].pe_inst/state_A_o_reg[14]' (FDCE) to 'pe_gen[0].pe_inst/state_C_o_reg[15]'
INFO: [Synth 8-3886] merging instance 'pe_gen[0].pe_inst/state_C_o_reg[14]' (FDCE) to 'pe_gen[0].pe_inst/state_C_o_reg[17]'
INFO: [Synth 8-3886] merging instance 'pe_gen[0].pe_inst/state_B_o_reg[14]' (FDCE) to 'pe_gen[0].pe_inst/state_B_o_reg[15]'
INFO: [Synth 8-3886] merging instance 'pe_gen[0].pe_inst/state_D_o_reg[14]' (FDCE) to 'pe_gen[0].pe_inst/state_C_o_reg[15]'
INFO: [Synth 8-3886] merging instance 'pe_gen[0].pe_inst/state_A_o_reg[15]' (FDCE) to 'pe_gen[0].pe_inst/state_C_o_reg[17]'
INFO: [Synth 8-3886] merging instance 'pe_gen[0].pe_inst/state_C_o_reg[15]' (FDCE) to 'pe_gen[0].pe_inst/state_C_o_reg[16]'
INFO: [Synth 8-3886] merging instance 'pe_gen[0].pe_inst/state_B_o_reg[15]' (FDCE) to 'pe_gen[0].pe_inst/state_B_o_reg[16]'
INFO: [Synth 8-3886] merging instance 'pe_gen[0].pe_inst/state_D_o_reg[15]' (FDCE) to 'pe_gen[0].pe_inst/state_C_o_reg[16]'
INFO: [Synth 8-3886] merging instance 'pe_gen[0].pe_inst/state_A_o_reg[16]' (FDCE) to 'pe_gen[0].pe_inst/state_C_o_reg[17]'
INFO: [Synth 8-3886] merging instance 'pe_gen[0].pe_inst/state_C_o_reg[16]' (FDCE) to 'pe_gen[0].pe_inst/state_C_o_reg[18]'
INFO: [Synth 8-3886] merging instance 'pe_gen[0].pe_inst/state_B_o_reg[16]' (FDCE) to 'pe_gen[0].pe_inst/state_B_o_reg[17]'
INFO: [Synth 8-3886] merging instance 'pe_gen[0].pe_inst/state_D_o_reg[16]' (FDCE) to 'pe_gen[0].pe_inst/state_C_o_reg[17]'
INFO: [Synth 8-3886] merging instance 'pe_gen[0].pe_inst/state_A_o_reg[17]' (FDCE) to 'pe_gen[0].pe_inst/state_C_o_reg[18]'
INFO: [Synth 8-3886] merging instance 'pe_gen[0].pe_inst/state_C_o_reg[17]' (FDCE) to 'pe_gen[0].pe_inst/state_C_o_reg[20]'
INFO: [Synth 8-3886] merging instance 'pe_gen[0].pe_inst/state_B_o_reg[17]' (FDCE) to 'pe_gen[0].pe_inst/state_B_o_reg[18]'
INFO: [Synth 8-3886] merging instance 'pe_gen[0].pe_inst/state_D_o_reg[17]' (FDCE) to 'pe_gen[0].pe_inst/state_C_o_reg[18]'
INFO: [Synth 8-3886] merging instance 'pe_gen[0].pe_inst/state_A_o_reg[18]' (FDCE) to 'pe_gen[0].pe_inst/state_C_o_reg[20]'
INFO: [Synth 8-3886] merging instance 'pe_gen[0].pe_inst/state_C_o_reg[18]' (FDCE) to 'pe_gen[0].pe_inst/state_C_o_reg[19]'
INFO: [Synth 8-3886] merging instance 'pe_gen[0].pe_inst/state_D_o_reg[18]' (FDCE) to 'pe_gen[0].pe_inst/state_C_o_reg[20]'
INFO: [Synth 8-3886] merging instance 'pe_gen[0].pe_inst/state_A_o_reg[19]' (FDCE) to 'pe_gen[0].pe_inst/state_C_o_reg[20]'
INFO: [Synth 8-3886] merging instance 'pe_gen[0].pe_inst/state_C_o_reg[19]' (FDCE) to 'pe_gen[0].pe_inst/state_C_o_reg[22]'
INFO: [Synth 8-3886] merging instance 'pe_gen[0].pe_inst/state_D_o_reg[19]' (FDCE) to 'pe_gen[0].pe_inst/state_C_o_reg[22]'
INFO: [Synth 8-3886] merging instance 'pe_gen[0].pe_inst/state_A_o_reg[20]' (FDCE) to 'pe_gen[0].pe_inst/state_C_o_reg[22]'
INFO: [Synth 8-3886] merging instance 'pe_gen[0].pe_inst/state_C_o_reg[20]' (FDCE) to 'pe_gen[0].pe_inst/state_C_o_reg[21]'
INFO: [Synth 8-3886] merging instance 'pe_gen[0].pe_inst/state_D_o_reg[20]' (FDCE) to 'pe_gen[0].pe_inst/state_C_o_reg[22]'
INFO: [Synth 8-3886] merging instance 'pe_gen[0].pe_inst/state_A_o_reg[21]' (FDCE) to 'pe_gen[0].pe_inst/state_C_o_reg[22]'
INFO: [Synth 8-3886] merging instance 'pe_gen[0].pe_inst/state_C_o_reg[21]' (FDCE) to 'pe_gen[0].pe_inst/state_C_o_reg[28]'
INFO: [Synth 8-3886] merging instance 'pe_gen[0].pe_inst/state_D_o_reg[21]' (FDCE) to 'pe_gen[0].pe_inst/state_C_o_reg[22]'
INFO: [Synth 8-3886] merging instance 'pe_gen[0].pe_inst/state_A_o_reg[22]' (FDCE) to 'pe_gen[0].pe_inst/state_C_o_reg[28]'
INFO: [Synth 8-3886] merging instance 'pe_gen[0].pe_inst/state_C_o_reg[22]' (FDCE) to 'pe_gen[0].pe_inst/state_C_o_reg[23]'
INFO: [Synth 8-3886] merging instance 'pe_gen[0].pe_inst/state_D_o_reg[22]' (FDCE) to 'pe_gen[0].pe_inst/state_C_o_reg[28]'
INFO: [Synth 8-3886] merging instance 'pe_gen[0].pe_inst/state_A_o_reg[23]' (FDCE) to 'pe_gen[0].pe_inst/state_C_o_reg[28]'
INFO: [Synth 8-3886] merging instance 'pe_gen[0].pe_inst/state_C_o_reg[23]' (FDCE) to 'pe_gen[0].pe_inst/state_C_o_reg[24]'
INFO: [Synth 8-3886] merging instance 'pe_gen[0].pe_inst/state_D_o_reg[23]' (FDCE) to 'pe_gen[0].pe_inst/state_C_o_reg[24]'
INFO: [Synth 8-3886] merging instance 'pe_gen[0].pe_inst/state_C_o_reg[24]' (FDCE) to 'pe_gen[0].pe_inst/state_C_o_reg[25]'
INFO: [Synth 8-3886] merging instance 'pe_gen[0].pe_inst/state_D_o_reg[24]' (FDCE) to 'pe_gen[0].pe_inst/state_C_o_reg[28]'
INFO: [Synth 8-3886] merging instance 'pe_gen[0].pe_inst/state_A_o_reg[24]' (FDCE) to 'pe_gen[0].pe_inst/state_C_o_reg[28]'
INFO: [Synth 8-3886] merging instance 'pe_gen[0].pe_inst/state_A_o_reg[25]' (FDCE) to 'pe_gen[0].pe_inst/state_C_o_reg[28]'
INFO: [Common 17-14] Message 'Synth 8-3886' appears 100 times and further instances of the messages will be disabled. Use the Tcl command set_msg_config to change the current settings.
INFO: [Common 17-14] Message 'Synth 8-3886' appears 100 times and further instances of the messages will be disabled. Use the Tcl command set_msg_config to change the current settings.
INFO: [Synth 8-3333] propagating constant 0 across sequential element (\pe_gen[0].pe_inst /\state_C_o_reg[28] )
INFO: [Synth 8-3333] propagating constant 0 across sequential element (\pe_gen[1].pe_inst /\state_D_o_reg[14] )
INFO: [Synth 8-3333] propagating constant 0 across sequential element (\pe_gen[2].pe_inst /\state_A_o_reg[21] )
INFO: [Synth 8-5544] ROM "K" won't be mapped to Block RAM because address size (2) smaller than threshold (5)
INFO: [Synth 8-5544] ROM "K" won't be mapped to Block RAM because address size (2) smaller than threshold (5)
INFO: [Synth 8-5544] ROM "K" won't be mapped to Block RAM because address size (2) smaller than threshold (5)
INFO: [Synth 8-5544] ROM "K" won't be mapped to Block RAM because address size (2) smaller than threshold (5)
INFO: [Synth 8-5544] ROM "K" won't be mapped to Block RAM because address size (2) smaller than threshold (5)
INFO: [Synth 8-5544] ROM "K" won't be mapped to Block RAM because address size (2) smaller than threshold (5)
INFO: [Synth 8-5544] ROM "K" won't be mapped to Block RAM because address size (2) smaller than threshold (5)
INFO: [Synth 8-5544] ROM "K" won't be mapped to Block RAM because address size (2) smaller than threshold (5)
INFO: [Synth 8-5544] ROM "K" won't be mapped to Block RAM because address size (2) smaller than threshold (5)
INFO: [Synth 8-5544] ROM "K" won't be mapped to Block RAM because address size (2) smaller than threshold (5)
INFO: [Synth 8-5544] ROM "K" won't be mapped to Block RAM because address size (2) smaller than threshold (5)
INFO: [Synth 8-5544] ROM "K" won't be mapped to Block RAM because address size (2) smaller than threshold (5)
INFO: [Synth 8-3971] The signal "\core_gen[15].bf_i/mem_reg " was recognized as a true dual port RAM template.
INFO: [Synth 8-3971] The signal "\core_gen[14].bf_i/mem_reg " was recognized as a true dual port RAM template.
INFO: [Synth 8-3971] The signal "\core_gen[13].bf_i/mem_reg " was recognized as a true dual port RAM template.
INFO: [Synth 8-3971] The signal "\core_gen[4].bf_i/mem_reg " was recognized as a true dual port RAM template.
INFO: [Synth 8-3971] The signal "\core_gen[5].bf_i/mem_reg " was recognized as a true dual port RAM template.
INFO: [Synth 8-3971] The signal "\core_gen[6].bf_i/mem_reg " was recognized as a true dual port RAM template.
INFO: [Synth 8-3971] The signal "\core_gen[7].bf_i/mem_reg " was recognized as a true dual port RAM template.
INFO: [Synth 8-3971] The signal "\core_gen[8].bf_i/mem_reg " was recognized as a true dual port RAM template.
INFO: [Synth 8-3971] The signal "\core_gen[9].bf_i/mem_reg " was recognized as a true dual port RAM template.
INFO: [Synth 8-3971] The signal "\core_gen[10].bf_i/mem_reg " was recognized as a true dual port RAM template.
INFO: [Synth 8-3971] The signal "\core_gen[11].bf_i/mem_reg " was recognized as a true dual port RAM template.
INFO: [Synth 8-3971] The signal "\core_gen[12].bf_i/mem_reg " was recognized as a true dual port RAM template.
INFO: [Synth 8-5544] ROM "p_2_out0" won't be mapped to Block RAM because address size (2) smaller than threshold (5)
INFO: [Synth 8-5544] ROM "p_2_out0" won't be mapped to Block RAM because address size (2) smaller than threshold (5)
INFO: [Synth 8-3971] The signal "multi_cores_top__GCB1/core_gen[3].bf_i/mem_reg" was recognized as a true dual port RAM template.
INFO: [Synth 8-3971] The signal "multi_cores_top__GCB1/core_gen[2].bf_i/mem_reg" was recognized as a true dual port RAM template.
INFO: [Synth 8-3971] The signal "multi_cores_top__GCB1/core_gen[1].bf_i/mem_reg" was recognized as a true dual port RAM template.
INFO: [Synth 8-3971] The signal "multi_cores_top__GCB1/bf_0/mem_reg" was recognized as a true dual port RAM template.
INFO: [Synth 8-3333] propagating constant 0 across sequential element (i_272/\write_addr_s_reg[0] )
INFO: [Synth 8-3333] propagating constant 0 across sequential element (i_272/\write_addr_s_reg[1] )
INFO: [Synth 8-3333] propagating constant 0 across sequential element (i_272/\write_addr_s_reg[2] )
INFO: [Synth 8-3333] propagating constant 0 across sequential element (i_272/\write_addr_s_reg[3] )
---------------------------------------------------------------------------------
Finished Cross Boundary and Area Optimization : Time (s): cpu = 00:01:23 ; elapsed = 00:01:22 . Memory (MB): peak = 3270.391 ; gain = 1587.441 ; free physical = 41830 ; free virtual = 49846
---------------------------------------------------------------------------------
---------------------------------------------------------------------------------
Start ROM, RAM, DSP, Shift Register and Retiming Reporting
---------------------------------------------------------------------------------

Block RAM: Preliminary Mapping Report (see note below)
-------NONE-------
Note: The table above is a preliminary report that shows the Block RAMs at the current stage of the synthesis flow. Some Block RAMs may be reimplemented as non Block RAM primitives later in the synthesis flow. Multiple instantiated Block RAMs are reported only once. 
---------------------------------------------------------------------------------
Finished ROM, RAM, DSP, Shift Register and Retiming Reporting
---------------------------------------------------------------------------------
---------------------------------------------------------------------------------
Start Applying XDC Timing Constraints
---------------------------------------------------------------------------------
---------------------------------------------------------------------------------
Finished Applying XDC Timing Constraints : Time (s): cpu = 00:01:27 ; elapsed = 00:01:25 . Memory (MB): peak = 3270.391 ; gain = 1587.441 ; free physical = 41811 ; free virtual = 49851
---------------------------------------------------------------------------------
---------------------------------------------------------------------------------
Start Timing Optimization
---------------------------------------------------------------------------------
---------------------------------------------------------------------------------
Finished Timing Optimization : Time (s): cpu = 00:01:41 ; elapsed = 00:01:41 . Memory (MB): peak = 3270.391 ; gain = 1587.441 ; free physical = 41850 ; free virtual = 49872
---------------------------------------------------------------------------------
---------------------------------------------------------------------------------
Start ROM, RAM, DSP, Shift Register and Retiming Reporting
---------------------------------------------------------------------------------

Block RAM: Final Mapping Report
-------NONE-------
---------------------------------------------------------------------------------
Finished ROM, RAM, DSP, Shift Register and Retiming Reporting
---------------------------------------------------------------------------------
---------------------------------------------------------------------------------
Start Technology Mapping
---------------------------------------------------------------------------------
---------------------------------------------------------------------------------
Finished Technology Mapping : Time (s): cpu = 00:01:52 ; elapsed = 00:01:53 . Memory (MB): peak = 3270.391 ; gain = 1587.441 ; free physical = 42073 ; free virtual = 50108
---------------------------------------------------------------------------------
---------------------------------------------------------------------------------
Start IO Insertion
---------------------------------------------------------------------------------
---------------------------------------------------------------------------------
Start Flattening Before IO Insertion
---------------------------------------------------------------------------------
---------------------------------------------------------------------------------
Finished Flattening Before IO Insertion
---------------------------------------------------------------------------------
---------------------------------------------------------------------------------
Start Final Netlist Cleanup
---------------------------------------------------------------------------------
---------------------------------------------------------------------------------
Finished Final Netlist Cleanup
---------------------------------------------------------------------------------
---------------------------------------------------------------------------------
Finished IO Insertion : Time (s): cpu = 00:02:04 ; elapsed = 00:02:04 . Memory (MB): peak = 3270.391 ; gain = 1587.441 ; free physical = 42068 ; free virtual = 50095
---------------------------------------------------------------------------------
---------------------------------------------------------------------------------
Start Renaming Generated Instances
---------------------------------------------------------------------------------
---------------------------------------------------------------------------------
Finished Renaming Generated Instances : Time (s): cpu = 00:02:04 ; elapsed = 00:02:05 . Memory (MB): peak = 3270.391 ; gain = 1587.441 ; free physical = 42076 ; free virtual = 50095
---------------------------------------------------------------------------------
---------------------------------------------------------------------------------
Start Rebuilding User Hierarchy
---------------------------------------------------------------------------------
---------------------------------------------------------------------------------
Finished Rebuilding User Hierarchy : Time (s): cpu = 00:02:12 ; elapsed = 00:02:12 . Memory (MB): peak = 3270.391 ; gain = 1587.441 ; free physical = 42058 ; free virtual = 50082
---------------------------------------------------------------------------------
---------------------------------------------------------------------------------
Start Renaming Generated Ports
---------------------------------------------------------------------------------
---------------------------------------------------------------------------------
Finished Renaming Generated Ports : Time (s): cpu = 00:02:12 ; elapsed = 00:02:13 . Memory (MB): peak = 3270.391 ; gain = 1587.441 ; free physical = 42058 ; free virtual = 50087
---------------------------------------------------------------------------------
---------------------------------------------------------------------------------
Start Handling Custom Attributes
---------------------------------------------------------------------------------
---------------------------------------------------------------------------------
Finished Handling Custom Attributes : Time (s): cpu = 00:02:12 ; elapsed = 00:02:13 . Memory (MB): peak = 3270.391 ; gain = 1587.441 ; free physical = 42058 ; free virtual = 50087
---------------------------------------------------------------------------------
---------------------------------------------------------------------------------
Start Renaming Generated Nets
---------------------------------------------------------------------------------
---------------------------------------------------------------------------------
Finished Renaming Generated Nets : Time (s): cpu = 00:02:13 ; elapsed = 00:02:13 . Memory (MB): peak = 3270.391 ; gain = 1587.441 ; free physical = 42058 ; free virtual = 50087
---------------------------------------------------------------------------------
---------------------------------------------------------------------------------
Start ROM, RAM, DSP, Shift Register and Retiming Reporting
---------------------------------------------------------------------------------

Static Shift Register Report:
+------------------------+-----------------------------------------------------------------------------+--------+-------+--------------+--------------------+-------------------+--------+---------+
|Module Name             | RTL Name                                                                    | Length | Width | Reset Signal | Pull out first Reg | Pull out last Reg | SRL16E | SRLC32E | 
+------------------------+-----------------------------------------------------------------------------+--------+-------+--------------+--------------------+-------------------+--------+---------+
|Top_multi_cores_top_0_0 | inst/core_gen[1].hash_pipeline_i/md4_inst/pe_gen[39].pe_inst/data_o_reg[20] | 20     | 210   | YES          | NO                 | YES               | 0      | 210     | 
|Top_multi_cores_top_0_0 | inst/core_gen[1].hash_pipeline_i/md4_inst/valid_o_reg                       | 49     | 15    | YES          | NO                 | YES               | 0      | 30      | 
|Top_multi_cores_top_0_0 | inst/core_gen[1].hash_pipeline_i/md4_inst/pe_gen[35].pe_inst/data_o_reg[6]  | 12     | 105   | YES          | NO                 | YES               | 105    | 0       | 
|Top_multi_cores_top_0_0 | inst/core_gen[1].hash_pipeline_i/md4_inst/pe_gen[31].pe_inst/data_o_reg[34] | 16     | 330   | YES          | NO                 | YES               | 330    | 0       | 
|Top_multi_cores_top_0_0 | inst/core_gen[1].hash_pipeline_i/md4_inst/pe_gen[19].pe_inst/data_o_reg[20] | 19     | 210   | YES          | NO                 | YES               | 0      | 210     | 
|Top_multi_cores_top_0_0 | inst/core_gen[1].hash_pipeline_i/md4_inst/pe_gen[23].pe_inst/data_o_reg[6]  | 22     | 105   | YES          | NO                 | YES               | 0      | 105     | 
|Top_multi_cores_top_0_0 | inst/hash_pipeline_0/md4_inst/pe_gen[47].pe_inst/gen_pipeline_o_reg         | 48     | 1     | YES          | NO                 | YES               | 0      | 2       | 
|Top_multi_cores_top_0_0 | inst/hash_pipeline_0/md4_inst/pe_gen[39].pe_inst/data_o_reg[20]             | 20     | 14    | YES          | NO                 | YES               | 0      | 14      | 
|Top_multi_cores_top_0_0 | inst/hash_pipeline_0/md4_inst/valid_o_reg                                   | 49     | 1     | YES          | NO                 | YES               | 0      | 2       | 
|Top_multi_cores_top_0_0 | inst/hash_pipeline_0/md4_inst/pe_gen[35].pe_inst/data_o_reg[6]              | 12     | 7     | YES          | NO                 | YES               | 7      | 0       | 
|Top_multi_cores_top_0_0 | inst/hash_pipeline_0/md4_inst/pe_gen[31].pe_inst/data_o_reg[34]             | 16     | 20    | YES          | NO                 | YES               | 20     | 0       | 
|Top_multi_cores_top_0_0 | inst/hash_pipeline_0/md4_inst/data_o_reg[34]                                | 17     | 10    | YES          | NO                 | YES               | 10     | 0       | 
|Top_multi_cores_top_0_0 | inst/hash_pipeline_0/md4_inst/data_o_reg[20]                                | 9      | 14    | YES          | NO                 | YES               | 14     | 0       | 
|Top_multi_cores_top_0_0 | inst/hash_pipeline_0/md4_inst/data_o_reg[6]                                 | 13     | 7     | YES          | NO                 | YES               | 7      | 0       | 
|Top_multi_cores_top_0_0 | inst/hash_pipeline_0/md4_inst/pe_gen[19].pe_inst/data_o_reg[20]             | 19     | 14    | YES          | NO                 | YES               | 0      | 14      | 
|Top_multi_cores_top_0_0 | inst/hash_pipeline_0/md4_inst/pe_gen[23].pe_inst/data_o_reg[6]              | 22     | 7     | YES          | NO                 | YES               | 0      | 7       | 
|Top_multi_cores_top_0_0 | inst/hash_pipeline_0/gen_finish_reg                                         | 6      | 1     | YES          | NO                 | YES               | 1      | 0       | 
|Top_multi_cores_top_0_0 | inst/hash_pipeline_0/data_o_reg[34]                                         | 6      | 31    | YES          | NO                 | YES               | 31     | 0       | 
|Top_multi_cores_top_0_0 | inst/core_gen[15].bf_i/bitpos_r2_reg[0][5]                                  | 4      | 255   | YES          | NO                 | YES               | 255    | 0       | 
|Top_multi_cores_top_0_0 | inst/bf_0/bitpos_r2_reg[0][5]                                               | 4      | 17    | YES          | NO                 | YES               | 17     | 0       | 
+------------------------+-----------------------------------------------------------------------------+--------+-------+--------------+--------------------+-------------------+--------+---------+

---------------------------------------------------------------------------------
Finished ROM, RAM, DSP, Shift Register and Retiming Reporting
---------------------------------------------------------------------------------
---------------------------------------------------------------------------------
Start Writing Synthesis Report
---------------------------------------------------------------------------------

Report BlackBoxes: 
+-+--------------+----------+
| |BlackBox name |Instances |
+-+--------------+----------+
+-+--------------+----------+

Report Cell Usage: 
+------+---------+------+
|      |Cell     |Count |
+------+---------+------+
|1     |CARRY4   |  6613|
|2     |LUT1     |  1140|
|3     |LUT2     |  2067|
|4     |LUT3     | 10213|
|5     |LUT4     | 19692|
|6     |LUT5     | 21448|
|7     |LUT6     | 15286|
|8     |MUXF7    |  1932|
|9     |MUXF8    |   960|
|10    |RAMB36E1 |   240|
|11    |SRL16E   |   797|
|12    |SRLC32E  |   594|
|13    |FDCE     | 98041|
|14    |FDRE     | 14179|
|15    |FDSE     |   184|
+------+---------+------+
---------------------------------------------------------------------------------
Finished Writing Synthesis Report : Time (s): cpu = 00:02:13 ; elapsed = 00:02:14 . Memory (MB): peak = 3270.391 ; gain = 1587.441 ; free physical = 42058 ; free virtual = 50087
---------------------------------------------------------------------------------
Synthesis finished with 0 errors, 0 critical warnings and 0 warnings.
Synthesis Optimization Runtime : Time (s): cpu = 00:01:23 ; elapsed = 00:01:50 . Memory (MB): peak = 3270.391 ; gain = 477.551 ; free physical = 47352 ; free virtual = 55375
Synthesis Optimization Complete : Time (s): cpu = 00:02:16 ; elapsed = 00:02:16 . Memory (MB): peak = 3270.391 ; gain = 1587.441 ; free physical = 47353 ; free virtual = 55368
INFO: [Project 1-571] Translating synthesized netlist
Netlist sorting complete. Time (s): cpu = 00:00:01 ; elapsed = 00:00:01 . Memory (MB): peak = 3270.391 ; gain = 0.000 ; free physical = 47362 ; free virtual = 55375
INFO: [Netlist 29-17] Analyzing 9745 Unisim elements for replacement
INFO: [Netlist 29-28] Unisim Transformation completed in 0 CPU seconds
INFO: [Project 1-570] Preparing netlist for logic optimization
INFO: [Opt 31-138] Pushed 0 inverter(s) to 0 load pin(s).
Netlist sorting complete. Time (s): cpu = 00:00:00.01 ; elapsed = 00:00:00.01 . Memory (MB): peak = 3294.402 ; gain = 0.000 ; free physical = 47375 ; free virtual = 55384
INFO: [Project 1-111] Unisim Transformation Summary:
No Unisim elements were transformed.

Synth Design complete | Checksum: 93a20f80
INFO: [Common 17-83] Releasing license: Synthesis
316 Infos, 6 Warnings, 0 Critical Warnings and 0 Errors encountered.
synth_design completed successfully
synth_design: Time (s): cpu = 00:02:32 ; elapsed = 00:02:32 . Memory (MB): peak = 3294.402 ; gain = 1980.086 ; free physical = 47375 ; free virtual = 55387
INFO: [Common 17-2834] synth_design peak Physical Memory [PSS] (MB): overall = 7879.062; main = 2426.869; forked = 5561.974
INFO: [Common 17-2834] synth_design peak Virtual Memory [VSS] (MB): overall = 12936.039; main = 3294.406; forked = 9689.656
INFO: [Common 17-1381] The checkpoint '/home/cansu/project_32768/project_32768.runs/Top_multi_cores_top_0_0_synth_1/Top_multi_cores_top_0_0.dcp' has been generated.
write_checkpoint: Time (s): cpu = 00:00:10 ; elapsed = 00:00:05 . Memory (MB): peak = 3366.438 ; gain = 72.035 ; free physical = 47333 ; free virtual = 55368
INFO: [Coretcl 2-1648] Added synthesis output to IP cache for IP Top_multi_cores_top_0_0, cache-ID = 82a4eb558c4ec802
INFO: [Coretcl 2-1174] Renamed 833 cell refs.
INFO: [Common 17-1381] The checkpoint '/home/cansu/project_32768/project_32768.runs/Top_multi_cores_top_0_0_synth_1/Top_multi_cores_top_0_0.dcp' has been generated.
write_checkpoint: Time (s): cpu = 00:00:10 ; elapsed = 00:00:05 . Memory (MB): peak = 3366.438 ; gain = 0.000 ; free physical = 47184 ; free virtual = 55370
INFO: [runtcl-4] Executing : report_utilization -file Top_multi_cores_top_0_0_utilization_synth.rpt -pb Top_multi_cores_top_0_0_utilization_synth.pb
INFO: [Common 17-206] Exiting Vivado at Wed Jan 14 22:48:20 2026...
